L7_LOW_N20 W=   10,000 cfg  0: M_norm=0.265474(0.015141) M_raw=0.058866(0.003378) nf=0
L7_LOW_N20 W=   10,000 cfg  1: M_norm=0.035719(0.005845) M_raw=0.029394(0.004872) nf=0
L7_LOW_N20 W=   10,000 cfg  2: M_norm=0.309388(0.010684) M_raw=0.270502(0.008284) nf=0
L7_LOW_N20 W=   10,000 cfg  3: M_norm=0.123170(0.008022) M_raw=0.084346(0.009859) nf=0
L7_LOW_N20 W=   10,000 cfg  4: M_norm=0.397708(0.010371) M_raw=0.118973(0.003458) nf=0
L7_LOW_N20 W=   10,000 cfg  5: M_norm=0.143660(0.010287) M_raw=0.096794(0.007052) nf=0
L7_LOW_N20 W=   10,000 cfg  6: M_norm=0.459389(0.015468) M_raw=0.063920(0.003329) nf=0
L7_LOW_N20 W=   10,000 cfg  7: M_norm=0.159534(0.004390) M_raw=0.040686(0.001953) nf=0
L7_LOW_N20 W=   10,000 cfg  8: M_norm=0.311715(0.013765) M_raw=0.065602(0.003267) nf=0
L7_LOW_N20 W=   10,000 cfg  9: M_norm=0.091108(0.008101) M_raw=0.016974(0.000820) nf=0
L7_LOW_N20 W=   10,000 cfg 10: M_norm=0.156211(0.008190) M_raw=0.093962(0.007475) nf=0
L7_LOW_N20 W=   10,000 cfg 11: M_norm=0.118899(0.004873) M_raw=0.082562(0.004504) nf=0
L7_LOW_N20 W=   10,000 cfg 12: M_norm=0.169249(0.007357) M_raw=0.146297(0.005859) nf=0
L7_LOW_N20 W=   10,000 cfg 13: M_norm=0.167407(0.004889) M_raw=0.144559(0.004853) nf=0
L7_LOW_N20 W=   10,000 cfg 14: M_norm=0.324271(0.008632) M_raw=0.318923(0.011565) nf=0
L7_LOW_N20 W=   10,000 cfg 15: M_norm=0.185159(0.005607) M_raw=0.159178(0.004673) nf=0
--- L7_LOW_N20 W=10,000 done in 95s ---
L7_LOW_N20 W=  100,000 cfg  0: M_norm=0.250610(0.009249) M_raw=0.055085(0.002033) nf=0
L7_LOW_N20 W=  100,000 cfg  1: M_norm=0.015196(0.001303) M_raw=0.012576(0.001461) nf=0
L7_LOW_N20 W=  100,000 cfg  2: M_norm=0.306096(0.001976) M_raw=0.272628(0.002178) nf=0
L7_LOW_N20 W=  100,000 cfg  3: M_norm=0.122259(0.002694) M_raw=0.084972(0.002141) nf=0
L7_LOW_N20 W=  100,000 cfg  4: M_norm=0.395171(0.006143) M_raw=0.119648(0.001998) nf=0
L7_LOW_N20 W=  100,000 cfg  5: M_norm=0.142557(0.003665) M_raw=0.097384(0.002498) nf=0
L7_LOW_N20 W=  100,000 cfg  6: M_norm=0.449234(0.003937) M_raw=0.062534(0.000792) nf=0
L7_LOW_N20 W=  100,000 cfg  7: M_norm=0.159914(0.002174) M_raw=0.039356(0.000885) nf=0
L7_LOW_N20 W=  100,000 cfg  8: M_norm=0.294354(0.003123) M_raw=0.062924(0.000636) nf=0
L7_LOW_N20 W=  100,000 cfg  9: M_norm=0.071976(0.003497) M_raw=0.012213(0.001020) nf=0
L7_LOW_N20 W=  100,000 cfg 10: M_norm=0.148008(0.002266) M_raw=0.089325(0.001766) nf=0
L7_LOW_N20 W=  100,000 cfg 11: M_norm=0.121972(0.002148) M_raw=0.084167(0.001490) nf=0
L7_LOW_N20 W=  100,000 cfg 12: M_norm=0.172449(0.001893) M_raw=0.149421(0.001398) nf=0
L7_LOW_N20 W=  100,000 cfg 13: M_norm=0.163079(0.003747) M_raw=0.139037(0.003133) nf=0
L7_LOW_N20 W=  100,000 cfg 14: M_norm=0.321668(0.002213) M_raw=0.316097(0.002635) nf=0
L7_LOW_N20 W=  100,000 cfg 15: M_norm=0.178638(0.003400) M_raw=0.154503(0.002698) nf=0
--- L7_LOW_N20 W=100,000 done in 102s ---
L7_LOW_N20 W=1,000,000 cfg  0: M_norm=0.257319(0.001938) M_raw=0.056416(0.000430) nf=0
L7_LOW_N20 W=1,000,000 cfg  1: M_norm=0.015076(0.000489) M_raw=0.010610(0.000476) nf=0
L7_LOW_N20 W=1,000,000 cfg  2: M_norm=0.303958(0.000863) M_raw=0.271753(0.001036) nf=0
L7_LOW_N20 W=1,000,000 cfg  3: M_norm=0.122579(0.001115) M_raw=0.085097(0.001135) nf=0
L7_LOW_N20 W=1,000,000 cfg  4: M_norm=0.395614(0.001501) M_raw=0.118887(0.000503) nf=0
L7_LOW_N20 W=1,000,000 cfg  5: M_norm=0.142722(0.001134) M_raw=0.097496(0.000748) nf=0
L7_LOW_N20 W=1,000,000 cfg  6: M_norm=0.454802(0.001108) M_raw=0.063567(0.000200) nf=0
L7_LOW_N20 W=1,000,000 cfg  7: M_norm=0.163755(0.000551) M_raw=0.041492(0.000176) nf=0
L7_LOW_N20 W=1,000,000 cfg  8: M_norm=0.297128(0.001307) M_raw=0.063646(0.000183) nf=0
L7_LOW_N20 W=1,000,000 cfg  9: M_norm=0.076583(0.000452) M_raw=0.013655(0.000220) nf=0
L7_LOW_N20 W=1,000,000 cfg 10: M_norm=0.144518(0.000657) M_raw=0.086653(0.000426) nf=0
L7_LOW_N20 W=1,000,000 cfg 11: M_norm=0.122569(0.000410) M_raw=0.084971(0.000524) nf=0
L7_LOW_N20 W=1,000,000 cfg 12: M_norm=0.171127(0.000759) M_raw=0.147710(0.000557) nf=0
L7_LOW_N20 W=1,000,000 cfg 13: M_norm=0.159948(0.001243) M_raw=0.136660(0.000957) nf=0
L7_LOW_N20 W=1,000,000 cfg 14: M_norm=0.320337(0.000741) M_raw=0.313080(0.000578) nf=0
L7_LOW_N20 W=1,000,000 cfg 15: M_norm=0.175613(0.000424) M_raw=0.151270(0.000496) nf=0
--- L7_LOW_N20 W=1,000,000 done in 921s ---
