L7_MID_N25 W=   10,000 cfg  0: M_norm=1.271615(0.408706) M_raw=0.062685(0.014010) nf=0
L7_MID_N25 W=   10,000 cfg  1: M_norm=0.211498(0.010252) M_raw=0.054621(0.003708) nf=0
L7_MID_N25 W=   10,000 cfg  2: M_norm=0.105111(0.020916) M_raw=0.030858(0.004036) nf=0
L7_MID_N25 W=   10,000 cfg  3: M_norm=0.184163(0.011703) M_raw=0.045300(0.003186) nf=0
L7_MID_N25 W=   10,000 cfg  4: M_norm=0.129310(0.026064) M_raw=0.031529(0.004642) nf=0
L7_MID_N25 W=   10,000 cfg  5: M_norm=0.032881(0.003943) M_raw=0.028446(0.004526) nf=0
L7_MID_N25 W=   10,000 cfg  6: M_norm=0.299414(0.035008) M_raw=0.236086(0.021847) nf=0
L7_MID_N25 W=   10,000 cfg  7: M_norm=0.203417(0.007147) M_raw=0.158707(0.006561) nf=0
L7_MID_N25 W=   10,000 cfg  8: M_norm=0.376025(0.070390) M_raw=0.047113(0.010176) nf=0
L7_MID_N25 W=   10,000 cfg  9: M_norm=0.368290(0.043208) M_raw=0.150928(0.020806) nf=0
L7_MID_N25 W=   10,000 cfg 10: M_norm=0.281902(0.011131) M_raw=0.237031(0.009819) nf=0
L7_MID_N25 W=   10,000 cfg 11: M_norm=0.154299(0.022366) M_raw=0.050310(0.007313) nf=0
L7_MID_N25 W=   10,000 cfg 12: M_norm=0.211152(0.012668) M_raw=0.054535(0.002799) nf=0
L7_MID_N25 W=   10,000 cfg 13: M_norm=0.127223(0.016438) M_raw=0.057160(0.008342) nf=0
L7_MID_N25 W=   10,000 cfg 14: M_norm=0.277765(0.028724) M_raw=0.017746(0.002141) nf=0
L7_MID_N25 W=   10,000 cfg 15: M_norm=0.188465(0.040174) M_raw=0.044624(0.008711) nf=0
--- L7_MID_N25 W=10,000 done in 99s ---
L7_MID_N25 W=  100,000 cfg  0: M_norm=0.108612(0.017030) M_raw=0.010487(0.001447) nf=0
L7_MID_N25 W=  100,000 cfg  1: M_norm=0.211242(0.002469) M_raw=0.055371(0.001336) nf=0
L7_MID_N25 W=  100,000 cfg  2: M_norm=0.115841(0.006849) M_raw=0.028624(0.001771) nf=0
L7_MID_N25 W=  100,000 cfg  3: M_norm=0.160458(0.002857) M_raw=0.037576(0.001191) nf=0
L7_MID_N25 W=  100,000 cfg  4: M_norm=0.088157(0.003690) M_raw=0.018828(0.001206) nf=0
L7_MID_N25 W=  100,000 cfg  5: M_norm=0.025218(0.001498) M_raw=0.015184(0.001029) nf=0
L7_MID_N25 W=  100,000 cfg  6: M_norm=0.281713(0.003615) M_raw=0.228564(0.003210) nf=0
L7_MID_N25 W=  100,000 cfg  7: M_norm=0.186453(0.002852) M_raw=0.143078(0.002473) nf=0
L7_MID_N25 W=  100,000 cfg  8: M_norm=0.105175(0.013587) M_raw=0.017469(0.002722) nf=0
L7_MID_N25 W=  100,000 cfg  9: M_norm=0.041547(0.006108) M_raw=0.018272(0.002228) nf=0
L7_MID_N25 W=  100,000 cfg 10: M_norm=0.282339(0.002771) M_raw=0.235433(0.002454) nf=0
L7_MID_N25 W=  100,000 cfg 11: M_norm=0.093214(0.003479) M_raw=0.031297(0.001171) nf=0
L7_MID_N25 W=  100,000 cfg 12: M_norm=0.205412(0.005261) M_raw=0.052497(0.001569) nf=0
L7_MID_N25 W=  100,000 cfg 13: M_norm=0.138044(0.003557) M_raw=0.057836(0.001924) nf=0
L7_MID_N25 W=  100,000 cfg 14: M_norm=0.227263(0.008156) M_raw=0.014633(0.000521) nf=0
L7_MID_N25 W=  100,000 cfg 15: M_norm=0.177434(0.003778) M_raw=0.033232(0.000748) nf=0
--- L7_MID_N25 W=100,000 done in 105s ---
