L=3 N=5 c=0 W=   500: exact=0.333345 mc=0.312540 err=-0.020805 se=0.017282 z=-1.20 t=0.1s
L=3 N=5 c=0 W=  2000: exact=0.333345 mc=0.339659 err=+0.006313 se=0.010069 z=+0.63 t=0.2s
L=3 N=5 c=0 W= 10000: exact=0.333345 mc=0.336500 err=+0.003155 se=0.003699 z=+0.85 t=1.0s
L=3 N=5 c=1 W=   500: exact=0.275033 mc=0.315298 err=+0.040265 se=0.032987 z=+1.22 t=0.1s
L=3 N=5 c=1 W=  2000: exact=0.275033 mc=0.275384 err=+0.000351 se=0.013884 z=+0.03 t=0.2s
L=3 N=5 c=1 W= 10000: exact=0.275033 mc=0.286476 err=+0.011442 se=0.004771 z=+2.40 t=1.1s
L=3 N=5 c=2 W=   500: exact=0.277999 mc=0.288250 err=+0.010251 se=0.031522 z=+0.33 t=0.1s
L=3 N=5 c=2 W=  2000: exact=0.277999 mc=0.266219 err=-0.011780 se=0.013097 z=-0.90 t=0.2s
L=3 N=5 c=2 W= 10000: exact=0.277999 mc=0.273031 err=-0.004967 se=0.005078 z=-0.98 t=1.0s
L=3 N=5 c=3 W=   500: exact=0.023488 mc=0.077445 err=+0.053957 se=0.013462 z=+4.01 t=0.1s
L=3 N=5 c=3 W=  2000: exact=0.023488 mc=0.034844 err=+0.011356 se=0.007479 z=+1.52 t=0.2s
L=3 N=5 c=3 W= 10000: exact=0.023488 mc=0.026847 err=+0.003358 se=0.005040 z=+0.67 t=1.0s
L=5 N=8 c=0 W=   500: exact=0.264162 mc=0.293571 err=+0.029409 se=0.021694 z=+1.36 t=0.3s
L=5 N=8 c=0 W=  2000: exact=0.264162 mc=0.263936 err=-0.000226 se=0.009033 z=-0.03 t=0.8s
L=5 N=8 c=0 W= 10000: exact=0.264162 mc=0.259018 err=-0.005144 se=0.006393 z=-0.80 t=4.0s
L=5 N=8 c=1 W=   500: exact=0.232155 mc=0.177377 err=-0.054778 se=0.043351 z=-1.26 t=0.3s
L=5 N=8 c=1 W=  2000: exact=0.232155 mc=0.254517 err=+0.022362 se=0.017811 z=+1.26 t=0.8s
L=5 N=8 c=1 W= 10000: exact=0.232155 mc=0.246914 err=+0.014758 se=0.009761 z=+1.51 t=4.0s
L=5 N=8 c=2 W=   500: exact=0.194128 mc=0.192715 err=-0.001413 se=0.026485 z=-0.05 t=0.3s
L=5 N=8 c=2 W=  2000: exact=0.194128 mc=0.176774 err=-0.017354 se=0.006713 z=-2.59 t=0.8s
L=5 N=8 c=2 W= 10000: exact=0.194128 mc=0.200692 err=+0.006564 se=0.005588 z=+1.17 t=3.9s
L=5 N=8 c=3 W=   500: exact=0.023488 mc=0.092593 err=+0.069105 se=0.015796 z=+4.37 t=0.3s
L=5 N=8 c=3 W=  2000: exact=0.023488 mc=0.035550 err=+0.012061 se=0.004270 z=+2.82 t=0.8s
L=5 N=8 c=3 W= 10000: exact=0.023488 mc=0.032195 err=+0.008706 se=0.005110 z=+1.70 t=3.9s
L=7 N=12 c=0 W=   500: exact=0.170475 mc=0.221793 err=+0.051318 se=0.021554 z=+2.38 t=0.7s
L=7 N=12 c=0 W=  2000: exact=0.170475 mc=0.194731 err=+0.024256 se=0.011477 z=+2.11 t=2.2s
L=7 N=12 c=0 W= 10000: exact=0.170475 mc=0.200134 err=+0.029659 se=0.011462 z=+2.59 t=10.5s
L=7 N=12 c=1 W=   500: exact=0.159999 mc=0.113397 err=-0.046602 se=0.024603 z=-1.89 t=0.7s
L=7 N=12 c=1 W=  2000: exact=0.159999 mc=0.174353 err=+0.014354 se=0.011398 z=+1.26 t=2.2s
L=7 N=12 c=1 W= 10000: exact=0.159999 mc=0.173457 err=+0.013458 se=0.008216 z=+1.64 t=10.3s
L=7 N=12 c=2 W=   500: exact=0.159999 mc=0.203498 err=+0.043499 se=0.034959 z=+1.24 t=0.7s
L=7 N=12 c=2 W=  2000: exact=0.159999 mc=0.169387 err=+0.009388 se=0.017870 z=+0.53 t=2.3s
L=7 N=12 c=2 W= 10000: exact=0.159999 mc=0.150901 err=-0.009098 se=0.008352 z=-1.09 t=10.5s

W=500: median|err|=0.043499 max|err|=0.069105 mean z=+0.95 sd z=2.06 max|z|=4.37

W=2000: median|err|=0.011780 max|err|=0.024256 mean z=+0.60 sd z=1.49 max|z|=2.82

W=10000: median|err|=0.008706 max|err|=0.029659 mean z=+0.88 sd z=1.31 max|z|=2.59

ALL: mean z=+0.812 sd z=1.605 (calibrated SE => mean 0, sd 1); n=33
