start L9_LOW_N32 W=30000 07:42:47
L9_LOW_N32 W=   30,000 cfg  0: M_norm=0.272519(0.015946) M_raw=0.197313(0.009050) nf=0
L9_LOW_N32 W=   30,000 cfg  1: M_norm=0.063208(0.009816) M_raw=0.006112(0.000654) nf=0
L9_LOW_N32 W=   30,000 cfg  2: M_norm=0.109103(0.015062) M_raw=0.042294(0.005338) nf=0
L9_LOW_N32 W=   30,000 cfg  3: M_norm=0.040285(0.009685) M_raw=0.013692(0.001883) nf=0
L9_LOW_N32 W=   30,000 cfg  4: M_norm=0.109328(0.006323) M_raw=0.042683(0.002500) nf=0
L9_LOW_N32 W=   30,000 cfg  5: M_norm=0.149157(0.008562) M_raw=0.049497(0.003006) nf=0
L9_LOW_N32 W=   30,000 cfg  6: M_norm=0.170954(0.022366) M_raw=0.016598(0.002087) nf=0
L9_LOW_N32 W=   30,000 cfg  7: M_norm=0.046159(0.012395) M_raw=0.038103(0.007554) nf=0
L9_LOW_N32 W=   30,000 cfg  8: M_norm=0.092747(0.013574) M_raw=0.016946(0.002725) nf=0
L9_LOW_N32 W=   30,000 cfg  9: M_norm=0.216074(0.010330) M_raw=0.134423(0.006260) nf=0
L9_LOW_N32 W=   30,000 cfg 10: M_norm=0.084057(0.013722) M_raw=0.006862(0.000839) nf=0
L9_LOW_N32 W=   30,000 cfg 11: M_norm=0.303770(0.012515) M_raw=0.024387(0.001350) nf=0
L9_LOW_N32 W=   30,000 cfg 12: M_norm=0.056880(0.011908) M_raw=0.027501(0.005483) nf=0
L9_LOW_N32 W=   30,000 cfg 13: M_norm=0.276851(0.051459) M_raw=0.026040(0.004642) nf=0
L9_LOW_N32 W=   30,000 cfg 14: M_norm=0.387765(0.008821) M_raw=0.118193(0.002353) nf=0
L9_LOW_N32 W=   30,000 cfg 15: M_norm=0.115549(0.004502) M_raw=0.074834(0.003034) nf=0
--- L9_LOW_N32 W=30,000 done in 197s ---
done L9_LOW_N32 W=30000 07:46:04
start L7_HIGH_N31 W=30000 07:46:04
L7_HIGH_N31 W=   30,000 cfg  0: M_norm=0.214194(0.010364) M_raw=0.053244(0.002038) nf=0
L7_HIGH_N31 W=   30,000 cfg  1: M_norm=0.343121(0.020595) M_raw=0.054636(0.003401) nf=0
L7_HIGH_N31 W=   30,000 cfg  2: M_norm=0.273431(0.048809) M_raw=0.082766(0.011232) nf=0
L7_HIGH_N31 W=   30,000 cfg  3: M_norm=0.066373(0.012317) M_raw=0.033996(0.008528) nf=0
L7_HIGH_N31 W=   30,000 cfg  4: M_norm=0.268796(0.075478) M_raw=0.244820(0.042848) nf=0
L7_HIGH_N31 W=   30,000 cfg  5: M_norm=0.090615(0.006484) M_raw=0.017084(0.001093) nf=0
L7_HIGH_N31 W=   30,000 cfg  6: M_norm=0.061927(0.007208) M_raw=0.008397(0.001113) nf=0
L7_HIGH_N31 W=   30,000 cfg  7: M_norm=0.333223(0.016562) M_raw=0.052786(0.002466) nf=0
L7_HIGH_N31 W=   30,000 cfg  8: M_norm=0.096518(0.012499) M_raw=0.029411(0.003345) nf=0
L7_HIGH_N31 W=   30,000 cfg  9: M_norm=0.628426(0.085551) M_raw=0.143421(0.026226) nf=0
L7_HIGH_N31 W=   30,000 cfg 10: M_norm=0.180653(0.016260) M_raw=0.103789(0.009685) nf=0
L7_HIGH_N31 W=   30,000 cfg 11: M_norm=0.257662(0.024424) M_raw=0.204832(0.018727) nf=0
L7_HIGH_N31 W=   30,000 cfg 12: M_norm=0.354562(0.022058) M_raw=0.017710(0.001228) nf=0
L7_HIGH_N31 W=   30,000 cfg 13: M_norm=4.753032(3.577683) M_raw=0.206401(0.018987) nf=0
L7_HIGH_N31 W=   30,000 cfg 14: M_norm=3.089458(2.690773) M_raw=0.032711(0.009878) nf=1
L7_HIGH_N31 W=   30,000 cfg 15: M_norm=0.199025(0.019145) M_raw=0.041518(0.003801) nf=0
--- L7_HIGH_N31 W=30,000 done in 102s ---
done L7_HIGH_N31 W=30000 07:47:47
start L9_LOW_N32 W=300000 07:47:47
L9_LOW_N32 W=  300,000 cfg  0: M_norm=0.246394(0.002610) M_raw=0.184366(0.002385) nf=0
L9_LOW_N32 W=  300,000 cfg  1: M_norm=0.016095(0.002872) M_raw=0.001485(0.000150) nf=0
L9_LOW_N32 W=  300,000 cfg  2: M_norm=0.066027(0.003149) M_raw=0.021519(0.000992) nf=0
L9_LOW_N32 W=  300,000 cfg  3: M_norm=0.032034(0.002599) M_raw=0.008201(0.000682) nf=0
L9_LOW_N32 W=  300,000 cfg  4: M_norm=0.108179(0.001525) M_raw=0.041482(0.000516) nf=0
L9_LOW_N32 W=  300,000 cfg  5: M_norm=0.151256(0.002433) M_raw=0.043419(0.000537) nf=0
L9_LOW_N32 W=  300,000 cfg  6: M_norm=0.159182(0.007221) M_raw=0.014268(0.000629) nf=0
L9_LOW_N32 W=  300,000 cfg  7: M_norm=0.050358(0.002578) M_raw=0.033662(0.001861) nf=0
L9_LOW_N32 W=  300,000 cfg  8: M_norm=0.088991(0.003724) M_raw=0.015632(0.000918) nf=0
L9_LOW_N32 W=  300,000 cfg  9: M_norm=0.206196(0.002217) M_raw=0.127686(0.001343) nf=0
L9_LOW_N32 W=  300,000 cfg 10: M_norm=0.069259(0.002209) M_raw=0.004925(0.000260) nf=0
L9_LOW_N32 W=  300,000 cfg 11: M_norm=0.286693(0.003929) M_raw=0.022780(0.000368) nf=0
L9_LOW_N32 W=  300,000 cfg 12: M_norm=0.052418(0.002302) M_raw=0.022783(0.001379) nf=0
L9_LOW_N32 W=  300,000 cfg 13: M_norm=0.169606(0.005779) M_raw=0.015552(0.000771) nf=0
L9_LOW_N32 W=  300,000 cfg 14: M_norm=0.375400(0.002395) M_raw=0.114072(0.000661) nf=0
L9_LOW_N32 W=  300,000 cfg 15: M_norm=0.117617(0.001152) M_raw=0.080594(0.001182) nf=0
--- L9_LOW_N32 W=300,000 done in 492s ---
done L9_LOW_N32 W=300000 07:56:00
start L7_HIGH_N31 W=300000 07:56:00
L7_HIGH_N31 W=  300,000 cfg  0: M_norm=0.208705(0.002787) M_raw=0.051648(0.001016) nf=0
L7_HIGH_N31 W=  300,000 cfg  1: M_norm=0.328687(0.005086) M_raw=0.051153(0.000737) nf=0
L7_HIGH_N31 W=  300,000 cfg  2: M_norm=0.040842(0.006359) M_raw=0.011894(0.001875) nf=0
L7_HIGH_N31 W=  300,000 cfg  3: M_norm=0.031409(0.002952) M_raw=0.012423(0.001236) nf=0
L7_HIGH_N31 W=  300,000 cfg  4: M_norm=0.274302(0.005404) M_raw=0.223235(0.003379) nf=0
L7_HIGH_N31 W=  300,000 cfg  5: M_norm=0.084499(0.002603) M_raw=0.014868(0.000500) nf=0
L7_HIGH_N31 W=  300,000 cfg  6: M_norm=0.055224(0.001516) M_raw=0.006935(0.000326) nf=0
L7_HIGH_N31 W=  300,000 cfg  7: M_norm=0.332753(0.004189) M_raw=0.052565(0.000579) nf=0
L7_HIGH_N31 W=  300,000 cfg  8: M_norm=0.018739(0.003033) M_raw=0.006499(0.001114) nf=0
L7_HIGH_N31 W=  300,000 cfg  9: M_norm=0.135337(0.019466) M_raw=0.026455(0.004008) nf=0
L7_HIGH_N31 W=  300,000 cfg 10: M_norm=0.203542(0.004207) M_raw=0.113347(0.001929) nf=0
L7_HIGH_N31 W=  300,000 cfg 11: M_norm=0.215702(0.003375) M_raw=0.161140(0.002740) nf=0
L7_HIGH_N31 W=  300,000 cfg 12: M_norm=0.313851(0.005221) M_raw=0.016076(0.000333) nf=0
L7_HIGH_N31 W=  300,000 cfg 13: M_norm=0.150366(0.014784) M_raw=0.058221(0.005332) nf=0
L7_HIGH_N31 W=  300,000 cfg 14: M_norm=0.210689(0.069898) M_raw=0.007611(0.001443) nf=0
L7_HIGH_N31 W=  300,000 cfg 15: M_norm=0.204110(0.004555) M_raw=0.039764(0.001032) nf=0
--- L7_HIGH_N31 W=300,000 done in 233s ---
done L7_HIGH_N31 W=300000 07:59:54
start L9_LOW_N32 W=1000000 07:59:54
L9_LOW_N32 W=1,000,000 cfg  0: M_norm=0.247686(0.002005) M_raw=0.185254(0.001718) nf=0
L9_LOW_N32 W=1,000,000 cfg  1: M_norm=0.013627(0.001203) M_raw=0.001203(0.000104) nf=0
L9_LOW_N32 W=1,000,000 cfg  2: M_norm=0.072021(0.000969) M_raw=0.023899(0.000542) nf=0
L9_LOW_N32 W=1,000,000 cfg  3: M_norm=0.028405(0.001537) M_raw=0.007205(0.000384) nf=0
L9_LOW_N32 W=1,000,000 cfg  4: M_norm=0.110677(0.000899) M_raw=0.042573(0.000355) nf=0
L9_LOW_N32 W=1,000,000 cfg  5: M_norm=0.153085(0.001512) M_raw=0.044665(0.000564) nf=0
L9_LOW_N32 W=1,000,000 cfg  6: M_norm=0.165831(0.003676) M_raw=0.014798(0.000353) nf=0
L9_LOW_N32 W=1,000,000 cfg  7: M_norm=0.051053(0.002087) M_raw=0.034666(0.001322) nf=0
L9_LOW_N32 W=1,000,000 cfg  8: M_norm=0.085223(0.001781) M_raw=0.014813(0.000368) nf=0
L9_LOW_N32 W=1,000,000 cfg  9: M_norm=0.204955(0.001247) M_raw=0.126832(0.000803) nf=0
L9_LOW_N32 W=1,000,000 cfg 10: M_norm=0.069876(0.000999) M_raw=0.004794(0.000136) nf=0
L9_LOW_N32 W=1,000,000 cfg 11: M_norm=0.296409(0.001708) M_raw=0.023704(0.000159) nf=0
L9_LOW_N32 W=1,000,000 cfg 12: M_norm=0.056547(0.001819) M_raw=0.024049(0.001096) nf=0
L9_LOW_N32 W=1,000,000 cfg 13: M_norm=0.157853(0.002844) M_raw=0.014487(0.000290) nf=0
L9_LOW_N32 W=1,000,000 cfg 14: M_norm=0.375181(0.001491) M_raw=0.114195(0.000538) nf=0
L9_LOW_N32 W=1,000,000 cfg 15: M_norm=0.114426(0.000813) M_raw=0.079512(0.001283) nf=0
--- L9_LOW_N32 W=1,000,000 done in 2076s ---
done L9_LOW_N32 W=1000000 08:34:30
WLADDER-COMPLETE
