=== C1 FERRO: the whole-only bulge fed by a decaying pair habit ===
   t(us)    truth     sim mean +- sd      pred-from-kappa mean
      0.0   0.00000   0.00005 +- 0.00019     0.00017
      6.4   0.01938   0.01945 +- 0.00288     0.01923
     12.7   0.03174   0.03193 +- 0.00316     0.03154
     20.6   0.04085   0.04083 +- 0.00331     0.04067
     29.2   0.04555   0.04600 +- 0.00339     0.04549
     37.5   0.04670   0.04651 +- 0.00375     0.04670
     49.5   0.04492   0.04538 +- 0.00346     0.04492
     65.6   0.03935   0.03949 +- 0.00320     0.03933
     88.1   0.03006   0.03013 +- 0.00298     0.03006
    120.0   0.01879   0.01911 +- 0.00220     0.01881
    168.8   0.00823   0.00838 +- 0.00144     0.00822
    243.8   0.00200   0.00206 +- 0.00079     0.00200

  K-CURVE chi2 (dof 12, ZERO free parameters): mean 12.22  p99 32.21  p999 44.89
  K-PEAK location: mode 37.5 us; distribution {20.6: 10, 29.2: 78, 37.5: 100, 49.5: 60, 65.6: 2}
  K-PEAK height: 0.04907 +- 0.00286  [p005 0.04334, p995 0.05685]
  K-PAIRMULT cov/(kappa_i kappa_j cov0) : mean 1.0003  sd 0.0412  [p005 0.8315, p995 1.1763]

=== C3 PARITY: the pair sector must stay at EXACTLY zero ===
  t=    0.0  share  0.68518  max pair MI 1.297e-04 (p99 5.485e-04)
  t=   11.3  share  0.43049  max pair MI 1.440e-04 (p99 5.251e-04)
  t=   32.3  share  0.22857  max pair MI 1.298e-04 (p99 5.068e-04)
  t=   64.6  share  0.09907  max pair MI 1.249e-04 (p99 4.075e-04)
  t=  106.6  share  0.03706  max pair MI 1.227e-04 (p99 4.260e-04)
  t=  161.5  share  0.01101  max pair MI 1.330e-04 (p99 5.290e-04)
  K-PAIRZERO threshold (max over arm, p999): 9.400e-04

=== C4/C5 the background-free nulls ===
  product/Z: mean 5.912e-05  p99 3.479e-04  p999 5.408e-04
  plus/X: mean 1.356e-04  p99 8.854e-04  p999 1.700e-03

saved qpu_sector_bands.json
