==============================================================================
GAUGE N1 -- out-of-sample Dobrushin mixing bound; can the ruler FIRE?
geometry matched to Basic: 174 chains x 3700 timesteps -> 87 TRAIN / 87 TEST chains
==============================================================================

PASS-A source: doubly stochastic 8-state kernel, true Dobrushin alpha = 0.650000

------------------------------------------------------------------------------
PASS-A: chains=174 timesteps=3700
PASS-A: FROZEN velocity-quartile thresholds (TRAIN chains only): -1.413334  0.581126  1.499044
PASS-A: state recovery through the emission layer = 0.998417210
PASS-A SPLIT: TRAIN chains=87 timesteps=3700  |  TEST chains=87 timesteps=3700
[PASS-A TRAIN] lag-1 empirical kernel (rows = state, 8x8):
[[0.1271 0.0715 0.1024 0.1147 0.0425 0.2205 0.2655 0.0558]
 [0.1484 0.0472 0.1167 0.1599 0.0787 0.0231 0.3139 0.1122]
 [0.0775 0.1643 0.1918 0.1273 0.2008 0.1237 0.0403 0.0743]
 [0.0955 0.2409 0.0731 0.0757 0.2128 0.1669 0.0401 0.0949]
 [0.1255 0.2329 0.0373 0.0811 0.0795 0.2072 0.1783 0.0581]
 [0.1165 0.0506 0.1385 0.0877 0.0409 0.0405 0.0917 0.4334]
 [0.0252 0.1568 0.0776 0.3096 0.0774 0.1891 0.024  0.1402]
 [0.2854 0.0373 0.2721 0.0439 0.2634 0.0292 0.0343 0.0345]]
[PASS-A TRAIN] alpha_hat_train (Dobrushin coeff of lag-1 kernel) = 0.650801
[PASS-A TRAIN] attained by state pair (6,7) at TV=0.650801; 0 of 28 row pairs sit at TV = 1 (disjoint one-step support)
[PASS-A TRAIN] m=2: defect=0.071437  alpha^m=0.423542  sigma_chainboot=0.003517  bound=0.434093  (24.2s)
[PASS-A TRAIN] m=2: POSABILITY(a) chain-bootstrap defect range min=0.061410 p2.5=0.065225 p50=0.071850 p97.5=0.078601 max=0.084331  spread=0.022921
[PASS-A TRAIN] m=2: POSABILITY(b) same-bit state pairs clearing the >=20-sample guard: 12/12 = 1.000   state counts=[40308, 40244, 40669, 40136, 40119, 40184, 39767, 40299]
[PASS-A TRAIN] m=2: headroom = 1.0 - bound = 0.565907 (the defect must reach 0.434093 to fire; ceiling is 1.0)
[PASS-A TRAIN] m=4: defect=0.005553  alpha^m=0.179388  sigma_chainboot=0.002639  bound=0.187305  (23.9s)
[PASS-A TRAIN] m=4: POSABILITY(a) chain-bootstrap defect range min=0.001757 p2.5=0.004853 p50=0.009090 p97.5=0.015321 max=0.017144  spread=0.015388
[PASS-A TRAIN] m=4: POSABILITY(b) same-bit state pairs clearing the >=20-sample guard: 12/12 = 1.000   state counts=[40277, 40221, 40643, 40120, 40101, 40166, 39747, 40277]
[PASS-A TRAIN] m=4: headroom = 1.0 - bound = 0.812695 (the defect must reach 0.187305 to fire; ceiling is 1.0)
[PASS-A TRAIN] m=8: defect=0.008487  alpha^m=0.032180  sigma_chainboot=0.002736  bound=0.040388  (24.6s)
[PASS-A TRAIN] m=8: POSABILITY(a) chain-bootstrap defect range min=0.003279 p2.5=0.005402 p50=0.009824 p97.5=0.015732 max=0.020580  spread=0.017301
[PASS-A TRAIN] m=8: POSABILITY(b) same-bit state pairs clearing the >=20-sample guard: 12/12 = 1.000   state counts=[40228, 40178, 40598, 40079, 40067, 40123, 39695, 40236]
[PASS-A TRAIN] m=8: headroom = 1.0 - bound = 0.959612 (the defect must reach 0.040388 to fire; ceiling is 1.0)
UNBLIND=1 -- running the staked TEST side
[PASS-A TEST] m=2: defect_test=0.069796  bound(frozen train)=0.434093  margin=-0.364297  pairs_ok=12/12  sigma_test(diagnostic)=0.003435  PASS
[PASS-A TEST] m=4: defect_test=0.010317  bound(frozen train)=0.187305  margin=-0.176988  pairs_ok=12/12  sigma_test(diagnostic)=0.002579  PASS
[PASS-A TEST] m=8: defect_test=0.005221  bound(frozen train)=0.040388  margin=-0.035166  pairs_ok=12/12  sigma_test(diagnostic)=0.002663  PASS

PASS-B source (secondary probe): doubly stochastic 8-state kernel, true Dobrushin alpha = 0.500000

------------------------------------------------------------------------------
PASS-B: chains=174 timesteps=3700
PASS-B: FROZEN velocity-quartile thresholds (TRAIN chains only): -1.420162  -0.549805  2.596173
PASS-B: state recovery through the emission layer = 0.998131407
PASS-B SPLIT: TRAIN chains=87 timesteps=3700  |  TEST chains=87 timesteps=3700
[PASS-B TRAIN] lag-1 empirical kernel (rows = state, 8x8):
[[0.1597 0.1192 0.162  0.1085 0.084  0.1004 0.1262 0.1401]
 [0.078  0.3543 0.0415 0.1217 0.17   0.0662 0.1107 0.0576]
 [0.0642 0.1214 0.2042 0.1046 0.0428 0.2129 0.1823 0.0675]
 [0.0399 0.1665 0.0418 0.0754 0.1162 0.0876 0.2994 0.1733]
 [0.0688 0.0569 0.2235 0.0797 0.3045 0.1536 0.0333 0.0797]
 [0.1283 0.0627 0.0415 0.2672 0.0998 0.0601 0.069  0.2714]
 [0.3497 0.0445 0.1598 0.0281 0.1176 0.1462 0.1238 0.0302]
 [0.1112 0.0812 0.1279 0.2174 0.0659 0.163  0.0524 0.1809]]
[PASS-B TRAIN] alpha_hat_train (Dobrushin coeff of lag-1 kernel) = 0.498465
[PASS-B TRAIN] attained by state pair (5,6) at TV=0.498465; 0 of 28 row pairs sit at TV = 1 (disjoint one-step support)
[PASS-B TRAIN] m=2: defect=0.045120  alpha^m=0.248467  sigma_chainboot=0.002848  bound=0.257010  (24.8s)
[PASS-B TRAIN] m=2: POSABILITY(a) chain-bootstrap defect range min=0.034849 p2.5=0.039851 p50=0.045393 p97.5=0.050391 max=0.052708  spread=0.017859
[PASS-B TRAIN] m=2: POSABILITY(b) same-bit state pairs clearing the >=20-sample guard: 12/12 = 1.000   state counts=[40159, 40609, 40304, 40261, 40278, 39820, 40123, 40172]
[PASS-B TRAIN] m=2: headroom = 1.0 - bound = 0.742990 (the defect must reach 0.257010 to fire; ceiling is 1.0)
[PASS-B TRAIN] m=4: defect=0.006571  alpha^m=0.061736  sigma_chainboot=0.002476  bound=0.069163  (23.9s)
[PASS-B TRAIN] m=4: POSABILITY(a) chain-bootstrap defect range min=0.002045 p2.5=0.004431 p50=0.008603 p97.5=0.014201 max=0.016088  spread=0.014043
[PASS-B TRAIN] m=4: POSABILITY(b) same-bit state pairs clearing the >=20-sample guard: 12/12 = 1.000   state counts=[40145, 40582, 40289, 40235, 40252, 39796, 40102, 40151]
[PASS-B TRAIN] m=4: headroom = 1.0 - bound = 0.930837 (the defect must reach 0.069163 to fire; ceiling is 1.0)
[PASS-B TRAIN] m=8: defect=0.003973  alpha^m=0.003811  sigma_chainboot=0.002245  bound=0.010548  (24.6s)
[PASS-B TRAIN] m=8: POSABILITY(a) chain-bootstrap defect range min=0.002025 p2.5=0.003483 p50=0.007302 p97.5=0.012385 max=0.013979  spread=0.011954
[PASS-B TRAIN] m=8: POSABILITY(b) same-bit state pairs clearing the >=20-sample guard: 12/12 = 1.000   state counts=[40101, 40530, 40262, 40186, 40202, 39753, 40067, 40103]
[PASS-B TRAIN] m=8: headroom = 1.0 - bound = 0.989452 (the defect must reach 0.010548 to fire; ceiling is 1.0)
UNBLIND=1 -- running the staked TEST side
[PASS-B TEST] m=2: defect_test=0.042234  bound(frozen train)=0.257010  margin=-0.214776  pairs_ok=12/12  sigma_test(diagnostic)=0.003189  PASS
[PASS-B TEST] m=4: defect_test=0.005714  bound(frozen train)=0.069163  margin=-0.063449  pairs_ok=12/12  sigma_test(diagnostic)=0.002349  PASS
[PASS-B TEST] m=8: defect_test=0.006056  bound(frozen train)=0.010548  margin=-0.004492  pairs_ok=12/12  sigma_test(diagnostic)=0.002523  PASS

FIRE source: hidden two-valued regime, p_switch=0.005 (mean dwell 200), phi=0.30 (fiber bias), delta=0.25 (bit bias)

------------------------------------------------------------------------------
FIRE: chains=174 timesteps=3700
FIRE: FROZEN velocity-quartile thresholds (TRAIN chains only): -2.653102  -0.707218  1.349108
FIRE: state recovery through the emission layer = 0.988518173
FIRE SPLIT: TRAIN chains=87 timesteps=3700  |  TEST chains=87 timesteps=3700
[FIRE TRAIN] lag-1 empirical kernel (rows = state, 8x8):
[[0.2756 0.2728 0.0831 0.078  0.0995 0.0974 0.0477 0.0459]
 [0.2745 0.2738 0.083  0.0793 0.0959 0.0981 0.0477 0.0477]
 [0.1496 0.1502 0.0911 0.0879 0.0872 0.0871 0.1725 0.1744]
 [0.1427 0.1423 0.0936 0.0907 0.0832 0.0872 0.1788 0.1814]
 [0.1877 0.183  0.0868 0.0868 0.0888 0.0874 0.1392 0.1403]
 [0.1822 0.1823 0.0877 0.0858 0.0889 0.0886 0.1423 0.1421]
 [0.0483 0.0491 0.0979 0.0993 0.0749 0.077  0.2743 0.2791]
 [0.0472 0.0472 0.0979 0.0999 0.0756 0.0771 0.2757 0.2796]]
[FIRE TRAIN] alpha_hat_train (Dobrushin coeff of lag-1 kernel) = 0.498231
[FIRE TRAIN] attained by state pair (0,7) at TV=0.498231; 0 of 28 row pairs sit at TV = 1 (disjoint one-step support)
[FIRE TRAIN] m=2: defect=0.249323  alpha^m=0.248234  sigma_chainboot=0.004578  bound=0.261969  (23.8s)
[FIRE TRAIN] m=2: POSABILITY(a) chain-bootstrap defect range min=0.237520 p2.5=0.241574 p50=0.249723 p97.5=0.258892 max=0.261465  spread=0.023945
[FIRE TRAIN] m=2: POSABILITY(b) same-bit state pairs clearing the >=20-sample guard: 12/12 = 1.000   state counts=[52524, 52281, 29019, 28510, 27899, 28160, 51411, 51922]
[FIRE TRAIN] m=2: headroom = 1.0 - bound = 0.738031 (the defect must reach 0.261969 to fire; ceiling is 1.0)
[FIRE TRAIN] m=4: defect=0.240022  alpha^m=0.061620  sigma_chainboot=0.004401  bound=0.074823  (24.2s)
[FIRE TRAIN] m=4: POSABILITY(a) chain-bootstrap defect range min=0.231276 p2.5=0.233793 p50=0.241196 p97.5=0.250651 max=0.255236  spread=0.023960
[FIRE TRAIN] m=4: POSABILITY(b) same-bit state pairs clearing the >=20-sample guard: 12/12 = 1.000   state counts=[52491, 52247, 29001, 28498, 27887, 28149, 51378, 51901]
[FIRE TRAIN] m=4: headroom = 1.0 - bound = 0.925177 (the defect must reach 0.074823 to fire; ceiling is 1.0)
[FIRE TRAIN] m=8: defect=0.230549  alpha^m=0.003797  sigma_chainboot=0.003618  bound=0.014651  (23.7s)
[FIRE TRAIN] m=8: POSABILITY(a) chain-bootstrap defect range min=0.225801 p2.5=0.228334 p50=0.233983 p97.5=0.242213 max=0.249627  spread=0.023826
[FIRE TRAIN] m=8: POSABILITY(b) same-bit state pairs clearing the >=20-sample guard: 12/12 = 1.000   state counts=[52430, 52184, 28967, 28466, 27855, 28121, 51331, 51850]
[FIRE TRAIN] m=8: headroom = 1.0 - bound = 0.985349 (the defect must reach 0.014651 to fire; ceiling is 1.0)
UNBLIND=1 -- running the staked TEST side
[FIRE TEST] m=2: defect_test=0.248059  bound(frozen train)=0.261969  margin=-0.013909  pairs_ok=12/12  sigma_test(diagnostic)=0.004255  PASS
[FIRE TEST] m=4: defect_test=0.241987  bound(frozen train)=0.074823  margin=+0.167164  pairs_ok=12/12  sigma_test(diagnostic)=0.004646  VIOLATION
[FIRE TEST] m=8: defect_test=0.230537  bound(frozen train)=0.014651  margin=+0.215886  pairs_ok=12/12  sigma_test(diagnostic)=0.003697  VIOLATION

==============================================================================
GAUGE N1 SUMMARY (held-out readings; bound frozen on TRAIN)
==============================================================================
PASS-A: alpha_hat_train = 0.650801
PASS-A: m=2  defect_test=0.069796  bound=0.434093  margin=-0.364297  PASS
PASS-A: m=4  defect_test=0.010317  bound=0.187305  margin=-0.176988  PASS
PASS-A: m=8  defect_test=0.005221  bound=0.040388  margin=-0.035166  PASS
PASS-B: alpha_hat_train = 0.498465
PASS-B: m=2  defect_test=0.042234  bound=0.257010  margin=-0.214776  PASS
PASS-B: m=4  defect_test=0.005714  bound=0.069163  margin=-0.063449  PASS
PASS-B: m=8  defect_test=0.006056  bound=0.010548  margin=-0.004492  PASS
FIRE: alpha_hat_train = 0.498231
FIRE: m=2  defect_test=0.248059  bound=0.261969  margin=-0.013909  PASS
FIRE: m=4  defect_test=0.241987  bound=0.074823  margin=+0.167164  VIOLATION
FIRE: m=8  defect_test=0.230537  bound=0.014651  margin=+0.215886  VIOLATION

PASS-A holds at every staked m on the held-out split: True
PASS-B (secondary) holds at every staked m: True
FIRE fires at m=4 or m=8 on the held-out split: True (best margin +0.215886)

GAUGE N1: TRANSFERS -- the instrument holds on a true Markov chain and DETECTS a planted violation out of sample
==============================================================================


##############################################################################
GAUGE N1 [RE-STAKED form] -- base lag L, k in {1,2,4}
geometry matched to Basic: 174 chains x 3700 timesteps; base lag FORCED to L=16 (the rule's choice on the real data)
##############################################################################

surrogate source: the real data's measured TRAIN lag-1 kernel (train_kernel.npy), Dobrushin alpha(1) = 1.000000

==============================================================================
PASS-16: chains=174 timesteps=3700
PASS-16: FROZEN velocity-quartile thresholds (TRAIN chains only): -1.373593  0.609716  2.630683
PASS-16: state recovery through the emission layer = 0.995688102
PASS-16 SPLIT: TRAIN chains=87 timesteps=3700  |  TEST chains=87 timesteps=3700

------------------------------------------------------------------------------
[PASS-16 TRAIN] diagnostic ladder: Dobrushin coeff of the m-step empirical kernel
[PASS-16 TRAIN]   alpha_hat(1-step) = 1.000000
[PASS-16 TRAIN]   alpha_hat(2-step) = 0.999672
[PASS-16 TRAIN]   alpha_hat(4-step) = 0.985029
[PASS-16 TRAIN]   alpha_hat(8-step) = 0.812495
[PASS-16 TRAIN]   alpha_hat(16-step) = 0.403087
[PASS-16 TRAIN]   alpha_hat(32-step) = 0.105755
[PASS-16 TRAIN]   alpha_hat(64-step) = 0.019864
[PASS-16 TRAIN]   alpha_hat(128-step) = 0.017018
[PASS-16 TRAIN] BASE LAG RULE: smallest diagnostic lag with alpha_hat < 0.9 -> L = 8 (alpha_hat = 0.812495)
[PASS-16 TRAIN] BASE LAG FORCED to L=16 (rule would have chosen 8) -- declared deviation, gauge only

[PASS-16 TRAIN] STAKED FORM: base lag L=16, k in (1, 2, 4)
[PASS-16 TRAIN] empirical 16-step kernel (rows = state, 8x8):
[[0.0803 0.136  0.1916 0.1917 0.0376 0.0722 0.1061 0.1845]
 [0.0687 0.0905 0.1369 0.1642 0.071  0.1163 0.1489 0.2036]
 [0.0757 0.0737 0.0972 0.1237 0.1075 0.1538 0.1701 0.1983]
 [0.1121 0.0757 0.0639 0.07   0.1632 0.1896 0.1712 0.1544]
 [0.153  0.1705 0.1897 0.159  0.072  0.0725 0.0733 0.1099]
 [0.1904 0.1668 0.153  0.1056 0.1286 0.1003 0.0766 0.0787]
 [0.1965 0.1483 0.1195 0.0716 0.1634 0.1368 0.0935 0.0704]
 [0.1797 0.1106 0.0723 0.0347 0.1973 0.1854 0.1368 0.0832]]
[PASS-16 TRAIN] alpha_hat_train(16-step) = 0.403087
[PASS-16 TRAIN] attained by state pair (0,7) at TV=0.403087; 0 of 28 row pairs sit at TV = 1 (disjoint 16-step support)
[PASS-16 TRAIN] k=1 lag=16: defect=0.277917  alpha_hat(16)^1=0.403087  sigma_chainboot=0.006617  bound=0.422939  (23.1s)
[PASS-16 TRAIN] k=1 lag=16: POSABILITY(a) chain-bootstrap defect range min=0.259959 p2.5=0.267551 p50=0.280461 p97.5=0.293032 max=0.298211  spread=0.038252
[PASS-16 TRAIN] k=1 lag=16: POSABILITY(b) same-bit state pairs clearing the >=20-sample guard: 12/12 = 1.000   state counts=[42389, 39007, 41065, 36785, 37718, 41077, 39122, 43345]
[PASS-16 TRAIN] k=1 lag=16: NON-VACUITY OK -- bound=0.422939 < 1.0 (ceiling) by margin 0.577061; a held-out defect of 0.422939 or more fires the kill
[PASS-16 TRAIN] k=2 lag=32: defect=0.084850  alpha_hat(16)^2=0.162479  sigma_chainboot=0.007224  bound=0.184152  (22.7s)
[PASS-16 TRAIN] k=2 lag=32: POSABILITY(a) chain-bootstrap defect range min=0.064512 p2.5=0.072231 p50=0.085953 p97.5=0.100790 max=0.109251  spread=0.044738
[PASS-16 TRAIN] k=2 lag=32: POSABILITY(b) same-bit state pairs clearing the >=20-sample guard: 12/12 = 1.000   state counts=[42226, 38884, 40910, 36636, 37523, 40857, 38941, 43139]
[PASS-16 TRAIN] k=2 lag=32: NON-VACUITY OK -- bound=0.184152 < 1.0 (ceiling) by margin 0.815848; a held-out defect of 0.184152 or more fires the kill
[PASS-16 TRAIN] k=4 lag=64: defect=0.008873  alpha_hat(16)^4=0.026399  sigma_chainboot=0.005373  bound=0.042518  (22.5s)
[PASS-16 TRAIN] k=4 lag=64: POSABILITY(a) chain-bootstrap defect range min=0.004726 p2.5=0.007025 p50=0.015227 p97.5=0.027764 max=0.040698  spread=0.035971
[PASS-16 TRAIN] k=4 lag=64: POSABILITY(b) same-bit state pairs clearing the >=20-sample guard: 12/12 = 1.000   state counts=[41878, 38586, 40622, 36346, 37168, 40476, 38538, 42718]
[PASS-16 TRAIN] k=4 lag=64: NON-VACUITY OK -- bound=0.042518 < 1.0 (ceiling) by margin 0.957482; a held-out defect of 0.042518 or more fires the kill

UNBLIND=1 -- running the staked TEST side (base lag L=16)
[PASS-16 TEST] k=1 lag=16: defect_test=0.284732  bound(frozen train)=0.422939  margin=-0.138207  pairs_ok=12/12  sigma_test(diagnostic)=0.006958  PASS
[PASS-16 TEST] k=2 lag=32: defect_test=0.099585  bound(frozen train)=0.184152  margin=-0.084567  pairs_ok=12/12  sigma_test(diagnostic)=0.007820  PASS
[PASS-16 TEST] k=4 lag=64: defect_test=0.008368  bound(frozen train)=0.042518  margin=-0.034149  pairs_ok=12/12  sigma_test(diagnostic)=0.005068  PASS

FIRE-16 source: the same surrogate kernel plus a hidden regime (p_switch=0.002, mean dwell 500) whose kernel redirects every bit-flipping transition to itself; alpha(1) of the trapped kernel = 1.000000

==============================================================================
FIRE-16: chains=174 timesteps=3700
FIRE-16: FROZEN velocity-quartile thresholds (TRAIN chains only): -2.855877  0.699926  2.868948
FIRE-16: state recovery through the emission layer = 0.885827897
FIRE-16 SPLIT: TRAIN chains=87 timesteps=3700  |  TEST chains=87 timesteps=3700

------------------------------------------------------------------------------
[FIRE-16 TRAIN] diagnostic ladder: Dobrushin coeff of the m-step empirical kernel
[FIRE-16 TRAIN]   alpha_hat(1-step) = 1.000000
[FIRE-16 TRAIN]   alpha_hat(2-step) = 0.999784
[FIRE-16 TRAIN]   alpha_hat(4-step) = 0.987068
[FIRE-16 TRAIN]   alpha_hat(8-step) = 0.830284
[FIRE-16 TRAIN]   alpha_hat(16-step) = 0.650515
[FIRE-16 TRAIN]   alpha_hat(32-step) = 0.722597
[FIRE-16 TRAIN]   alpha_hat(64-step) = 0.667353
[FIRE-16 TRAIN]   alpha_hat(128-step) = 0.585803
[FIRE-16 TRAIN] BASE LAG RULE: smallest diagnostic lag with alpha_hat < 0.9 -> L = 8 (alpha_hat = 0.830284)
[FIRE-16 TRAIN] BASE LAG FORCED to L=16 (rule would have chosen 8) -- declared deviation, gauge only

[FIRE-16 TRAIN] STAKED FORM: base lag L=16, k in (1, 2, 4)
[FIRE-16 TRAIN] empirical 16-step kernel (rows = state, 8x8):
[[0.0658 0.1461 0.2296 0.1958 0.0275 0.076  0.1263 0.1329]
 [0.0506 0.1096 0.2161 0.2266 0.0433 0.0944 0.1357 0.1237]
 [0.038  0.0827 0.2423 0.3513 0.0431 0.0828 0.0905 0.0693]
 [0.0312 0.0751 0.2714 0.4424 0.0329 0.0576 0.0535 0.0361]
 [0.0344 0.0512 0.0561 0.0345 0.4513 0.2663 0.0736 0.0325]
 [0.0723 0.0972 0.083  0.0441 0.3496 0.2315 0.082  0.0403]
 [0.1255 0.1388 0.0911 0.0391 0.226  0.2194 0.1083 0.0517]
 [0.1275 0.1229 0.0702 0.0242 0.1928 0.2393 0.1478 0.0752]]
[FIRE-16 TRAIN] alpha_hat_train(16-step) = 0.650515
[FIRE-16 TRAIN] attained by state pair (3,4) at TV=0.650515; 0 of 28 row pairs sit at TV = 1 (disjoint 16-step support)
[FIRE-16 TRAIN] k=1 lag=16: defect=0.218246  alpha_hat(16)^1=0.650515  sigma_chainboot=0.005764  bound=0.667807  (28.9s)
[FIRE-16 TRAIN] k=1 lag=16: POSABILITY(a) chain-bootstrap defect range min=0.203180 p2.5=0.210578 p50=0.221529 p97.5=0.232316 max=0.237878  spread=0.034698
[FIRE-16 TRAIN] k=1 lag=16: POSABILITY(b) same-bit state pairs clearing the >=20-sample guard: 12/12 = 1.000   state counts=[18383, 29178, 51322, 61418, 61695, 50918, 28814, 18780]
[FIRE-16 TRAIN] k=1 lag=16: NON-VACUITY OK -- bound=0.667807 < 1.0 (ceiling) by margin 0.332193; a held-out defect of 0.667807 or more fires the kill
[FIRE-16 TRAIN] k=2 lag=32: defect=0.365780  alpha_hat(16)^2=0.423169  sigma_chainboot=0.008654  bound=0.449130  (24.9s)
[FIRE-16 TRAIN] k=2 lag=32: POSABILITY(a) chain-bootstrap defect range min=0.341662 p2.5=0.352026 p50=0.368475 p97.5=0.387227 max=0.394475  spread=0.052813
[FIRE-16 TRAIN] k=2 lag=32: POSABILITY(b) same-bit state pairs clearing the >=20-sample guard: 12/12 = 1.000   state counts=[18289, 29047, 51130, 61203, 61417, 50679, 28695, 18656]
[FIRE-16 TRAIN] k=2 lag=32: NON-VACUITY OK -- bound=0.449130 < 1.0 (ceiling) by margin 0.550870; a held-out defect of 0.449130 or more fires the kill
[FIRE-16 TRAIN] k=4 lag=64: defect=0.293177  alpha_hat(16)^4=0.179072  sigma_chainboot=0.009361  bound=0.207156  (26.0s)
[FIRE-16 TRAIN] k=4 lag=64: POSABILITY(a) chain-bootstrap defect range min=0.264519 p2.5=0.278733 p50=0.293989 p97.5=0.314300 max=0.327124  spread=0.062605
[FIRE-16 TRAIN] k=4 lag=64: POSABILITY(b) same-bit state pairs clearing the >=20-sample guard: 12/12 = 1.000   state counts=[18151, 28759, 50716, 60803, 60840, 50214, 28382, 18467]
[FIRE-16 TRAIN] k=4 lag=64: NON-VACUITY OK -- bound=0.207156 < 1.0 (ceiling) by margin 0.792844; a held-out defect of 0.207156 or more fires the kill

UNBLIND=1 -- running the staked TEST side (base lag L=16)
[FIRE-16 TEST] k=1 lag=16: defect_test=0.215427  bound(frozen train)=0.667807  margin=-0.452380  pairs_ok=12/12  sigma_test(diagnostic)=0.007168  PASS
[FIRE-16 TEST] k=2 lag=32: defect_test=0.353878  bound(frozen train)=0.449130  margin=-0.095253  pairs_ok=12/12  sigma_test(diagnostic)=0.010727  PASS
[FIRE-16 TEST] k=4 lag=64: defect_test=0.291780  bound(frozen train)=0.207156  margin=+0.084624  pairs_ok=12/12  sigma_test(diagnostic)=0.011965  VIOLATION

==============================================================================
GAUGE N1 SUMMARY -- restake
==============================================================================
PASS-16: alpha_hat_train(base) = 0.403087
PASS-16: k=1 lag=16  defect_test=0.284732  bound=0.422939  margin=-0.138207  PASS
PASS-16: k=2 lag=32  defect_test=0.099585  bound=0.184152  margin=-0.084567  PASS
PASS-16: k=4 lag=64  defect_test=0.008368  bound=0.042518  margin=-0.034149  PASS
FIRE-16: alpha_hat_train(base) = 0.650515
FIRE-16: k=1 lag=16  defect_test=0.215427  bound=0.667807  margin=-0.452380  PASS
FIRE-16: k=2 lag=32  defect_test=0.353878  bound=0.449130  margin=-0.095253  PASS
FIRE-16: k=4 lag=64  defect_test=0.291780  bound=0.207156  margin=+0.084624  VIOLATION

PASS side holds at every staked k on the held-out split: True
FIRE side fires on the held-out split: True (best margin +0.084624)

GAUGE N1 (restake): TRANSFERS -- the instrument holds on a chain that is Markov by construction in this data's own mixing regime, and DETECTS planted hidden-regime memory out of sample
==============================================================================


##############################################################################
GAUGE N1 [restake] MATCHED CONTROL -- Markov surrogate of FIRE-16's OWN
observed lag-1 kernel: same chart, same relabeling loss, no memory past 1 step
##############################################################################
CONTROL: reproduced FIRE-16 observed series, state recovery 0.885812364 (matches the FIRE-16 side)
CONTROL: pooled TRAIN lag-1 kernel of the OBSERVED FIRE-16 series, alpha(1) = 1.000000

==============================================================================
CONTROL-16: chains=174 timesteps=3700 (integer states adjudicated directly -- the relabeling is already baked into the fitted kernel, so a second emission round trip would double-count it)
CONTROL-16 SPLIT: TRAIN chains=87 timesteps=3700  |  TEST chains=87 timesteps=3700

------------------------------------------------------------------------------
[CONTROL-16 TRAIN] diagnostic ladder: Dobrushin coeff of the m-step empirical kernel
[CONTROL-16 TRAIN]   alpha_hat(1-step) = 1.000000
[CONTROL-16 TRAIN]   alpha_hat(2-step) = 0.999359
[CONTROL-16 TRAIN]   alpha_hat(4-step) = 0.985771
[CONTROL-16 TRAIN]   alpha_hat(8-step) = 0.891425
[CONTROL-16 TRAIN]   alpha_hat(16-step) = 0.611473
[CONTROL-16 TRAIN]   alpha_hat(32-step) = 0.238178
[CONTROL-16 TRAIN]   alpha_hat(64-step) = 0.034606
[CONTROL-16 TRAIN]   alpha_hat(128-step) = 0.021077
[CONTROL-16 TRAIN] BASE LAG RULE: smallest diagnostic lag with alpha_hat < 0.9 -> L = 8 (alpha_hat = 0.891425)
[CONTROL-16 TRAIN] BASE LAG FORCED to L=16 (rule would have chosen 8) -- declared deviation, gauge only

[CONTROL-16 TRAIN] STAKED FORM: base lag L=16, k in (1, 2, 4)
[CONTROL-16 TRAIN] empirical 16-step kernel (rows = state, 8x8):
[[0.0641 0.1293 0.2688 0.3413 0.0335 0.0462 0.0617 0.0553]
 [0.0547 0.1169 0.2573 0.3274 0.0487 0.0596 0.0714 0.0639]
 [0.0416 0.0905 0.2344 0.3055 0.0799 0.0875 0.0906 0.0698]
 [0.0395 0.086  0.217  0.2917 0.0948 0.0978 0.095  0.0782]
 [0.0717 0.0997 0.0991 0.0974 0.294  0.2167 0.0824 0.039 ]
 [0.0743 0.09   0.0866 0.0769 0.3113 0.2333 0.089  0.0386]
 [0.0714 0.0757 0.0547 0.0443 0.3371 0.2513 0.1126 0.053 ]
 [0.0614 0.0588 0.0397 0.0321 0.3401 0.2764 0.132  0.0595]]
[CONTROL-16 TRAIN] alpha_hat_train(16-step) = 0.611473
[CONTROL-16 TRAIN] attained by state pair (0,7) at TV=0.611473; 0 of 28 row pairs sit at TV = 1 (disjoint 16-step support)
[CONTROL-16 TRAIN] k=1 lag=16: defect=0.175894  alpha_hat(16)^1=0.611473  sigma_chainboot=0.006368  bound=0.630579  (23.6s)
[CONTROL-16 TRAIN] k=1 lag=16: POSABILITY(a) chain-bootstrap defect range min=0.159147 p2.5=0.164488 p50=0.176416 p97.5=0.188890 max=0.200504  spread=0.041358
[CONTROL-16 TRAIN] k=1 lag=16: POSABILITY(b) same-bit state pairs clearing the >=20-sample guard: 12/12 = 1.000   state counts=[18804, 29827, 50824, 61331, 61892, 50591, 28976, 18263]
[CONTROL-16 TRAIN] k=1 lag=16: STRUCTURAL NOTE -- defect(L) <= alpha_hat(L) holds IDENTICALLY in sample (defect is a vmap-pushed TV over a subset of the state pairs the Dobrushin coefficient maximises over, and data processing cannot increase TV). Out of sample this rung can fire only through TRAIN/TEST kernel drift, so the extrapolation content of the law lives at k>=2. Observed here: defect=0.175894 <= alpha_hat(16)=0.611473 as required.
[CONTROL-16 TRAIN] k=1 lag=16: NON-VACUITY OK -- bound=0.630579 < 1.0 (ceiling) by margin 0.369421; a held-out defect of 0.630579 or more fires the kill
[CONTROL-16 TRAIN] k=2 lag=32: defect=0.077027  alpha_hat(16)^2=0.373900  sigma_chainboot=0.009217  bound=0.401550  (23.7s)
[CONTROL-16 TRAIN] k=2 lag=32: POSABILITY(a) chain-bootstrap defect range min=0.046465 p2.5=0.059577 p50=0.076733 p97.5=0.095120 max=0.108071  spread=0.061606
[CONTROL-16 TRAIN] k=2 lag=32: POSABILITY(b) same-bit state pairs clearing the >=20-sample guard: 12/12 = 1.000   state counts=[18724, 29714, 50645, 61063, 61573, 50380, 28844, 18173]
[CONTROL-16 TRAIN] k=2 lag=32: NON-VACUITY OK -- bound=0.401550 < 1.0 (ceiling) by margin 0.598450; a held-out defect of 0.401550 or more fires the kill
[CONTROL-16 TRAIN] k=4 lag=64: defect=0.010000  alpha_hat(16)^4=0.139801  sigma_chainboot=0.006026  bound=0.157880  (23.6s)
[CONTROL-16 TRAIN] k=4 lag=64: POSABILITY(a) chain-bootstrap defect range min=0.003159 p2.5=0.008155 p50=0.017233 p97.5=0.031465 max=0.041679  spread=0.038519
[CONTROL-16 TRAIN] k=4 lag=64: POSABILITY(b) same-bit state pairs clearing the >=20-sample guard: 12/12 = 1.000   state counts=[18586, 29495, 50253, 60604, 60934, 49864, 28586, 18010]
[CONTROL-16 TRAIN] k=4 lag=64: NON-VACUITY OK -- bound=0.157880 < 1.0 (ceiling) by margin 0.842120; a held-out defect of 0.157880 or more fires the kill

UNBLIND=1 -- running the staked TEST side (base lag L=16)
[CONTROL-16 TEST] k=1 lag=16: defect_test=0.165085  bound(frozen train)=0.630579  margin=-0.465494  pairs_ok=12/12  sigma_test(diagnostic)=0.005917  PASS
[CONTROL-16 TEST] k=2 lag=32: defect_test=0.070827  bound(frozen train)=0.401550  margin=-0.330723  pairs_ok=12/12  sigma_test(diagnostic)=0.008711  PASS
[CONTROL-16 TEST] k=4 lag=64: defect_test=0.015772  bound(frozen train)=0.157880  margin=-0.142108  pairs_ok=12/12  sigma_test(diagnostic)=0.006089  PASS

==============================================================================
GAUGE N1 MATCHED-CONTROL SUMMARY
==============================================================================
CONTROL-16: alpha_hat_train(16) = 0.611473
CONTROL-16: k=1 lag=16  defect_test=0.165085  bound=0.630579  margin=-0.465494  PASS
CONTROL-16: k=2 lag=32  defect_test=0.070827  bound=0.401550  margin=-0.330723  PASS
CONTROL-16: k=4 lag=64  defect_test=0.015772  bound=0.157880  margin=-0.142108  PASS

CONTROL holds at every staked k: True
CONTROL VERDICT: the FIRE-16 violation is attributable to the planted hidden regime, NOT to the chart relabeling
==============================================================================
