    Finished `release` profile [optimized] target(s) in 0.02s
     Running `target/release/examples/g4_certificate`
=== N=8: computing q-seam exact reference (dev-dependency, live) ===
N=8 U=0: exact E=-9.5175409663 (51.1ms)
N=8 U=0 chi=16: eps=2.85404811057776e-4 dE=1.6436956224110233e-2 sweeps=20 converged=false (3.1s)
N=8 U=0 chi=32: eps=3.56804331036118e-5 dE=3.353662143847913e-4 sweeps=20 converged=false (9.4s)
N=8 U=0 chi=64: eps=3.075713330001135e-7 dE=2.5325258619091073e-6 sweeps=8 converged=true (11.7s)
N=8 U=0 chi=128: eps=2.0433430291013788e-10 dE=1.8350299058056407e-9 sweeps=5 converged=true (14.1s)
N=8 U=0 chi=256: eps=-0e0 dE=1.1386447340555605e-12 sweeps=5 converged=true (15.1s)
N=8 U=1: exact E=-7.6948332001 (74.6ms)
N=8 U=1 chi=16: REFUSED (bond=9 weight=3.922700747347805e-4) — excluded from the fit
N=8 U=1 chi=32: eps=1.9695749947401255e-5 dE=1.893510003228016e-4 sweeps=20 converged=false (9.6s)
N=8 U=1 chi=64: eps=2.2410162896449736e-7 dE=1.7916058610012442e-6 sweeps=6 converged=true (7.3s)
N=8 U=1 chi=128: eps=8.643872749820351e-11 dE=8.206182400272155e-10 sweeps=5 converged=true (13.1s)
N=8 U=1 chi=256: eps=-0e0 dE=1.4868106745780096e-12 sweeps=5 converged=true (14.3s)
N=8 U=4: exact E=-4.2358069991 (197.0ms)
N=8 U=4 chi=16: eps=1.0027861415894908e-4 dE=5.593536791104192e-3 sweeps=20 converged=false (3.2s)
N=8 U=4 chi=32: eps=2.8496085782184763e-6 dE=2.93661655854649e-5 sweeps=7 converged=true (3.0s)
N=8 U=4 chi=64: eps=2.2781654062287045e-8 dE=1.877407393990893e-7 sweeps=5 converged=true (6.4s)
N=8 U=4 chi=128: eps=1.4350364293064302e-12 dE=1.646416336598122e-11 sweeps=6 converged=true (28.3s)
N=8 U=4 chi=256: eps=-0e0 dE=2.354560990625032e-12 sweeps=5 converged=true (29.7s)
N=8 U=16: exact E=-1.2621361323 (3.7s)
N=8 U=16 chi=16: eps=2.47422844095119e-6 dE=3.4108228028184584e-5 sweeps=8 converged=true (6.0s)
N=8 U=16 chi=32: eps=2.5926377982735303e-8 dE=8.594510556569901e-7 sweeps=7 converged=true (8.3s)
N=8 U=16 chi=64: eps=4.2747308770307914e-12 dE=1.4947446576165202e-2 sweeps=20 converged=false (135.5s)
N=8 U=16 chi=128: eps=2.5947185340758627e-17 dE=1.518831621967065e-2 sweeps=20 converged=false (737.6s)
N=8 U=16 chi=256: eps=-0e0 dE=7.400872922239454e-3 sweeps=20 converged=false (1080.7s)
=== N=10: computing q-seam exact reference (dev-dependency, live) ===
N=10 U=0: exact E=-12.0533483667 (442.0ms)
N=10 U=0 chi=16: REFUSED (bond=9 weight=2.489761480633975e-4) — excluded from the fit
N=10 U=0 chi=32: eps=7.873367874174816e-5 dE=9.560266272359286e-4 sweeps=20 converged=false (17.0s)
N=10 U=0 chi=64: eps=2.4579542300269164e-6 dE=1.864611615687295e-5 sweeps=20 converged=false (98.8s)
N=10 U=0 chi=128: eps=6.492089160534798e-9 dE=1.0274187367542709e-7 sweeps=7 converged=true (98.5s)
N=10 U=0 chi=256: eps=1.2503657451871545e-14 dE=9.252162520567708e-7 sweeps=20 converged=false (2416.9s)
N=10 U=1: exact E=-9.7662747257 (600.2ms)
N=10 U=1 chi=16: REFUSED (bond=5 weight=3.9233568540567075e-4) — excluded from the fit
N=10 U=1 chi=32: eps=6.222933276833669e-5 dE=6.582153247656208e-4 sweeps=20 converged=false (17.7s)
N=10 U=1 chi=64: eps=1.902812076830102e-6 dE=1.4350688527287048e-5 sweeps=9 converged=true (31.0s)
N=10 U=1 chi=128: eps=7.502992008847114e-9 dE=6.468206947829458e-8 sweeps=11 converged=true (178.1s)
N=10 U=1 chi=256: eps=2.6287707152300977e-18 dE=2.493017591476132e-6 sweeps=20 converged=false (2440.3s)
N=10 U=4: exact E=-5.3806188204 (1.2s)
N=10 U=4 chi=16: REFUSED (bond=9 weight=1.1208265073843193e-4) — excluded from the fit
N=10 U=4 chi=32: eps=9.85716609638932e-6 dE=1.0148286729094735e-4 sweeps=6 converged=true (4.7s)
N=10 U=4 chi=64: eps=1.7044364399538218e-7 dE=1.3974074741796016e-6 sweeps=6 converged=true (19.0s)
N=10 U=4 chi=128: eps=2.7429809226646836e-10 dE=3.2499025692800387e-9 sweeps=6 converged=true (90.2s)
N=10 U=4 chi=256: eps=9.812768468871269e-19 dE=1.9067035371911345e-5 sweeps=20 converged=false (5106.6s)
N=10 U=16: exact E=-1.6027850219 (20.6s)
N=10 U=16 chi=16: eps=7.844805788391098e-6 dE=9.939484349419381e-5 sweeps=9 converged=true (9.7s)
N=10 U=16 chi=32: eps=9.748198259012219e-8 dE=2.9019687477482847e-6 sweeps=9 converged=true (20.8s)
N=10 U=16 chi=64: eps=3.3407738117147455e-11 dE=3.5199636538862933e-9 sweeps=20 converged=false (255.3s)
N=10 U=16 chi=128: eps=4.816328758659463e-10 dE=1.7780839163995976e-2 sweeps=20 converged=false (1281.7s)
N=10 U=16 chi=256: eps=2.3244814322675215e-14 dE=2.236589321584037e-2 sweeps=20 converged=false (6988.3s)
=== N=12: computing q-seam exact reference (dev-dependency, live) ===
N=12 U=0: exact E=-14.5924596211 (10.3s)
N=12 U=0 chi=16: REFUSED (bond=5 weight=2.3434504127387847e-4) — excluded from the fit
N=12 U=0 chi=32: eps=1.4280832075047514e-4 dE=2.053552096857203e-3 sweeps=20 converged=false (27.0s)
N=12 U=0 chi=64: eps=7.981548494071658e-6 dE=6.494035547532917e-5 sweeps=20 converged=true (145.7s)
N=12 U=0 chi=128: eps=3.5421531291330435e-8 dE=6.892145698600416e-7 sweeps=20 converged=false (748.4s)
N=12 U=0 chi=256: eps=5.113220859364185e-16 dE=1.0048350098124104e-4 sweeps=20 converged=false (5434.5s)
N=12 U=1: exact E=-11.8406372859 (14.8s)
N=12 U=1 chi=16: REFUSED (bond=4 weight=1.2172877733163393e-4) — excluded from the fit
N=12 U=1 chi=32: eps=1.295992379686669e-4 dE=1.5012512732717198e-3 sweeps=20 converged=false (26.5s)
N=12 U=1 chi=64: eps=6.783726473421447e-6 dE=4.982828919608551e-5 sweeps=8 converged=true (42.0s)
N=12 U=1 chi=128: eps=4.347767526449316e-8 dE=4.918031279999013e-7 sweeps=9 converged=true (254.3s)
N=12 U=1 chi=256: eps=8.370471823990157e-11 dE=7.669171964153065e-10 sweeps=13 converged=true (3729.6s)
N=12 U=4: exact E=-6.5262433845 (25.3s)
N=12 U=4 chi=16: REFUSED (bond=9 weight=1.0108050683245442e-4) — excluded from the fit
N=12 U=4 chi=32: eps=2.1099157213063842e-5 dE=2.3506945100404408e-4 sweeps=20 converged=false (29.2s)
N=12 U=4 chi=64: eps=5.380364168409666e-7 dE=4.4320140188958135e-6 sweeps=17 converged=true (122.6s)
N=12 U=4 chi=128: eps=2.497358165847032e-9 dE=2.3672604321234303e-8 sweeps=6 converged=true (154.2s)
