done N=4 U=0
done N=4 U=0.125
done N=4 U=0.25
done N=4 U=0.5
done N=4 U=0.75
done N=4 U=1
done N=4 U=1.5
done N=4 U=2
done N=4 U=3
done N=4 U=4
done N=4 U=6
done N=4 U=8
done N=4 U=12
done N=4 U=16
done N=6 U=0
done N=6 U=0.125
done N=6 U=0.25
done N=6 U=0.5
done N=6 U=0.75
done N=6 U=1
done N=6 U=1.5
done N=6 U=2
done N=6 U=3
done N=6 U=4
done N=6 U=6
done N=6 U=8
done N=6 U=12
done N=6 U=16
done N=8 U=0
done N=8 U=0.125
done N=8 U=0.25
done N=8 U=0.5
done N=8 U=0.75
done N=8 U=1
done N=8 U=1.5
done N=8 U=2
done N=8 U=3
done N=8 U=4
done N=8 U=6
done N=8 U=8
done N=8 U=12
done N=8 U=16
done N=10 U=0
done N=10 U=0.125
done N=10 U=0.25
done N=10 U=0.5
done N=10 U=0.75
done N=10 U=1
done N=10 U=1.5
done N=10 U=2
done N=10 U=3
done N=10 U=4
done N=10 U=6
done N=10 U=8
done N=10 U=12
done N=10 U=16
=== G-Q6-PLUMB (derived: I_C^(3) is EXACTLY zero on this family) ===
worst |I_C^(3)| over every triple of every configuration: 1.2130e-13  (gate 1e-12)
verdict: PASS - the estimator is validated
worst Newton-vs-IPF disagreement: 2.6805e-14  (gate 1e-10)
VOID configurations: 0

  N      U       B4_mean           dB4        E5  honest
  4      0   6.22166e-14     0.00000e0     0.000     yes
  4  0.125    5.08424e-9    5.08418e-9     0.325     yes
  4   0.25    8.07928e-8    8.07928e-8     0.649     yes
  4    0.5    1.25812e-6    1.25812e-6     1.295      no
  4   0.75    6.09275e-6    6.09275e-6     1.934      no
  4      1    1.81242e-5    1.81242e-5     2.562      no
  4    1.5    7.78199e-5    7.78199e-5     4.636      no
  4      2    1.98416e-4    1.98416e-4     9.509      no
  4      3    5.80780e-4    5.80780e-4    15.586      no
  4      4    9.54931e-4    9.54931e-4    18.890      no
  4      6    1.21015e-3    1.21015e-3    19.390      no
  4      8    1.07765e-3    1.07765e-3    19.375      no
  4     12    7.28291e-4    7.28291e-4    19.722      no
  4     16    5.09364e-4    5.09364e-4    19.844      no
  6      0    3.90065e-4     0.00000e0     0.000     yes
  6  0.125    3.90694e-4    6.29327e-7     0.294     yes
  6   0.25    3.92598e-4    2.53297e-6     0.589     yes
  6    0.5    4.00439e-4    1.03739e-5     1.176      no
  6   0.75    4.14247e-4    2.41826e-5     1.762      no
  6      1    4.34916e-4    4.48509e-5     2.344      no
  6    1.5    4.99951e-4    1.09886e-4     4.181      no
  6      2    5.97324e-4    2.07259e-4    10.500      no
  6      3    8.50288e-4    4.60224e-4    15.627      no
  6      4    1.08319e-3    6.93129e-4    17.847      no
  6      6    1.31215e-3    9.22085e-4    18.890      no
  6      8    1.34515e-3    9.55083e-4    19.375      no
  6     12    1.30082e-3    9.10759e-4    19.722      no
  6     16    1.27841e-3    8.88349e-4    19.844      no
  8      0    9.54257e-5     0.00000e0     0.000     yes
  8  0.125    9.57771e-5    3.51473e-7     0.277     yes
  8   0.25    9.68387e-5    1.41298e-6     0.554     yes
  8    0.5    1.01188e-4    5.76240e-6     1.108      no
  8   0.75    1.08781e-4    1.33558e-5     1.662      no
  8      1    1.20053e-4    2.46275e-5     2.217      no
  8    1.5    1.55314e-4    5.98881e-5     3.376      no
  8      2    2.08375e-4    1.12949e-4    10.759      no
  8      3    3.48899e-4    2.53473e-4    15.630      no
  8      4    4.80945e-4    3.85519e-4    17.512      no
  8      6    6.18061e-4    5.22635e-4    18.890      no
  8      8    6.48967e-4    5.53541e-4    19.375      no
  8     12    6.41877e-4    5.46451e-4    19.722      no
  8     16    6.35109e-4    5.39683e-4    19.844      no
 10      0    3.88747e-5     0.00000e0     0.000     yes
 10  0.125    3.90516e-5    1.76873e-7     0.265     yes
 10   0.25    3.95863e-5    7.11596e-7     0.531     yes
 10    0.5    4.17855e-5    2.91083e-6     1.063      no
 10   0.75    4.56559e-5    6.78124e-6     1.598      no
 10      1    5.14695e-5    1.25948e-5     2.135      no
 10    1.5    7.01136e-5    3.12389e-5     4.590      no
 10      2    9.91898e-5    6.03151e-5    10.842      no
 10      3    1.79795e-4    1.40921e-4    15.630      no
 10      4    2.58271e-4    2.19396e-4    17.512      no
 10      6    3.43999e-4    3.05124e-4    18.890      no
 10      8    3.68323e-4    3.29449e-4    19.375      no
 10     12    3.72785e-4    3.33910e-4    19.722      no
 10     16    3.72731e-4    3.33856e-4    19.844      no

=== P-Q6-A: partial Spearman rho(dB4, E5 | U) ===
null shape first: median 0.0251, 95th pct 0.2781, min -0.4521, max 0.4673
observed rho = 0.0991   p = 0.33437   (staked: rho >= 0.50 and p < 0.01)
verdict: NOT CONFIRMED

=== P-Q6-B: isotonic collapse ===
median |residual| of E5 ~ dB4 : 0.39487
median |residual| of E5 ~ U/t : 0.01569
ratio = 25.1744   (staked: <= 0.70)
verdict: NOT CONFIRMED

=== P-Q6-C: dB4 at the honest boundary (instrument vs thermometer) ===
  N=4: last honest U=0.25 -> dB4 = 8.07928e-8
  N=6: last honest U=0.25 -> dB4 = 2.53297e-6
  N=8: last honest U=0.25 -> dB4 = 1.41298e-6
  N=10: last honest U=0.25 -> dB4 = 7.11596e-7
CV = 0.8870   (staked: <= 0.35)
verdict: NOT CONFIRMED

=== Q6 KILL CLAUSES (section 6.5, A1/H2: E5) ===
(a) rho<0.20 or p>0.05                     : FIRES
(b) dB4 at floor where E5>=3               : no []
(c) dB4 >= honest median where E5<=0.5     : FIRES [(6, 0.125), (8, 0.125), (10, 0.125)]
honest-median dB4 = 1.76873e-7

Q6 KILL: FIRES

wrote /home/emoore/CIRISOntology/sim_engine/output/q_seam/q6.json
