DEVICE: NVIDIA GeForce RTX 4090 Laptop GPU

=== DOSE VS RATE  kappa=0.02 boundary=clip ===
  settle             0     0.0001     0.0003      0.001      0.003       0.01       0.03        0.1    sigma*     peak
  250         1.45e-02   1.45e-02   1.45e-02   1.44e-02   1.32e-02   5.15e-03   1.06e-01   2.70e-03      0.03 1.064e-01
  500         1.45e-02   1.44e-02   1.44e-02   1.43e-02   1.33e-02   5.20e-03   1.06e-01   2.78e-03      0.03 1.059e-01
  1000        1.44e-02   1.44e-02   1.45e-02   1.42e-02   1.34e-02   5.21e-03   1.06e-01   2.77e-03      0.03 1.055e-01
  2000        1.45e-02   1.45e-02   1.45e-02   1.43e-02   1.33e-02   5.06e-03   1.08e-01   2.75e-03      0.03 1.082e-01
  4000        1.44e-02   1.45e-02   1.44e-02   1.43e-02   1.33e-02   5.11e-03   1.07e-01   2.72e-03      0.03 1.072e-01
  slope d(log sigma*)/d(log settle) = -0.000   (|b| < 0.3 required; b ~ 1 is the fixed-dose signature)
  height change 2000 -> 4000 = +1.0 %   (< 10 % required)
  VERDICT: location INTRINSIC | height CONVERGED

=== DOSE VS RATE  kappa=0.05 boundary=clip ===
  settle             0     0.0001     0.0003      0.001      0.003       0.01       0.03        0.1    sigma*     peak
  250         2.21e-02   2.16e-02   2.13e-02   2.17e-02   2.59e-02   6.14e-02   5.81e-02   1.58e-03      0.01 6.142e-02
  500         2.23e-02   2.16e-02   2.16e-02   2.26e-02   2.58e-02   6.09e-02   5.86e-02   1.56e-03      0.01 6.089e-02
  1000        2.15e-02   2.16e-02   2.16e-02   2.26e-02   2.62e-02   5.94e-02   5.84e-02   1.55e-03      0.01 5.942e-02
  2000        2.21e-02   2.18e-02   2.11e-02   2.20e-02   2.63e-02   6.05e-02   5.90e-02   1.55e-03      0.01 6.052e-02
  4000        2.19e-02   2.18e-02   2.16e-02   2.20e-02   2.56e-02   6.02e-02   5.84e-02   1.56e-03      0.01 6.016e-02
  slope d(log sigma*)/d(log settle) = -0.000   (|b| < 0.3 required; b ~ 1 is the fixed-dose signature)
  height change 2000 -> 4000 = +0.6 %   (< 10 % required)
  VERDICT: location INTRINSIC | height CONVERGED

=== DOSE VS RATE  kappa=0.02 boundary=fold ===
  settle             0     0.0001     0.0003      0.001      0.003       0.01       0.03        0.1    sigma*     peak
  250         1.45e-02   1.45e-02   1.45e-02   1.44e-02   1.32e-02   5.15e-03   5.65e-02   4.25e-05      0.03 5.653e-02
  500         1.45e-02   1.44e-02   1.44e-02   1.43e-02   1.33e-02   5.20e-03   5.79e-02   5.87e-05      0.03 5.789e-02
  1000        1.44e-02   1.44e-02   1.45e-02   1.42e-02   1.34e-02   5.21e-03   5.83e-02   5.17e-05      0.03 5.831e-02
  2000        1.45e-02   1.45e-02   1.45e-02   1.43e-02   1.33e-02   5.06e-03   5.80e-02   4.98e-05      0.03 5.804e-02
  4000        1.44e-02   1.45e-02   1.44e-02   1.43e-02   1.33e-02   5.11e-03   5.66e-02   5.21e-05      0.03 5.660e-02
  slope d(log sigma*)/d(log settle) = -0.000   (|b| < 0.3 required; b ~ 1 is the fixed-dose signature)
  height change 2000 -> 4000 = +2.5 %   (< 10 % required)
  VERDICT: location INTRINSIC | height CONVERGED

=== DOSE VS RATE  kappa=0.05 boundary=fold ===
  settle             0     0.0001     0.0003      0.001      0.003       0.01       0.03        0.1    sigma*     peak
  250         2.20e-02   2.14e-02   2.12e-02   2.15e-02   2.45e-02   4.28e-02   4.40e-02   9.82e-05      0.03 4.399e-02
  500         2.20e-02   2.15e-02   2.15e-02   2.22e-02   2.43e-02   4.25e-02   4.37e-02   1.12e-04      0.03 4.370e-02
  1000        2.14e-02   2.17e-02   2.15e-02   2.24e-02   2.47e-02   4.28e-02   4.40e-02   1.03e-04      0.03 4.398e-02
  2000        2.18e-02   2.16e-02   2.12e-02   2.18e-02   2.45e-02   4.34e-02   4.39e-02   1.05e-04      0.03 4.389e-02
  4000        2.18e-02   2.17e-02   2.18e-02   2.15e-02   2.42e-02   4.16e-02   4.40e-02   1.02e-04      0.03 4.401e-02
  slope d(log sigma*)/d(log settle) = -0.000   (|b| < 0.3 required; b ~ 1 is the fixed-dose signature)
  height change 2000 -> 4000 = +0.3 %   (< 10 % required)
  VERDICT: location INTRINSIC | height CONVERGED

wall time 73s
