
DEVICE: NVIDIA GeForce RTX 4090 Laptop GPU

====================================================================================
STAGE 3 — the temporal cliff, continuously instrumented
====================================================================================

=== kappa=0.05 sigma=0.001 clip rail=0.0003 clamp=3.48e-05 ===
  d=1   s3=+2.2034e-02 (z=   -218.1)  s4=-1.3678e-04 (z=    +1.2)  kappa111=+0.37115  | binarized excess=+5.1036e-02 (z= +44190.8) tie=0.0000
  d=2   s3=+1.2747e-03 (z=   +167.6)  s4=-1.3036e-05 (z=    +0.8)  kappa111=+0.04500  | binarized excess=+1.5916e-02 (z= +13077.3) tie=0.0000
  d=3   s3=+1.0573e-05 (z=    -14.5)  s4=-8.0225e-08 (z=    +1.3)  kappa111=-0.00433  | binarized excess=-5.9862e-07 (z=     -0.4) tie=0.0000
  d=4   s3=+4.3325e-05 (z=    -25.9)  s4=+2.7195e-07 (z=    +2.1)  kappa111=-0.00379  | binarized excess=+2.0201e-07 (z=     +0.2) tie=0.0000
  d=6   s3=+1.1006e-05 (z=    +10.3)  s4=-1.6861e-07 (z=    +1.3)  kappa111=+0.00516  | binarized excess=+1.5527e-06 (z=     +1.1) tie=0.0000
  d=8   s3=+1.2815e-06 (z=     +4.7)  s4=-2.9215e-07 (z=    +0.8)  kappa111=+0.00183  | binarized excess=-8.8569e-07 (z=     -1.1) tie=0.0000
  d=12  s3=-6.5235e-08 (z=     +0.1)  s4=-2.2652e-07 (z=    +0.9)  kappa111=+0.00004  | binarized excess=-6.3999e-07 (z=     -0.8) tie=0.0000
  d=16  s3=-6.4362e-08 (z=     +0.3)  s4=-9.8686e-08 (z=    +1.5)  kappa111=+0.00012  | binarized excess=-9.1282e-08 (z=     -0.1) tie=0.0000
  COPULA floor: s=-2.424e-07 z=-0.08 kappa111_sd=6.969e-03 | XRUN floor: s=-1.416e-07 z=+0.34

=== kappa=0.05 sigma=0.001 fold rail=0.0000 clamp=4.07e-05 ===
  d=1   s3=+2.1808e-02 (z=   -221.3)  s4=+6.6174e-04 (z=    +2.6)  kappa111=+0.37099  | binarized excess=+5.0731e-02 (z= +43962.6) tie=0.0000
  d=2   s3=+1.2678e-03 (z=   +168.5)  s4=-4.3227e-06 (z=    +1.2)  kappa111=+0.04486  | binarized excess=+1.6110e-02 (z= +13278.0) tie=0.0000
  d=3   s3=+1.1265e-05 (z=    -14.6)  s4=-5.3013e-07 (z=    +0.7)  kappa111=-0.00446  | binarized excess=-5.5399e-07 (z=     -0.4) tie=0.0000
  d=4   s3=+4.3001e-05 (z=    -25.5)  s4=-5.3062e-07 (z=    +0.7)  kappa111=-0.00372  | binarized excess=-2.2366e-07 (z=     -0.3) tie=0.0000
  d=6   s3=+1.0950e-05 (z=    +13.0)  s4=+3.9819e-07 (z=    +2.6)  kappa111=+0.00512  | binarized excess=+4.6470e-07 (z=     +0.3) tie=0.0000
  d=8   s3=+1.3825e-06 (z=     +4.9)  s4=+2.2981e-08 (z=    +1.5)  kappa111=+0.00189  | binarized excess=-8.1216e-07 (z=     -1.0) tie=0.0000
  d=12  s3=-6.3171e-08 (z=     +0.2)  s4=-1.4516e-07 (z=    +1.0)  kappa111=+0.00009  | binarized excess=+3.6359e-07 (z=     +0.4) tie=0.0000
  d=16  s3=-4.6753e-08 (z=     +0.5)  s4=-2.7309e-07 (z=    +0.9)  kappa111=+0.00017  | binarized excess=-1.5618e-06 (z=     -1.0) tie=0.0000
  COPULA floor: s=-2.426e-07 z=-0.08 kappa111_sd=6.968e-03 | XRUN floor: s=+1.128e-07 z=+1.32

=== kappa=0.0 sigma=0.001 clip rail=0.0000 clamp=0.00e+00 ===
  d=1   s3=+3.0428e-03 (z=   +233.0)  s4=+2.1860e-04 (z=    +2.4)  kappa111=+0.18681  | binarized excess=+3.6680e-02 (z= +27767.7) tie=0.0000
  d=2   s3=+5.2145e-03 (z=   -385.6)  s4=+6.3643e-05 (z=    +1.7)  kappa111=-0.04108  | binarized excess=+4.1607e-03 (z=  +2896.5) tie=0.0000
  d=3   s3=+1.9985e-03 (z=   -275.0)  s4=-5.1974e-05 (z=    +1.2)  kappa111=-0.04017  | binarized excess=+1.7182e-03 (z=  +2030.8) tie=0.0000
  d=4   s3=+7.7668e-04 (z=   +123.0)  s4=-1.4567e-06 (z=    +1.2)  kappa111=+0.03706  | binarized excess=+5.5586e-03 (z=  +4849.2) tie=0.0000
  d=6   s3=+4.5148e-04 (z=    -89.7)  s4=+2.2339e-06 (z=    +2.2)  kappa111=-0.02378  | binarized excess=+3.3742e-06 (z=     +3.9) tie=0.0000
  d=8   s3=+3.2093e-06 (z=     +8.6)  s4=-1.0412e-07 (z=    +1.3)  kappa111=+0.00286  | binarized excess=-4.5328e-07 (z=     -0.3) tie=0.0000
  d=12  s3=-5.4315e-08 (z=     -0.6)  s4=-1.3504e-07 (z=    +1.1)  kappa111=+0.00008  | binarized excess=+3.5391e-09 (z=     +0.0) tie=0.0000
  d=16  s3=-5.4809e-08 (z=     -0.4)  s4=-2.5609e-07 (z=    +1.0)  kappa111=-0.00014  | binarized excess=-1.3779e-06 (z=     -0.4) tie=0.0000
  COPULA floor: s=-2.772e-07 z=+0.03 kappa111_sd=6.638e-03 | XRUN floor: s=-1.213e-07 z=+0.13

=== kappa=0.0 sigma=0.001 fold rail=0.0000 clamp=0.00e+00 ===
  d=1   s3=+3.0428e-03 (z=   +233.0)  s4=+2.1860e-04 (z=    +2.4)  kappa111=+0.18681  | binarized excess=+3.6680e-02 (z= +27767.7) tie=0.0000
  d=2   s3=+5.2145e-03 (z=   -385.6)  s4=+6.3643e-05 (z=    +1.7)  kappa111=-0.04108  | binarized excess=+4.1607e-03 (z=  +2896.5) tie=0.0000
  d=3   s3=+1.9985e-03 (z=   -275.0)  s4=-5.1974e-05 (z=    +1.2)  kappa111=-0.04017  | binarized excess=+1.7182e-03 (z=  +2030.8) tie=0.0000
  d=4   s3=+7.7668e-04 (z=   +123.0)  s4=-1.4567e-06 (z=    +1.2)  kappa111=+0.03706  | binarized excess=+5.5586e-03 (z=  +4849.2) tie=0.0000
  d=6   s3=+4.5148e-04 (z=    -89.7)  s4=+2.2339e-06 (z=    +2.2)  kappa111=-0.02378  | binarized excess=+3.3742e-06 (z=     +3.9) tie=0.0000
  d=8   s3=+3.2093e-06 (z=     +8.6)  s4=-1.0412e-07 (z=    +1.3)  kappa111=+0.00286  | binarized excess=-4.5328e-07 (z=     -0.3) tie=0.0000
  d=12  s3=-5.4315e-08 (z=     -0.6)  s4=-1.3504e-07 (z=    +1.1)  kappa111=+0.00008  | binarized excess=+3.5391e-09 (z=     +0.0) tie=0.0000
  d=16  s3=-5.4809e-08 (z=     -0.4)  s4=-2.5609e-07 (z=    +1.0)  kappa111=-0.00014  | binarized excess=-1.3779e-06 (z=     -0.4) tie=0.0000
  COPULA floor: s=-2.772e-07 z=+0.03 kappa111_sd=6.638e-03 | XRUN floor: s=-1.213e-07 z=+0.13

=== kappa=0.05 sigma=0.01 clip rail=0.0023 clamp=5.86e-04 ===
  d=1   s3=+6.0127e-02 (z=   -276.1)  s4=+6.4214e-03 (z=    +2.3)  kappa111=+0.35627  | binarized excess=+4.3720e-02 (z= +38803.3) tie=0.0000
  d=2   s3=+6.5868e-04 (z=   +118.7)  s4=-3.2587e-06 (z=    +0.8)  kappa111=+0.03146  | binarized excess=+1.2785e-02 (z= +17332.3) tie=0.0000
  d=3   s3=+4.3210e-06 (z=     -8.6)  s4=-1.5333e-07 (z=    +1.1)  kappa111=-0.00452  | binarized excess=+1.3083e-05 (z=     +9.4) tie=0.0000
  d=4   s3=+5.0377e-08 (z=     -1.4)  s4=-3.2971e-07 (z=    +1.6)  kappa111=+0.00285  | binarized excess=+1.2168e-06 (z=     +1.5) tie=0.0000
  d=6   s3=+1.4796e-06 (z=     +5.2)  s4=-1.9926e-07 (z=    +1.0)  kappa111=+0.00267  | binarized excess=+1.4526e-06 (z=     +1.8) tie=0.0000
  d=8   s3=+5.3822e-07 (z=     +2.8)  s4=-2.9631e-07 (z=    +0.6)  kappa111=+0.00113  | binarized excess=-8.8610e-07 (z=     -1.1) tie=0.0000
  d=12  s3=-6.3540e-08 (z=     -0.3)  s4=-3.7352e-07 (z=    +0.2)  kappa111=-0.00006  | binarized excess=-4.2666e-07 (z=     -0.5) tie=0.0000
  d=16  s3=+1.6556e-08 (z=     +1.1)  s4=-2.1075e-07 (z=    +0.8)  kappa111=+0.00040  | binarized excess=+1.3562e-06 (z=     +0.3) tie=0.0000
  COPULA floor: s=-2.120e-07 z=-0.20 kappa111_sd=6.925e-03 | XRUN floor: s=-4.286e-08 z=-0.86

=== kappa=0.05 sigma=0.01 fold rail=0.0000 clamp=5.73e-04 ===
  d=1   s3=+4.2489e-02 (z=   -303.8)  s4=-4.3024e-03 (z=    +1.2)  kappa111=+0.36016  | binarized excess=+4.4946e-02 (z= +39713.1) tie=0.0000
  d=2   s3=+6.0379e-04 (z=    +68.5)  s4=-4.9662e-06 (z=    +1.1)  kappa111=+0.02990  | binarized excess=+1.2480e-02 (z= +10424.1) tie=0.0000
  d=3   s3=+1.6064e-05 (z=    -16.9)  s4=-3.1484e-08 (z=    +1.4)  kappa111=-0.00698  | binarized excess=+1.3378e-05 (z=     +9.6) tie=0.0000
  d=4   s3=+9.9571e-07 (z=     -4.2)  s4=+7.4484e-07 (z=    +1.9)  kappa111=+0.00168  | binarized excess=-6.8482e-07 (z=     -0.8) tie=0.0000
  d=6   s3=+1.6335e-06 (z=     +4.9)  s4=-3.3391e-08 (z=    +1.2)  kappa111=+0.00259  | binarized excess=+3.9159e-07 (z=     +0.5) tie=0.0000
  d=8   s3=+3.4860e-07 (z=     +2.5)  s4=-1.8708e-07 (z=    +0.8)  kappa111=+0.00094  | binarized excess=+8.3875e-07 (z=     +1.0) tie=0.0000
  d=12  s3=+9.5838e-08 (z=     -1.6)  s4=-1.1053e-08 (z=    +1.5)  kappa111=-0.00051  | binarized excess=-5.7617e-07 (z=     -0.7) tie=0.0000
  d=16  s3=-5.9285e-08 (z=     +0.4)  s4=-9.2511e-08 (z=    +1.5)  kappa111=+0.00015  | binarized excess=+1.2944e-07 (z=     +0.0) tie=0.0000
  COPULA floor: s=-2.192e-07 z=-0.17 kappa111_sd=6.935e-03 | XRUN floor: s=-1.221e-07 z=-0.57

=== kappa=0.16 sigma=0.001 clip rail=0.1210 clamp=7.51e-02 ===
  d=1   s3=+1.8277e-04 (z=    -51.0)  s4=+1.0909e-04 (z=    +1.8)  kappa111=+0.38670  | binarized excess=+4.3887e-02 (z= +44494.9) tie=0.0000
  d=2   s3=+6.6036e-03 (z=   -257.3)  s4=-2.0306e-05 (z=    +0.7)  kappa111=-0.11802  | binarized excess=+2.1024e-05 (z=    +23.0) tie=0.0000
  d=3   s3=+3.3278e-03 (z=   -362.3)  s4=-7.8467e-06 (z=    +1.0)  kappa111=-0.08432  | binarized excess=+9.1107e-04 (z=   +625.0) tie=0.0000
  d=4   s3=+1.6474e-06 (z=     -5.5)  s4=-8.1502e-06 (z=    +0.4)  kappa111=-0.00149  | binarized excess=+3.9785e-05 (z=    +27.1) tie=0.0000
  d=6   s3=+6.9873e-07 (z=     +3.5)  s4=+4.0670e-07 (z=    +2.2)  kappa111=+0.00425  | binarized excess=+2.1458e-05 (z=    +14.6) tie=0.0000
  d=8   s3=+8.1746e-06 (z=    +13.3)  s4=-1.4352e-07 (z=    +1.2)  kappa111=+0.00352  | binarized excess=-6.7757e-07 (z=     -0.6) tie=0.0000
  d=12  s3=+8.0019e-07 (z=     -4.0)  s4=-9.8616e-08 (z=    +1.2)  kappa111=-0.00099  | binarized excess=+2.0604e-06 (z=     +1.4) tie=0.0000
  d=16  s3=+2.0914e-07 (z=     +2.0)  s4=-2.0198e-08 (z=    +1.4)  kappa111=+0.00086  | binarized excess=-1.9186e-06 (z=     -0.5) tie=0.0000
  COPULA floor: s=-1.158e-07 z=-0.59 kappa111_sd=6.355e-03 | XRUN floor: s=-1.675e-07 z=+0.41

=== kappa=0.16 sigma=0.001 fold rail=0.0000 clamp=1.03e-01 ===
  d=1   s3=+6.0092e-05 (z=    -38.4)  s4=-2.6494e-05 (z=    +0.8)  kappa111=+0.29128  | binarized excess=+8.4575e-02 (z= +87952.4) tie=0.0000
  d=2   s3=+6.7732e-04 (z=   +171.8)  s4=-2.9748e-05 (z=    +0.9)  kappa111=+0.02106  | binarized excess=+9.8565e-03 (z=  +9148.0) tie=0.0000
  d=3   s3=+5.6101e-04 (z=   -100.2)  s4=-2.9064e-06 (z=    +1.0)  kappa111=-0.02340  | binarized excess=+6.1590e-04 (z=   +420.2) tie=0.0000
  d=4   s3=+1.6383e-04 (z=    -23.7)  s4=+7.8118e-07 (z=    +1.7)  kappa111=-0.01960  | binarized excess=+1.3527e-03 (z=   +937.8) tie=0.0000
  d=6   s3=+7.9206e-04 (z=   +134.1)  s4=-2.9657e-06 (z=    +0.6)  kappa111=+0.04400  | binarized excess=+1.0769e-03 (z=   +756.4) tie=0.0000
  d=8   s3=+1.4592e-06 (z=     -4.7)  s4=+1.9153e-07 (z=    +1.4)  kappa111=+0.01217  | binarized excess=+1.0838e-05 (z=    +12.8) tie=0.0000
  d=12  s3=+1.8595e-06 (z=     +5.5)  s4=-2.3995e-07 (z=    +1.0)  kappa111=+0.00284  | binarized excess=+6.9906e-06 (z=     +4.8) tie=0.0000
  d=16  s3=+4.3678e-07 (z=     -2.6)  s4=-6.4379e-08 (z=    +1.4)  kappa111=-0.00007  | binarized excess=-1.1856e-06 (z=     -0.7) tie=0.0000
  COPULA floor: s=-1.532e-07 z=-0.44 kappa111_sd=6.540e-03 | XRUN floor: s=-1.799e-07 z=-0.01
