
DEVICE: NVIDIA GeForce RTX 4090 Laptop GPU

====================================================================================
STAGE 1 — locate the synchronization transition
====================================================================================
  kappa=0.0   clip rho_bar=+0.0015 [+0.002 +0.001 +0.002] sync_err=0.4914 skew_raw=[-0.673 -0.605 -0.494]
  kappa=0.02  clip rho_bar=-0.0199 [-0.029 -0.043 +0.013] sync_err=0.5377 skew_raw=[-0.597 -0.504 -0.466]
  kappa=0.04  clip rho_bar=-0.0319 [-0.053 -0.065 +0.023] sync_err=0.5786 skew_raw=[-0.527 -0.452 -0.488]
  kappa=0.06  clip rho_bar=-0.0243 [-0.059 -0.072 +0.058] sync_err=0.6176 skew_raw=[-0.466 -0.425 -0.446]
  kappa=0.08  clip rho_bar=-0.0065 [-0.049 -0.042 +0.071] sync_err=0.6429 skew_raw=[-0.429 -0.366 -0.443]
  kappa=0.1   clip rho_bar=+0.0019 [-0.026 -0.030 +0.062] sync_err=0.6532 skew_raw=[-0.457 -0.350 -0.426]
  kappa=0.12  clip rho_bar=+0.0018 [-0.035 -0.029 +0.069] sync_err=0.6760 skew_raw=[-0.444 -0.341 -0.385]
  kappa=0.14  clip rho_bar=-0.0170 [-0.058 -0.051 +0.058] sync_err=0.7042 skew_raw=[-0.444 -0.416 -0.331]
  kappa=0.16  clip rho_bar=-0.0127 [-0.039 -0.051 +0.052] sync_err=0.7207 skew_raw=[-0.401 -0.338 -0.286]
  kappa=0.18  clip rho_bar=-0.0006 [-0.042 -0.047 +0.087] sync_err=0.7338 skew_raw=[-0.308 -0.268 -0.229]
  kappa=0.2   clip rho_bar=-0.0282 [-0.036 -0.066 +0.017] sync_err=0.7484 skew_raw=[-0.257 -0.276 -0.221]
  kappa=0.22  clip rho_bar=+0.0331 [-0.035 +0.017 +0.117] sync_err=0.7024 skew_raw=[-0.362 -0.311 -0.284]
  kappa=0.24  clip rho_bar=+0.0269 [-0.048 -0.008 +0.136] sync_err=0.7197 skew_raw=[-0.499 -0.184 -0.513]
  kappa=0.26  clip rho_bar=-0.0209 [-0.117 -0.109 +0.164] sync_err=0.7701 skew_raw=[-0.487 -0.225 -0.448]
  kappa=0.28  clip rho_bar=-0.0345 [-0.127 -0.122 +0.146] sync_err=0.7569 skew_raw=[-0.499 -0.307 -0.450]
  kappa=0.3   clip rho_bar=-0.0151 [-0.338 -0.302 +0.595] sync_err=0.9383 skew_raw=[-0.366 -0.186 -0.328]
  kappa=0.32  clip rho_bar=+0.0822 [-0.384 -0.368 +0.998] sync_err=0.8915 skew_raw=[-0.219 -0.645 -0.259]
  kappa=0.34  clip rho_bar=+0.1284 [-0.318 -0.295 +0.998] sync_err=0.8146 skew_raw=[-0.348 -0.573 -0.399]
  kappa=0.36  clip rho_bar=-0.4121 [-0.704 -0.449 -0.082] sync_err=1.1872 skew_raw=[+0.171 +0.002 -0.469]
  kappa=0.38  clip rho_bar=-0.3524 [-0.719 -0.411 +0.073] sync_err=1.1368 skew_raw=[+0.200 -0.122 -0.506]
  kappa=0.4   clip rho_bar=+0.0691 [-0.390 -0.402 +1.000] sync_err=1.1670 skew_raw=[-0.240 +0.331 -0.234]
  kappa=0.42  clip rho_bar=+0.0254 [-0.455 -0.468 +1.000] sync_err=1.1996 skew_raw=[-0.268 +0.265 -0.259]
  kappa=0.44  clip rho_bar=-0.0060 [-0.502 -0.516 +1.000] sync_err=1.2192 skew_raw=[-0.320 +0.197 -0.305]
  kappa=0.46  clip rho_bar=-0.0232 [-0.528 -0.541 +0.999] sync_err=1.2243 skew_raw=[-0.409 +0.130 -0.393]
  kappa=0.48  clip rho_bar=-0.0254 [-0.531 -0.545 +0.999] sync_err=1.2114 skew_raw=[-0.543 +0.063 -0.518]
  kappa=0.5   clip rho_bar=-0.0064 [-0.473 -0.498 +0.952] sync_err=1.1476 skew_raw=[-0.742 +0.010 -0.650]
  kappa=0.52  clip rho_bar=-0.4098 [-0.343 -0.647 -0.239] sync_err=1.1232 skew_raw=[-0.408 -0.037 -0.234]
  kappa=0.54  clip rho_bar=-0.2726 [-0.472 -0.514 +0.168] sync_err=1.0901 skew_raw=[-0.460 -0.144 -0.467]
  kappa=0.56  clip rho_bar=-0.4444 [-0.529 -0.554 -0.251] sync_err=1.1921 skew_raw=[-0.398 -0.011 -0.419]
  kappa=0.58  clip rho_bar=-0.2205 [-0.507 -0.498 +0.344] sync_err=1.1486 skew_raw=[-0.319 -0.374 -0.354]
  kappa=0.6   clip rho_bar=-0.2680 [-0.640 -0.632 +0.468] sync_err=1.2887 skew_raw=[-0.277 -0.225 -0.309]
  kappa=0.0   fold rho_bar=+0.0015 [+0.002 +0.001 +0.002] sync_err=0.4914 skew_raw=[-0.673 -0.605 -0.494]
  kappa=0.02  fold rho_bar=-0.0199 [-0.029 -0.043 +0.013] sync_err=0.5377 skew_raw=[-0.597 -0.504 -0.466]
  kappa=0.04  fold rho_bar=-0.0319 [-0.053 -0.065 +0.023] sync_err=0.5786 skew_raw=[-0.527 -0.452 -0.488]
  kappa=0.06  fold rho_bar=-0.0276 [-0.064 -0.074 +0.056] sync_err=0.6189 skew_raw=[-0.465 -0.427 -0.444]
  kappa=0.08  fold rho_bar=-0.0259 [-0.079 -0.070 +0.071] sync_err=0.6474 skew_raw=[-0.425 -0.384 -0.435]
  kappa=0.1   fold rho_bar=-0.0353 [-0.097 -0.077 +0.069] sync_err=0.6759 skew_raw=[-0.449 -0.344 -0.402]
  kappa=0.12  fold rho_bar=-0.0476 [-0.125 -0.107 +0.090] sync_err=0.7119 skew_raw=[-0.423 -0.306 -0.369]
  kappa=0.14  fold rho_bar=-0.0448 [-0.146 -0.122 +0.133] sync_err=0.7395 skew_raw=[-0.379 -0.293 -0.317]
  kappa=0.16  fold rho_bar=-0.0330 [-0.141 -0.147 +0.190] sync_err=0.7583 skew_raw=[-0.337 -0.276 -0.284]
  kappa=0.18  fold rho_bar=-0.0140 [-0.154 -0.196 +0.308] sync_err=0.7775 skew_raw=[-0.312 -0.264 -0.252]
  kappa=0.2   fold rho_bar=-0.0180 [-0.193 -0.210 +0.349] sync_err=0.7836 skew_raw=[-0.334 -0.298 -0.268]
  kappa=0.22  fold rho_bar=-0.0209 [-0.195 -0.191 +0.323] sync_err=0.7708 skew_raw=[-0.366 -0.336 -0.299]
  kappa=0.24  fold rho_bar=-0.0263 [-0.195 -0.171 +0.286] sync_err=0.7581 skew_raw=[-0.405 -0.357 -0.338]
  kappa=0.26  fold rho_bar=-0.0391 [-0.195 -0.175 +0.252] sync_err=0.7576 skew_raw=[-0.437 -0.360 -0.371]
  kappa=0.28  fold rho_bar=-0.0467 [-0.202 -0.167 +0.229] sync_err=0.7553 skew_raw=[-0.455 -0.349 -0.407]
  kappa=0.3   fold rho_bar=-0.0611 [-0.222 -0.167 +0.205] sync_err=0.7607 skew_raw=[-0.478 -0.331 -0.440]
  kappa=0.32  fold rho_bar=-0.0810 [-0.249 -0.182 +0.188] sync_err=0.7746 skew_raw=[-0.496 -0.318 -0.467]
  kappa=0.34  fold rho_bar=-0.1051 [-0.279 -0.210 +0.174] sync_err=0.7938 skew_raw=[-0.512 -0.306 -0.488]
  kappa=0.36  fold rho_bar=-0.1302 [-0.322 -0.244 +0.175] sync_err=0.8163 skew_raw=[-0.505 -0.295 -0.504]
  kappa=0.38  fold rho_bar=-0.1458 [-0.357 -0.280 +0.200] sync_err=0.8368 skew_raw=[-0.491 -0.280 -0.513]
  kappa=0.4   fold rho_bar=-0.1570 [-0.389 -0.313 +0.231] sync_err=0.8539 skew_raw=[-0.475 -0.263 -0.509]
  kappa=0.42  fold rho_bar=-0.1595 [-0.399 -0.331 +0.251] sync_err=0.8576 skew_raw=[-0.465 -0.257 -0.493]
  kappa=0.44  fold rho_bar=-0.1574 [-0.400 -0.343 +0.270] sync_err=0.8565 skew_raw=[-0.454 -0.253 -0.474]
  kappa=0.46  fold rho_bar=-0.1534 [-0.396 -0.346 +0.282] sync_err=0.8521 skew_raw=[-0.435 -0.250 -0.455]
  kappa=0.48  fold rho_bar=-0.1424 [-0.386 -0.345 +0.304] sync_err=0.8455 skew_raw=[-0.417 -0.255 -0.432]
  kappa=0.5   fold rho_bar=-0.1330 [-0.380 -0.340 +0.321] sync_err=0.8397 skew_raw=[-0.404 -0.260 -0.413]
  kappa=0.52  fold rho_bar=-0.1221 [-0.367 -0.334 +0.334] sync_err=0.8320 skew_raw=[-0.396 -0.265 -0.398]
  kappa=0.54  fold rho_bar=-0.1092 [-0.350 -0.319 +0.342] sync_err=0.8212 skew_raw=[-0.384 -0.266 -0.387]
  kappa=0.56  fold rho_bar=-0.0936 [-0.330 -0.300 +0.350] sync_err=0.8094 skew_raw=[-0.373 -0.266 -0.371]
  kappa=0.58  fold rho_bar=-0.0744 [-0.303 -0.278 +0.358] sync_err=0.7950 skew_raw=[-0.361 -0.272 -0.360]
  kappa=0.6   fold rho_bar=-0.0575 [-0.279 -0.256 +0.363] sync_err=0.7813 skew_raw=[-0.353 -0.279 -0.352]

  TRANSITION [clip]: kappa_c = argmax d(rho_bar)/d(kappa) = 0.38   chi_max = 12.029

  TRANSITION [fold]: kappa_c = argmax d(rho_bar)/d(kappa) = 0.58   chi_max = 0.903
