
=== T3d1 @ k=0.05 (OUTSIDE regime) ===
   n_oss       T      s3          ratio    kappa_111   ratio    max|rho|   z
   128        8192  +2.1975e-02   1.000   +0.37112    1.000   0.5601      -81.0
   512       32768  +2.1732e-02   0.989   +0.37106    1.000   0.5608     -156.5
   2048     131072  +2.1827e-02   0.993   +0.37127    1.000   0.5605     -295.2
   drift over 16x in T:  s3 +0.7%   kappa_111 +0.0%   rho +0.1%   -> STABLE (tracked by the moments)

=== S3   @ k=0.16 (inside) ===
   n_oss       T      s3          ratio    kappa_111   ratio    max|rho|   z
   128        8192  +1.5924e-03   1.000   -0.09789    1.000   0.2262      -47.3
   512       32768  +1.5334e-03   0.963   -0.09630    0.984   0.2252      -61.9
   2048     131072  +1.5564e-03   0.977   -0.09700    0.991   0.2262     -213.7
   drift over 16x in T:  s3 +2.3%   kappa_111 +0.9%   rho +0.0%   -> STABLE (tracked by the moments)

=== C3   @ k=0.14 (inside) ===
   n_oss       T      s3          ratio    kappa_111   ratio    max|rho|   z
   128        8192  +2.6818e-04   1.000   -0.02954    1.000   0.2287      -31.2
   512       32768  +2.5520e-04   0.952   -0.02907    0.984   0.2295      -61.4
   2048     131072  +2.5592e-04   0.954   -0.02919    0.988   0.2284     -106.5
   drift over 16x in T:  s3 +4.6%   kappa_111 +1.2%   rho +0.1%   -> STABLE (NOT tracked by the moments)

=== T3d4 @ k=0.05 (inside, tail) ===
   n_oss       T      s3          ratio    kappa_111   ratio    max|rho|   z
   128        8192  +4.7631e-05   1.000   -0.00376    1.000   0.0949       -8.8
   512       32768  +4.1692e-05   0.875   -0.00354    0.940   0.0934      -18.4
   2048     131072  +4.5793e-05   0.961   -0.00393    1.044   0.0937      -41.6
   drift over 16x in T:  s3 +3.9%   kappa_111 +4.4%   rho +1.2%   -> STABLE (tracked by the moments)
