DEVICE: NVIDIA GeForce RTX 4090 Laptop GPU

====================================================================================
ARM B — Monte Carlo on the MOMENTS (unbiased), share evaluated exactly from
them.  Gated on reproducing Arm A at L = 16.
====================================================================================
  [equilibration] hot m=0.67421 cold m=0.67251  z=2.31  (|z|>3 means burn-in too short)  tau_sw=144 gap=144 burn=861
  L=16  r=4  h=1.65728e-02  m=0.67336+-0.00037  c(r)=0.60486  tau=0.43444+-0.00026
        U=-0.162418  dtau=-0.057037  I_C3=4.806230e-03 +- 1.25e-05   I*L^3/4=0.03845   [741s]
        share vs r: r=1:6.816e-04  r=2:2.503e-03  r=3:3.908e-03  r=4:4.806e-03  r=5:5.259e-03  r=6:5.109e-03  r=7:3.672e-03
  [equilibration] hot m=0.64091 cold m=0.64130  z=0.57  (|z|>3 means burn-in too short)  tau_sw=346 gap=346 burn=2076
  L=24  r=6  h=7.74863e-03  m=0.64111+-0.00034  c(r)=0.54713  tau=0.37406+-0.00021
        U=-0.138928  dtau=-0.059371  I_C3=4.663187e-03 +- 1.21e-05   I*L^3/4=0.05056   [1592s]
        share vs r: r=1:5.733e-04  r=2:1.997e-03  r=3:3.060e-03  r=4:3.787e-03  r=5:4.297e-03  r=6:4.663e-03  r=7:4.897e-03  r=8:4.988e-03  r=9:4.857e-03  r=10:4.314e-03  r=11:2.885e-03
  [equilibration] hot m=0.61862 cold m=0.61875  z=0.19  (|z|>3 means burn-in too short)  tau_sw=646 gap=646 burn=3876
  L=32  r=8  h=4.51820e-03  m=0.61869+-0.00033  c(r)=0.50916  tau=0.33603+-0.00019
        U=-0.124316  dtau=-0.059081  I_C3=4.319299e-03 +- 1.16e-05   I*L^3/4=0.05811   [1590s]
        share vs r: r=1:5.250e-04  r=2:1.758e-03  r=3:2.626e-03  r=4:3.191e-03  r=5:3.591e-03  r=6:3.896e-03  r=7:4.131e-03  r=8:4.319e-03  r=9:4.456e-03  r=10:4.540e-03  r=11:4.554e-03  r=12:4.459e-03  r=13:4.184e-03  r=14:3.584e-03  r=15:2.329e-03
  wrote /home/emoore/CIRISOntology/scratchpad/cft_mc.json

====================================================================================
THE SCALING RAY [arm B] — I_C^(3) along m~lam, c~lam^2, tau~lam^3
====================================================================================
  amplitudes read off L=32 (lam=0.64842): m/lam=0.95414  c/lam^2=1.21100  tau/lam^3=1.23257
  L=8            lam=0.77111  I_C^(3)=3.412028e-03  dtau=-0.041614  1/2 dtau^2=8.658e-04  I/(1/2 dtau^2)= 3.941  local dlnI/dlnL=+nan
  L=12           lam=0.73300  I_C^(3)=4.509810e-03  dtau=-0.052437  1/2 dtau^2=1.375e-03  I/(1/2 dtau^2)= 3.280  local dlnI/dlnL=+0.6880
  L=16           lam=0.70711  I_C^(3)=4.770742e-03  dtau=-0.056701  1/2 dtau^2=1.607e-03  I/(1/2 dtau^2)= 2.968  local dlnI/dlnL=+0.1955
  L=20           lam=0.68766  I_C^(3)=4.753493e-03  dtau=-0.058497  1/2 dtau^2=1.711e-03  I/(1/2 dtau^2)= 2.778  local dlnI/dlnL=-0.0162
  L=24           lam=0.67216  I_C^(3)=4.635382e-03  dtau=-0.059172  1/2 dtau^2=1.751e-03  I/(1/2 dtau^2)= 2.648  local dlnI/dlnL=-0.1380
  L=32           lam=0.64842  I_C^(3)=4.319299e-03  dtau=-0.059081  1/2 dtau^2=1.745e-03  I/(1/2 dtau^2)= 2.475  local dlnI/dlnL=-0.2455
  L=48           lam=0.61637  I_C^(3)=3.727721e-03  dtau=-0.057184  1/2 dtau^2=1.635e-03  I/(1/2 dtau^2)= 2.280  local dlnI/dlnL=-0.3633
  L=64           lam=0.59460  I_C^(3)=3.274694e-03  dtau=-0.054987  1/2 dtau^2=1.512e-03  I/(1/2 dtau^2)= 2.166  local dlnI/dlnL=-0.4504
  L=128          lam=0.54525  I_C^(3)=2.258916e-03  dtau=-0.048178  1/2 dtau^2=1.161e-03  I/(1/2 dtau^2)= 1.946  local dlnI/dlnL=-0.5357
  L=512          lam=0.45850  I_C^(3)=9.271691e-04  dtau=-0.033592  1/2 dtau^2=5.642e-04  I/(1/2 dtau^2)= 1.643  local dlnI/dlnL=-0.6424
  L=4096         lam=0.35355  I_C^(3)=2.080466e-04  dtau=-0.017436  1/2 dtau^2=1.520e-04  I/(1/2 dtau^2)= 1.369  local dlnI/dlnL=-0.7186
  L=100000       lam=0.23714  I_C^(3)=1.898666e-05  dtau=-0.005722  1/2 dtau^2=1.637e-05  I/(1/2 dtau^2)= 1.160  local dlnI/dlnL=-0.7493
  L=1e+07        lam=0.13335  I_C^(3)=5.910633e-07  dtau=-0.001061  1/2 dtau^2=5.633e-07  I/(1/2 dtau^2)= 1.049  local dlnI/dlnL=-0.7534
  L=1e+10        lam=0.05623  I_C^(3)=3.294592e-09  dtau=-0.000081  1/2 dtau^2=3.266e-09  I/(1/2 dtau^2)= 1.009  local dlnI/dlnL=-0.7513
  wrote /home/emoore/CIRISOntology/scratchpad/cft_ray_B.json
  E2  ridge I_C^(3)(L)  [Arm B]: predicted -0.7500 | local slopes [-0.075, -0.266] | last -0.2663 | global fit -0.1489  -> FIRES
  E4  m(L)  [Arm B]: predicted -0.1250 | local slopes [-0.121, -0.124] | last -0.1237 | global fit -0.1221  -> SURVIVES
  E4  U(L)  [Arm B]: predicted -0.3750 | local slopes [-0.385, -0.386] | last -0.3863 | global fit -0.3857  -> SURVIVES
  E4  dtau(L)  [Arm B]: predicted -0.3750 | local slopes [+0.099, -0.017] | last -0.0170 | global fit +0.0540  -> FIRES
