DEVICE: NVIDIA GeForce RTX 4090 Laptop GPU
================================================================================
GATE — instrument + enumeration.  All eight required (prereg section 7).
================================================================================
(1) fast solver vs array_cap_experiment.shareK (IPF), 2000 random states:  max|diff| = 6.399e-13   (< 1e-12 required)
(2) boundary-adjacent states (min cell ~1e-8), vs an independent 60-digit reference, 50 states:
      fast solver: max|diff| = 9.645e-15   (< 1e-9 required)
      IPF        : max|diff| = 4.598e-05   [diagnostic: IPF OVERSTATES the share on near-deterministic states]
(3) exact parity: I_C^(3) = 0.693147180559945   ln2 = 0.693147180559945   CF = 1.000000   TC = 0.693147   O-info = -0.693147   I_C^(2) = 0.00e+00
(4) exact independent: I_C^(3) = 0.000e+00   (< 1e-14 required)
(5) explicit 3-body coupling vs CLOSED FORM at K = 0.5/0.8146/0.9/1.2:  max|diff| = 4.441e-16   (< 1e-12 required)
      K=0.9 gives 0.284838 nats, NOT the 0.247 that SPIKE_SURVEY.md pairs with K=0.9 (0.247 is K=0.8146)
(6) sign-symmetry lemma, 2000 random Z2-symmetric states:  max|I_C^(3)| = 4.441e-16   (< 1e-12 required)
(8) enumeration bookkeeping: total configs 65536 == 2^16 -> True;  bond energy vs brute force on 200 random configs -> True
(7) *** VALIDITY *** exact 4x4 Ising, h=0, 49 temperatures x 5 geometries:  max|I_C^(3)| = 4.441e-16   (< 1e-12 required)
(9) precision on the REAL 4x4 Ising grid (worst-conditioned states incl. the near-deterministic corners), vs 60-digit reference:
      fast solver: max|diff| = 3.096e-16   (< 1e-12 required)
      IPF        : max|diff| = 1.433e-12   [diagnostic]

GATE VERDICT: PASS

ARM A — exact enumeration.  49 temperatures x 33 fields (h=0 included exactly), lattices [(4, 4), (6, 4), (5, 5)]
  4x4 (N=16, 2^16 = 65536 configs)
    [4x4: 65536 configs enumerated in 0.0s, geoms ['star', 'Lcorner', 'plaq', 'colin1', 'far']]
    star     h=0 column max|I_C3| = 4.44e-16   peak = 2.957613e-03 nats (CF 0.427%) at T = 1.986 (T/Tc = 0.875), h = 0.2108, |m| = 0.873
    Lcorner  h=0 column max|I_C3| = 2.22e-16   peak = 1.648416e-03 nats (CF 0.238%) at T = 1.876 (T/Tc = 0.827), h = 0.1613, |m| = 0.830
    plaq     h=0 column max|I_C3| = 2.22e-16   peak = 1.648416e-03 nats (CF 0.238%) at T = 1.876 (T/Tc = 0.827), h = 0.1613, |m| = 0.830
    colin1   h=0 column max|I_C3| = 2.22e-16   peak = 1.648416e-03 nats (CF 0.238%) at T = 1.876 (T/Tc = 0.827), h = 0.1613, |m| = 0.830
    far      h=0 column max|I_C3| = 2.22e-16   peak = 3.214551e-03 nats (CF 0.464%) at T = 2.041 (T/Tc = 0.900), h = 0.2108, |m| = 0.857
  6x4 (N=24, 2^24 = 16777216 configs)
    [6x4: 16777216 configs enumerated in 0.8s, geoms ['star', 'Lcorner', 'plaq', 'colin1', 'colin2', 'far']]
    star     h=0 column max|I_C3| = 4.44e-16   peak = 3.383957e-03 nats (CF 0.488%) at T = 1.931 (T/Tc = 0.851), h = 0.1235, |m| = 0.846
    Lcorner  h=0 column max|I_C3| = 4.44e-16   peak = 1.793562e-03 nats (CF 0.259%) at T = 1.876 (T/Tc = 0.827), h = 0.1235, |m| = 0.864
    plaq     h=0 column max|I_C3| = 4.44e-16   peak = 1.793562e-03 nats (CF 0.259%) at T = 1.876 (T/Tc = 0.827), h = 0.1235, |m| = 0.864
    colin1   h=0 column max|I_C3| = 4.44e-16   peak = 1.825975e-03 nats (CF 0.263%) at T = 1.876 (T/Tc = 0.827), h = 0.1235, |m| = 0.864
    colin2   h=0 column max|I_C3| = 8.88e-16   peak = 3.728759e-03 nats (CF 0.538%) at T = 1.931 (T/Tc = 0.851), h = 0.1235, |m| = 0.846
    far      h=0 column max|I_C3| = 4.44e-16   peak = 3.985045e-03 nats (CF 0.575%) at T = 1.931 (T/Tc = 0.851), h = 0.1235, |m| = 0.846
  5x5 (N=25, 2^25 = 33554432 configs)
    [5x5: 33554432 configs enumerated in 0.4s, geoms ['star', 'Lcorner', 'plaq', 'colin1', 'colin2', 'far']]
    star     h=0 column max|I_C3| = 4.44e-16   peak = 3.957019e-03 nats (CF 0.571%) at T = 1.931 (T/Tc = 0.851), h = 0.1235, |m| = 0.860
    Lcorner  h=0 column max|I_C3| = 2.22e-16   peak = 2.037481e-03 nats (CF 0.294%) at T = 1.876 (T/Tc = 0.827), h = 0.0945, |m| = 0.795
    plaq     h=0 column max|I_C3| = 2.22e-16   peak = 2.037481e-03 nats (CF 0.294%) at T = 1.876 (T/Tc = 0.827), h = 0.0945, |m| = 0.795
    colin1   h=0 column max|I_C3| = 2.22e-16   peak = 2.069742e-03 nats (CF 0.299%) at T = 1.876 (T/Tc = 0.827), h = 0.0945, |m| = 0.795
    colin2   h=0 column max|I_C3| = 8.88e-16   peak = 3.005822e-03 nats (CF 0.434%) at T = 1.931 (T/Tc = 0.851), h = 0.1235, |m| = 0.860
    far      h=0 column max|I_C3| = 4.44e-16   peak = 4.717474e-03 nats (CF 0.681%) at T = 1.986 (T/Tc = 0.875), h = 0.1235, |m| = 0.841
  wrote /home/emoore/CIRISOntology/scratchpad/ising_exact.json
