
=== KA_T0.44  surrogate  C=200 N=4096 bins=25 ===
  neighbour lists K=85  [36.5s]
  live bins 17/25 (>= 20000 pairs)
  IBI   0  rms=0.46344  max=1.35379  [75s]
  IBI   5  rms=0.07861  max=0.24575  [215s]
  IBI  10  rms=0.03849  max=0.12457  [349s]
  IBI  15  rms=0.02442  max=0.08107  [479s]
  IBI  20  rms=0.01740  max=0.05891  [611s]
  IBI  25  rms=0.01343  max=0.04610  [751s]
  IBI  30  rms=0.01085  max=0.03774  [955s]
  IBI  35  rms=0.00903  max=0.03174  [1048s]
  IBI  39  rms=0.00799  max=0.02843  [1157s]
  replica 0/24  [1359s]
  replica 10/24  [1487s]
  replica 20/24  [1618s]
  1.300:1.300:1.300  data=5.7173e-03  surr=4.9137e-03 +- 8.16e-05  exc=+8.0358e-04 +- 2.14e-04 (z=+3.76)  p=0.0400
  1.500:1.500:1.500  data=2.3424e-03  surr=2.0630e-03 +- 4.02e-05  exc=+2.7940e-04 +- 7.32e-05 (z=+3.82)  p=0.0400
  1.800:1.800:1.800  data=1.3898e-05  surr=1.1437e-05 +- 4.98e-07  exc=+2.4607e-06 +- 1.64e-06 (z=+1.50)  p=0.0400
  [checkpointed KA_T0.44]

=== KA_T0.50  surrogate  C=200 N=4096 bins=25 ===
  neighbour lists K=85  [39.7s]
  live bins 17/25 (>= 20000 pairs)
  IBI   0  rms=0.44813  max=1.35018  [57s]
  IBI   5  rms=0.07499  max=0.24276  [115s]
  IBI  10  rms=0.03628  max=0.12134  [171s]
  IBI  15  rms=0.02292  max=0.07848  [225s]
  IBI  20  rms=0.01634  max=0.05722  [284s]
  IBI  25  rms=0.01254  max=0.04447  [371s]
  IBI  30  rms=0.01006  max=0.03618  [426s]
  IBI  35  rms=0.00824  max=0.02982  [483s]
  IBI  39  rms=0.00718  max=0.02615  [524s]
  replica 0/24  [600s]
  replica 10/24  [627s]
  replica 20/24  [654s]
  1.300:1.300:1.300  data=4.2620e-03  surr=3.7147e-03 +- 4.45e-05  exc=+5.4723e-04 +- 1.79e-04 (z=+3.05)  p=0.0400
  1.500:1.500:1.500  data=1.0125e-03  surr=8.6815e-04 +- 1.56e-05  exc=+1.4433e-04 +- 5.14e-05 (z=+2.81)  p=0.0400
  1.800:1.800:1.800  data=1.5185e-06  surr=1.8340e-06 +- 2.06e-07  exc=-3.1548e-07 +- 6.63e-07 (z=-0.48)  p=1.0000
  [checkpointed KA_T0.50]

=== KA_T0.56  surrogate  C=200 N=4096 bins=25 ===
  neighbour lists K=85  [21.0s]
  live bins 17/25 (>= 20000 pairs)
  IBI   0  rms=0.43450  max=1.34902  [26s]
  IBI   5  rms=0.07123  max=0.23644  [105s]
  IBI  10  rms=0.03371  max=0.11583  [135s]
  IBI  15  rms=0.02079  max=0.07342  [158s]
  IBI  20  rms=0.01458  max=0.05235  [197s]
  IBI  25  rms=0.01105  max=0.04027  [221s]
  IBI  30  rms=0.00885  max=0.03265  [243s]
  IBI  35  rms=0.00729  max=0.02722  [266s]
  IBI  39  rms=0.00638  max=0.02399  [284s]
  replica 0/24  [360s]
  replica 10/24  [388s]
  replica 20/24  [415s]
  1.300:1.300:1.300  data=2.7205e-03  surr=2.3955e-03 +- 9.59e-05  exc=+3.2500e-04 +- 1.43e-04 (z=+2.28)  p=0.0400
  1.500:1.500:1.500  data=5.6071e-04  surr=4.6388e-04 +- 1.48e-05  exc=+9.6830e-05 +- 3.67e-05 (z=+2.64)  p=0.0400
  1.800:1.800:1.800  data=5.8414e-07  surr=2.9290e-07 +- 5.08e-08  exc=+2.9124e-07 +- 4.79e-07 (z=+0.61)  p=0.0400
  [checkpointed KA_T0.56]

=== KA_T0.64  surrogate  C=200 N=4096 bins=25 ===
  neighbour lists K=85  [21.1s]
  live bins 18/25 (>= 20000 pairs)
  IBI   0  rms=0.51849  max=1.36422  [26s]
  IBI   5  rms=0.08866  max=0.25065  [109s]
  IBI  10  rms=0.04279  max=0.12475  [131s]
  IBI  15  rms=0.02678  max=0.07912  [154s]
  IBI  20  rms=0.01914  max=0.05775  [176s]
  IBI  25  rms=0.01486  max=0.04587  [194s]
  IBI  30  rms=0.01161  max=0.03526  [212s]
  IBI  35  rms=0.00967  max=0.02949  [231s]
  IBI  39  rms=0.00861  max=0.02665  [245s]
  replica 0/24  [313s]
  replica 10/24  [335s]
  replica 20/24  [356s]
  1.300:1.300:1.300  data=2.1863e-03  surr=1.8453e-03 +- 5.43e-05  exc=+3.4107e-04 +- 1.15e-04 (z=+2.97)  p=0.0400
  1.500:1.500:1.500  data=3.8703e-05  surr=3.9300e-05 +- 2.56e-06  exc=-5.9678e-07 +- 9.47e-06 (z=-0.06)  p=0.6800
  1.800:1.800:1.800  data=2.0870e-06  surr=2.4101e-06 +- 1.86e-07  exc=-3.2319e-07 +- 7.99e-07 (z=-0.40)  p=0.9600
  [checkpointed KA_T0.64]

wrote glass_stageB_paired.json
