
=== KA_T0.44  L=15.0566 ===
    conf 0/500  3.8s
    conf 50/500  87.1s
    conf 100/500  169.8s
    conf 150/500  248.1s
    conf 200/500  328.9s
    conf 250/500  410.8s
    conf 300/500  494.1s
    conf 350/500  579.1s
    conf 400/500  657.0s
    conf 450/500  735.8s
  0.890:0.890:0.890  N=8.064e+05  share=2.3670e-05  null=1.850e-06  exc=+2.1820e-05  p=0.0199  head=0.000  minc=72  bsd=1.82e-05  ovl=5.6x
  1.070:1.070:1.070  N=1.250e+07  share=5.6066e-08  null=6.201e-08  exc=-5.9445e-09  p=0.5349  head=0.004  minc=881  bsd=2.55e-07  ovl=5.2x
  1.300:1.300:1.300  N=6.651e+05  share=5.4315e-03  null=1.986e-06  exc=+5.4295e-03  p=0.0033  head=0.194  minc=20302  bsd=2.86e-04  ovl=7.5x
  1.500:1.500:1.500  N=1.869e+06  share=2.6531e-03  null=9.619e-07  exc=+2.6521e-03  p=0.0033  head=0.536  minc=124074  bsd=1.35e-04  ovl=18.1x
  1.800:1.800:1.800  N=1.250e+07  share=1.1429e-05  null=6.208e-08  exc=+1.1367e-05  p=0.0033  head=0.127  minc=81225  bsd=2.56e-06  ovl=2.9x
  2.100:2.100:2.100  N=1.250e+07  share=7.4745e-07  null=6.614e-08  exc=+6.8131e-07  p=0.0166  head=0.048  minc=17891  bsd=6.84e-07  ovl=3.9x
  2.500:2.500:2.500  N=1.250e+07  share=1.1158e-05  null=5.277e-08  exc=+1.1105e-05  p=0.0033  head=0.247  minc=193736  bsd=2.54e-06  ovl=4.8x
  3.000:3.000:3.000  N=1.250e+07  share=1.0752e-05  null=3.841e-08  exc=+1.0714e-05  p=0.0033  head=0.117  minc=71463  bsd=1.79e-06  ovl=2.0x
  4.000:4.000:4.000  N=1.250e+07  share=3.8148e-08  null=2.762e-08  exc=+1.0525e-08  p=0.4452  head=0.141  minc=108717  bsd=1.19e-07  ovl=2.1x
  5.000:5.000:5.000  N=1.250e+07  share=2.0057e-10  null=2.449e-08  exc=-2.4285e-08  p=0.9734  head=0.146  minc=109824  bsd=6.55e-08  ovl=2.0x
  6.000:6.000:6.000  N=1.250e+07  share=5.4841e-07  null=1.884e-08  exc=+5.2957e-07  p=0.0033  head=0.143  minc=102405  bsd=3.26e-07  ovl=1.3x
  [checkpointed KA_T0.44]

=== KA_T0.50  L=15.0566 ===
    conf 0/500  2.2s
    conf 50/500  141.4s
    conf 100/500  214.6s
    conf 150/500  283.4s
    conf 200/500  352.2s
    conf 250/500  429.6s
    conf 300/500  499.4s
    conf 350/500  561.8s
    conf 400/500  626.5s
    conf 450/500  687.5s
  0.890:0.890:0.890  N=9.567e+05  share=3.1081e-05  null=1.332e-06  exc=+2.9748e-05  p=0.0033  head=0.000  minc=108  bsd=1.96e-05  ovl=6.1x
  1.070:1.070:1.070  N=1.250e+07  share=6.0149e-07  null=5.561e-08  exc=+5.4588e-07  p=0.0299  head=0.005  minc=1175  bsd=6.23e-07  ovl=3.0x
  1.300:1.300:1.300  N=7.279e+05  share=3.6490e-03  null=1.985e-06  exc=+3.6470e-03  p=0.0033  head=0.230  minc=21926  bsd=2.46e-04  ovl=9.7x
  1.500:1.500:1.500  N=1.906e+06  share=1.0129e-03  null=7.435e-07  exc=+1.0122e-03  p=0.0033  head=0.509  minc=120840  bsd=7.68e-05  ovl=9.3x
  1.800:1.800:1.800  N=1.250e+07  share=2.9797e-06  null=8.328e-08  exc=+2.8964e-06  p=0.0033  head=0.126  minc=76611  bsd=1.35e-06  ovl=4.1x
  2.100:2.100:2.100  N=1.250e+07  share=3.0006e-06  null=6.402e-08  exc=+2.9366e-06  p=0.0033  head=0.050  minc=21150  bsd=1.20e-06  ovl=3.7x
  2.500:2.500:2.500  N=1.250e+07  share=1.2281e-05  null=5.292e-08  exc=+1.2228e-05  p=0.0033  head=0.237  minc=185284  bsd=2.45e-06  ovl=3.4x
  3.000:3.000:3.000  N=1.250e+07  share=8.3373e-06  null=4.089e-08  exc=+8.2964e-06  p=0.0033  head=0.117  minc=72904  bsd=1.80e-06  ovl=2.4x
  4.000:4.000:4.000  N=1.250e+07  share=2.1600e-08  null=2.777e-08  exc=-6.1702e-09  p=0.5615  head=0.141  minc=107428  bsd=1.21e-07  ovl=1.0x
  5.000:5.000:5.000  N=1.250e+07  share=1.0584e-08  null=1.870e-08  exc=-8.1173e-09  p=0.6246  head=0.146  minc=108042  bsd=8.90e-08  ovl=0.7x
  6.000:6.000:6.000  N=1.250e+07  share=1.3924e-07  null=2.170e-08  exc=+1.1754e-07  p=0.0764  head=0.143  minc=102967  bsd=1.50e-07  ovl=1.5x
  [checkpointed KA_T0.50]

=== KA_T0.56  L=15.0566 ===
    conf 0/500  1.3s
    conf 50/500  61.8s
    conf 100/500  126.5s
    conf 150/500  184.9s
    conf 200/500  243.5s
    conf 250/500  302.0s
    conf 300/500  360.7s
    conf 350/500  419.5s
    conf 400/500  478.9s
    conf 450/500  537.5s
  0.890:0.890:0.890  N=1.112e+06  share=4.1898e-05  null=1.334e-06  exc=+4.0564e-05  p=0.0033  head=0.001  minc=192  bsd=2.00e-05  ovl=5.8x
  1.070:1.070:1.070  N=1.250e+07  share=8.4799e-08  null=6.980e-08  exc=+1.5002e-08  p=0.4452  head=0.006  minc=1373  bsd=3.14e-07  ovl=2.8x
  1.300:1.300:1.300  N=7.844e+05  share=3.1346e-03  null=1.338e-06  exc=+3.1333e-03  p=0.0033  head=0.262  minc=23328  bsd=2.19e-04  ovl=3.4x
  1.500:1.500:1.500  N=1.949e+06  share=5.0691e-04  null=7.253e-07  exc=+5.0618e-04  p=0.0033  head=0.486  minc=119382  bsd=5.23e-05  ovl=5.0x
  1.800:1.800:1.800  N=1.250e+07  share=6.2938e-08  null=6.784e-08  exc=-4.9070e-09  p=0.5150  head=0.128  minc=74993  bsd=2.62e-07  ovl=5.8x
  2.100:2.100:2.100  N=1.250e+07  share=1.7028e-06  null=5.752e-08  exc=+1.6453e-06  p=0.0033  head=0.053  minc=23677  bsd=9.36e-07  ovl=2.0x
  2.500:2.500:2.500  N=1.250e+07  share=4.2907e-06  null=5.691e-08  exc=+4.2338e-06  p=0.0033  head=0.231  minc=179862  bsd=1.49e-06  ovl=2.2x
  3.000:3.000:3.000  N=1.250e+07  share=3.8422e-06  null=3.726e-08  exc=+3.8050e-06  p=0.0033  head=0.117  minc=74757  bsd=1.09e-06  ovl=1.5x
  4.000:4.000:4.000  N=1.250e+07  share=2.2216e-09  null=2.132e-08  exc=-1.9094e-08  p=0.8405  head=0.141  minc=106525  bsd=1.01e-07  ovl=0.7x
  5.000:5.000:5.000  N=1.250e+07  share=3.6785e-08  null=2.037e-08  exc=+1.6420e-08  p=0.3854  head=0.144  minc=107194  bsd=1.13e-07  ovl=1.0x
  6.000:6.000:6.000  N=1.250e+07  share=6.0877e-08  null=2.015e-08  exc=+4.0728e-08  p=0.2591  head=0.143  minc=102632  bsd=1.28e-07  ovl=1.2x
  [checkpointed KA_T0.56]

=== KA_T0.64  L=15.0566 ===
    conf 0/500  1.1s
    conf 50/500  59.1s
    conf 100/500  117.9s
    conf 150/500  177.5s
    conf 200/500  238.5s
    conf 250/500  303.7s
    conf 300/500  367.7s
    conf 350/500  431.2s
    conf 400/500  495.3s
    conf 450/500  558.6s
  0.890:0.890:0.890  N=1.307e+06  share=5.1320e-05  null=1.050e-06  exc=+5.0270e-05  p=0.0033  head=0.003  minc=294  bsd=2.05e-05  ovl=9.4x
  1.070:1.070:1.070  N=1.250e+07  share=1.5591e-06  null=5.967e-08  exc=+1.4994e-06  p=0.0066  head=0.007  minc=1806  bsd=1.06e-06  ovl=4.1x
  1.300:1.300:1.300  N=8.575e+05  share=2.2563e-03  null=1.285e-06  exc=+2.2550e-03  p=0.0033  head=0.306  minc=25632  bsd=1.82e-04  ovl=2.7x
  1.500:1.500:1.500  N=1.990e+06  share=6.1014e-05  null=6.106e-07  exc=+6.0404e-05  p=0.0033  head=0.460  minc=114570  bsd=2.02e-05  ovl=5.1x
  1.800:1.800:1.800  N=1.250e+07  share=7.6399e-07  null=7.053e-08  exc=+6.9346e-07  p=0.0266  head=0.129  minc=73047  bsd=6.49e-07  ovl=3.2x
  2.100:2.100:2.100  N=1.250e+07  share=1.1755e-06  null=6.217e-08  exc=+1.1134e-06  p=0.0100  head=0.057  minc=27000  bsd=7.77e-07  ovl=4.8x
  2.500:2.500:2.500  N=1.250e+07  share=6.4849e-06  null=7.213e-08  exc=+6.4128e-06  p=0.0033  head=0.223  minc=172107  bsd=1.82e-06  ovl=5.0x
  3.000:3.000:3.000  N=1.250e+07  share=1.8213e-06  null=4.106e-08  exc=+1.7803e-06  p=0.0033  head=0.117  minc=76779  bsd=8.05e-07  ovl=2.7x
  4.000:4.000:4.000  N=1.250e+07  share=1.5865e-07  null=2.761e-08  exc=+1.3105e-07  p=0.1163  head=0.141  minc=105845  bsd=2.15e-07  ovl=1.0x
  5.000:5.000:5.000  N=1.250e+07  share=4.4875e-08  null=2.151e-08  exc=+2.3366e-08  p=0.3289  head=0.144  minc=107116  bsd=1.38e-07  ovl=0.7x
  6.000:6.000:6.000  N=1.250e+07  share=6.2051e-08  null=2.188e-08  exc=+4.0169e-08  p=0.2425  head=0.142  minc=102598  bsd=1.30e-07  ovl=1.5x
  [checkpointed KA_T0.64]

=== SYNTH_ideal  L=15.0566 ===
    conf 0/200  1.3s
    conf 50/200  64.7s
    conf 100/200  127.7s
    conf 150/200  186.2s
  0.890:0.890:0.890  N=5.253e+05  share=2.7085e-09  null=3.086e-06  exc=-3.0830e-06  p=0.9834  head=0.141  minc=4206  bsd=8.90e-06  ovl=5.9x
  1.070:1.070:1.070  N=9.101e+05  share=6.3973e-06  null=1.412e-06  exc=+4.9857e-06  p=0.1694  head=0.142  minc=7290  bsd=9.89e-06  ovl=4.3x
  1.300:1.300:1.300  N=1.628e+06  share=6.7789e-07  null=8.440e-07  exc=-1.6613e-07  p=0.5449  head=0.140  minc=13026  bsd=3.45e-06  ovl=7.5x
  1.500:1.500:1.500  N=2.502e+06  share=1.3386e-06  null=4.835e-07  exc=+8.5505e-07  p=0.2791  head=0.140  minc=20100  bsd=2.83e-06  ovl=5.3x
  1.800:1.800:1.800  N=4.345e+06  share=1.9772e-09  null=3.175e-07  exc=-3.1552e-07  p=0.9701  head=0.141  minc=34500  bsd=1.00e-06  ovl=5.4x
  2.100:2.100:2.100  N=5.000e+06  share=1.1976e-07  null=1.988e-07  exc=-7.9052e-08  p=0.5914  head=0.140  minc=39015  bsd=7.96e-07  ovl=3.5x
  2.500:2.500:2.500  N=5.000e+06  share=2.9324e-07  null=1.474e-07  exc=+1.4588e-07  p=0.3488  head=0.139  minc=39293  bsd=7.31e-07  ovl=2.8x
  3.000:3.000:3.000  N=5.000e+06  share=1.5952e-09  null=1.016e-07  exc=-9.9980e-08  p=0.9369  head=0.139  minc=39577  bsd=3.06e-07  ovl=2.5x
  4.000:4.000:4.000  N=5.000e+06  share=2.9142e-10  null=5.430e-08  exc=-5.4008e-08  p=0.9336  head=0.138  minc=39735  bsd=2.19e-07  ovl=0.9x
  5.000:5.000:5.000  N=5.000e+06  share=7.7781e-09  null=6.364e-08  exc=-5.5866e-08  p=0.8106  head=0.139  minc=39700  bsd=2.09e-07  ovl=0.9x
  6.000:6.000:6.000  N=5.000e+06  share=3.6986e-07  null=4.579e-08  exc=+3.2406e-07  p=0.0797  head=0.139  minc=39774  bsd=4.27e-07  ovl=1.2x
  [checkpointed SYNTH_ideal]

wrote glass_stageA.json
