
=== KA2D_T0.23  L=32.8962 ===
    conf 0/300  0.8s
    conf 50/300  13.3s
    conf 100/300  25.9s
    conf 150/300  36.0s
    conf 200/300  44.7s
    conf 250/300  53.3s
  0.890:0.890:0.890  N=7.627e+05  share=7.3464e-11  null=1.431e-06  exc=-1.4311e-06  p=0.9934  head=0.007  minc=0  bsd=1.74e-11  ovl=6.8x
  1.080:1.080:1.080  N=3.524e+05  share=1.1995e-04  null=3.812e-06  exc=+1.1614e-04  p=0.0033  head=0.365  minc=9486  bsd=6.10e-05  ovl=8.5x
  1.250:1.250:1.250  N=2.526e+03  share=3.6399e-03  null=4.475e-04  exc=+3.1924e-03  p=0.0831  head=0.013  minc=0  bsd=3.29e-03  ovl=11.6x
  1.500:1.500:1.500  N=3.734e+04  share=1.8091e-03  null=3.712e-05  exc=+1.7720e-03  p=0.0033  head=0.178  minc=640  bsd=7.12e-04  ovl=6.6x
  1.750:1.750:1.750  N=4.744e+05  share=2.4452e-03  null=3.513e-06  exc=+2.4417e-03  p=0.0033  head=0.374  minc=30720  bsd=2.25e-04  ovl=9.2x
  2.080:2.080:2.080  N=1.234e+05  share=7.8015e-04  null=1.230e-05  exc=+7.6785e-04  p=0.0033  head=0.212  minc=4608  bsd=3.00e-04  ovl=7.2x
  2.500:2.500:2.500  N=3.087e+05  share=1.3460e-04  null=3.789e-06  exc=+1.3081e-04  p=0.0033  head=0.422  minc=12540  bsd=7.33e-05  ovl=4.4x
  4.000:4.000:4.000  N=1.749e+05  share=2.0062e-05  null=1.060e-05  exc=+9.4654e-06  p=0.3056  head=0.583  minc=17448  bsd=4.60e-05  ovl=5.9x
  [checkpointed KA2D_T0.23]

=== KA2D_T0.30  L=32.8962 ===
    conf 0/300  0.2s
    conf 50/300  13.0s
    conf 100/300  25.8s
    conf 150/300  38.5s
    conf 200/300  51.1s
    conf 250/300  63.8s
  0.890:0.890:0.890  N=7.307e+05  share=5.6548e-09  null=1.124e-06  exc=-1.1184e-06  p=0.9568  head=0.024  minc=0  bsd=8.00e-10  ovl=3.4x
  1.080:1.080:1.080  N=3.397e+05  share=4.7704e-06  null=4.753e-06  exc=+1.7360e-08  p=0.5017  head=0.351  minc=9108  bsd=1.49e-05  ovl=9.1x
  1.250:1.250:1.250  N=3.348e+03  share=1.0256e-03  null=4.479e-04  exc=+5.7766e-04  p=0.3090  head=0.028  minc=24  bsd=2.12e-03  ovl=3.8x
  1.500:1.500:1.500  N=3.926e+04  share=9.6199e-05  null=3.904e-05  exc=+5.7163e-05  p=0.2990  head=0.225  minc=1020  bsd=2.02e-04  ovl=8.5x
  1.750:1.750:1.750  N=4.477e+05  share=8.3013e-04  null=3.474e-06  exc=+8.2665e-04  p=0.0033  head=0.392  minc=28698  bsd=1.59e-04  ovl=16.2x
  2.080:2.080:2.080  N=1.211e+05  share=1.0006e-03  null=1.022e-05  exc=+9.9038e-04  p=0.0033  head=0.268  minc=5520  bsd=3.23e-04  ovl=3.1x
  2.500:2.500:2.500  N=2.961e+05  share=4.5668e-05  null=5.385e-06  exc=+4.0283e-05  p=0.0465  head=0.440  minc=12780  bsd=4.90e-05  ovl=10.1x
  4.000:4.000:4.000  N=1.782e+05  share=2.8102e-05  null=9.410e-06  exc=+1.8692e-05  p=0.2458  head=0.580  minc=18948  bsd=4.37e-05  ovl=4.2x
  [checkpointed KA2D_T0.30]

wrote glass_stage2d.json
