
DEVICE: NVIDIA GeForce RTX 4090 Laptop GPU

======================================================================================
E0 — the zero crossing (H-ZERO)
======================================================================================

--- E0 arm: fold, sigma = 0.001 ----------------------------------------
  k=0.14   w=-3.94845e-02+-2.2e-04  s3=7.7949e-04 z=  -179.7 | s_bin=7.8439e-02 z=+610280.7 tie=0.0e+00 | ratio=    100.6 rail=0.0000 rho=0.443  [10s]
  k=0.145  w=-4.63686e-02+-2.2e-04  s3=1.0750e-03 z=  -211.7 | s_bin=7.7630e-02 z=+604229.7 tie=0.0e+00 | ratio=     72.2 rail=0.0000 rho=0.438  [6s]
  k=0.15   w=-3.90687e-02+-2.3e-04  s3=7.6316e-04 z=  -172.1 | s_bin=7.9248e-02 z=+617930.6 tie=0.0e+00 | ratio=    103.8 rail=0.0000 rho=0.435  [6s]
  k=0.155  w=-2.22047e-02+-2.9e-04  s3=2.4648e-04 z=   -76.2 | s_bin=8.2476e-02 z=+643012.3 tie=5.4e-07 | ratio=    334.6 rail=0.0000 rho=0.434  [6s]
  k=0.16   w=-1.11040e-02+-2.0e-04  s3=6.1629e-05 z=   -56.0 | s_bin=8.5087e-02 z=+663175.8 tie=3.6e-07 | ratio=   1380.6 rail=0.0000 rho=0.437  [6s]
  k=0.165  w=-1.10345e-04+-2.0e-04  s3=-1.4682e-08 z=    -0.5 | s_bin=8.6104e-02 z=+671919.1 tie=0.0e+00 | ratio=      inf rail=0.0000 rho=0.439  [6s]
  k=0.17   w=+8.64512e-03+-2.0e-04  s3=3.7349e-05 z=   +43.0 | s_bin=8.5898e-02 z=+670886.7 tie=3.6e-07 | ratio=   2299.9 rail=0.0000 rho=0.445  [6s]
  k=0.175  w=+1.47773e-02+-1.9e-04  s3=1.0917e-04 z=   +76.5 | s_bin=8.3693e-02 z=+654197.2 tie=0.0e+00 | ratio=    766.7 rail=0.0000 rho=0.450  [6s]
  k=0.18   w=+2.13975e-02+-2.3e-04  s3=2.2890e-04 z=   +92.6 | s_bin=8.0995e-02 z=+634160.0 tie=3.6e-07 | ratio=    353.8 rail=0.0000 rho=0.454  [6s]
  k=0.185  w=+3.01349e-02+-2.0e-04  s3=4.5404e-04 z=  +154.0 | s_bin=7.9026e-02 z=+619690.6 tie=3.6e-07 | ratio=    174.1 rail=0.0000 rho=0.457  [6s]
  k=0.19   w=+4.52890e-02+-2.0e-04  s3=1.0255e-03 z=  +225.8 | s_bin=7.7811e-02 z=+611042.4 tie=0.0e+00 | ratio=     75.9 rail=0.0000 rho=0.462  [6s]
  k=0.195  w=+5.97762e-02+-2.4e-04  s3=1.7866e-03 z=  +244.8 | s_bin=7.6677e-02 z=+602139.5 tie=0.0e+00 | ratio=     42.9 rail=0.0000 rho=0.468  [6s]
  k=0.2    w=+7.07140e-02+-2.1e-04  s3=2.5002e-03 z=  +338.0 | s_bin=7.5870e-02 z=+596782.2 tie=0.0e+00 | ratio=     30.3 rail=0.0000 rho=0.475  [6s]

--- E0 arm: clip, sigma = 0.001 ----------------------------------------
  k=0.14   w=-2.37261e-02+-2.7e-04  s3=2.8143e-04 z=   -86.8 | s_bin=3.8941e-02 z=+298026.9 tie=0.0e+00 | ratio=    138.4 rail=0.1026 rho=0.394  [7s]
  k=0.145  w=-1.32523e-02+-2.6e-04  s3=8.7778e-05 z=   -50.6 | s_bin=3.9585e-02 z=+303502.4 tie=3.6e-07 | ratio=    451.0 rail=0.1103 rho=0.395  [12s]
  k=0.15   w=-1.67392e-02+-2.8e-04  s3=1.4006e-04 z=   -59.4 | s_bin=3.8382e-02 z=+294285.3 tie=0.0e+00 | ratio=    274.0 rail=0.1144 rho=0.396  [11s]
  k=0.155  w=-2.03653e-02+-2.7e-04  s3=2.0734e-04 z=   -75.2 | s_bin=4.1714e-02 z=+320790.5 tie=0.0e+00 | ratio=    201.2 rail=0.1165 rho=0.395  [10s]
  k=0.16   w=-1.89390e-02+-2.7e-04  s3=1.7931e-04 z=   -70.0 | s_bin=4.2996e-02 z=+331105.1 tie=5.4e-07 | ratio=    239.8 rail=0.1210 rho=0.394  [6s]
  k=0.165  w=+1.73581e-03+-2.5e-04  s3=1.4745e-06 z=    +6.9 | s_bin=4.2671e-02 z=+330314.9 tie=0.0e+00 | ratio=  28940.0 rail=0.1323 rho=0.391  [6s]
  k=0.17   w=+3.82547e-02+-2.5e-04  s3=7.3168e-04 z=  +155.5 | s_bin=4.1980e-02 z=+325735.2 tie=3.6e-07 | ratio=     57.4 rail=0.1502 rho=0.382  [9s]
  k=0.175  w=+3.53318e-02+-2.4e-04  s3=6.2414e-04 z=  +144.7 | s_bin=3.8654e-02 z=+299989.8 tie=0.0e+00 | ratio=     61.9 rail=0.1541 rho=0.380  [10s]
  k=0.18   w=+3.59761e-02+-2.7e-04  s3=6.4711e-04 z=  +134.1 | s_bin=3.5610e-02 z=+277584.5 tie=0.0e+00 | ratio=     55.0 rail=0.1567 rho=0.377  [8s]
  k=0.185  w=+5.80655e-02+-2.6e-04  s3=1.6858e-03 z=  +222.2 | s_bin=3.1019e-02 z=+243930.0 tie=0.0e+00 | ratio=     18.4 rail=0.1733 rho=0.365  [7s]
  k=0.19   w=+5.52007e-02+-2.5e-04  s3=1.5235e-03 z=  +222.8 | s_bin=2.9481e-02 z=+232753.2 tie=0.0e+00 | ratio=     19.4 rail=0.1833 rho=0.362  [6s]
  k=0.195  w=+4.95110e-02+-2.3e-04  s3=1.2256e-03 z=  +212.6 | s_bin=3.6699e-02 z=+287773.4 tie=3.6e-07 | ratio=     29.9 rail=0.1747 rho=0.374  [6s]
  k=0.2    w=+5.15593e-02+-2.5e-04  s3=1.3292e-03 z=  +205.0 | s_bin=4.6094e-02 z=+358695.2 tie=3.6e-07 | ratio=     34.7 rail=0.1659 rho=0.390  [8s]

--- E0 arm: fold, sigma = 0.01 ----------------------------------------
  k=0.14   w=-4.11500e-02+-2.2e-04  s3=8.4663e-04 z=  -184.2 | s_bin=7.1441e-02 z=+556007.7 tie=0.0e+00 | ratio=     84.4 rail=0.0000 rho=0.449  [8s]
  k=0.145  w=-3.30221e-02+-2.4e-04  s3=5.4520e-04 z=  -139.8 | s_bin=7.2914e-02 z=+567684.6 tie=3.6e-07 | ratio=    133.7 rail=0.0000 rho=0.447  [11s]
  k=0.15   w=-2.55647e-02+-3.1e-04  s3=3.2673e-04 z=   -82.9 | s_bin=7.4595e-02 z=+581677.1 tie=0.0e+00 | ratio=    228.3 rail=0.0000 rho=0.446  [13s]
  k=0.155  w=-1.86815e-02+-2.7e-04  s3=1.7446e-04 z=   -68.7 | s_bin=7.5691e-02 z=+589877.7 tie=3.6e-07 | ratio=    433.9 rail=0.0000 rho=0.446  [12s]
  k=0.16   w=-1.09198e-02+-2.3e-04  s3=5.9594e-05 z=   -46.6 | s_bin=7.6808e-02 z=+598914.8 tie=0.0e+00 | ratio=   1288.9 rail=0.0000 rho=0.446  [15s]
  k=0.165  w=-2.38716e-03+-2.2e-04  s3=2.8240e-06 z=   -10.6 | s_bin=7.7385e-02 z=+603689.6 tie=3.6e-07 | ratio=  27402.9 rail=0.0000 rho=0.448  [9s]
  k=0.17   w=+5.88991e-03+-2.2e-04  s3=1.7320e-05 z=   +26.2 | s_bin=7.7446e-02 z=+605093.3 tie=0.0e+00 | ratio=   4471.4 rail=0.0000 rho=0.451  [7s]
  k=0.175  w=+1.49851e-02+-2.7e-04  s3=1.1224e-04 z=   +55.0 | s_bin=7.7763e-02 z=+608337.9 tie=3.6e-07 | ratio=    692.8 rail=0.0000 rho=0.454  [10s]
  k=0.18   w=+2.46767e-02+-2.2e-04  s3=3.0444e-04 z=  +112.0 | s_bin=7.7437e-02 z=+606225.0 tie=3.6e-07 | ratio=    254.4 rail=0.0000 rho=0.459  [7s]
  k=0.185  w=+3.47842e-02+-2.1e-04  s3=6.0495e-04 z=  +164.6 | s_bin=7.6734e-02 z=+601061.1 tie=0.0e+00 | ratio=    126.8 rail=0.0000 rho=0.463  [12s]
  k=0.19   w=+4.57520e-02+-2.6e-04  s3=1.0466e-03 z=  +175.4 | s_bin=7.5628e-02 z=+592951.3 tie=0.0e+00 | ratio=     72.3 rail=0.0000 rho=0.468  [9s]
  k=0.195  w=+5.70369e-02+-2.1e-04  s3=1.6266e-03 z=  +270.5 | s_bin=7.4229e-02 z=+582553.5 tie=0.0e+00 | ratio=     45.6 rail=0.0000 rho=0.473  [7s]
  k=0.2    w=+6.81531e-02+-2.1e-04  s3=2.3224e-03 z=  +322.5 | s_bin=7.2359e-02 z=+567836.3 tie=3.6e-07 | ratio=     31.2 rail=0.0000 rho=0.479  [6s]

  ZERO CROSSING [fold, sigma=0.001]: kappa_0 = 0.1651

  ZERO CROSSING [clip, sigma=0.001]: kappa_0 = 0.1646

  ZERO CROSSING [fold, sigma=0.01]: kappa_0 = 0.1664
