
DEVICE: NVIDIA GeForce RTX 4090 Laptop GPU

======================================================================================
E1/E2/E3 — fine-b surrogate, b-ladder, Hermite localisation
======================================================================================

======================================================================================
E1/E2/E3 at kappa=0.16 sigma=0.001 fold
======================================================================================
  rail=0.0000 clamp=1.029e-01 | moment route w=-1.10738e-02 s3=6.1301e-05 z=-68.0 rho_max=0.437 tau=1.00
  triples: 8388608 rows from 256 NON-OVERLAPPING start frames
  b=2   share=8.5090e-02 floor=6.596e-08 excess=+8.5090e-02 z=+946279.0 cert=8.9e-16 ipf=7.5e-13 dual_dH=7.1e-10 | s2_data=8.5090e-02 s2_surr=1.3545e-14 F=0.0000  [6s]
        determinism: H(x0)=0.6931 H(x2|x0)=0.6694 H(x2|x0,x1)=0.5029 nats of 0.6931 | occupied 100.0%
  b=3   share=3.2039e-02 floor=2.425e-07 excess=+3.2039e-02 z=+204223.4 cert=3.6e-14 ipf=1.0e-12 dual_dH=2.2e-09  [9s]
  b=4   share=2.6498e-03 floor=5.095e-06 excess=+2.6447e-03 z=  +3297.4 cert=5.9e-14 ipf=1.1e-06 dual_dH=9.2e-06 | s2_data=8.5090e-02 s2_surr=8.5363e-02 F=1.0032  [23s]
        determinism: H(x0)=1.3863 H(x2|x0)=1.0820 H(x2|x0,x1)=0.6969 nats of 1.3863 | occupied 51.6%
  b=6   share=3.1318e-03 floor=1.615e-06 excess=+3.1302e-03 z=  +6711.5 cert=6.3e-14 ipf=1.0e-12 dual_dH=4.7e-08 | s2_data=8.5090e-02 s2_surr=8.2208e-02 F=0.9661  [22s]
        determinism: H(x0)=1.7918 H(x2|x0)=1.2966 H(x2|x0,x1)=0.8734 nats of 1.7918 | occupied 36.1%
  b=8   share=7.7164e-03 floor=2.936e-06 excess=+7.7134e-03 z= +11303.6 cert=3.2e-14 ipf=1.0e-12 dual_dH=1.1e-08 | s2_data=8.5090e-02 s2_surr=8.5443e-02 F=1.0041  [21s]
        determinism: H(x0)=2.0794 H(x2|x0)=1.5410 H(x2|x0,x1)=1.0354 nats of 2.0794 | occupied 26.2%
  b=16  share=3.4945e-02 floor=1.860e-05 excess=+3.4926e-02 z= +24850.5 cert=7.9e-14 ipf=3.4e-09 dual_dH=1.2e-08 | s2_data=8.5090e-02 s2_surr=8.5090e-02 F=1.0000  [120s]
        determinism: H(x0)=2.7726 H(x2|x0)=2.0559 H(x2|x0,x1)=1.3944 nats of 2.7726 | occupied 13.2%
  b=32  share=1.2274e-01 floor=1.330e-04 excess=+1.2260e-01 z= +37569.0 cert=7.8e-14 ipf=6.7e-08 | s2_data=8.5090e-02 s2_surr=8.5090e-02 F=1.0000  [163s]
        determinism: H(x0)=3.4657 H(x2|x0)=2.6412 H(x2|x0,x1)=1.7736 nats of 3.4657 | occupied 8.1%
  SHUFFLE floor (b=2): +7.175e-08 +- 1.2e-07

======================================================================================
E1/E2/E3 at kappa=0.05 sigma=0.001 fold
======================================================================================
  rail=0.0000 clamp=4.037e-05 | moment route w=-2.08637e-01 s3=2.1765e-02 z=-386.6 rho_max=0.561 tau=1.00
  triples: 8388608 rows from 256 NON-OVERLAPPING start frames
  b=2   share=5.0665e-02 floor=4.971e-08 excess=+5.0665e-02 z=+781280.7 cert=4.4e-16 ipf=6.6e-13 dual_dH=1.8e-11 | s2_data=5.0665e-02 s2_surr=1.9096e-14 F=0.0000  [4s]
        determinism: H(x0)=0.6931 H(x2|x0)=0.5972 H(x2|x0,x1)=0.4478 nats of 0.6931 | occupied 100.0%
  b=3   share=2.7269e-02 floor=4.295e-08 excess=+2.7269e-02 z=+399667.6 cert=7.8e-15 ipf=9.9e-13 dual_dH=6.1e-09  [5s]
  b=4   share=4.1395e-03 floor=1.668e-07 excess=+4.1393e-03 z= +39034.0 cert=1.0e-14 ipf=9.9e-13 dual_dH=2.3e-09 | s2_data=5.0665e-02 s2_surr=5.0787e-02 F=1.0024  [6s]
        determinism: H(x0)=1.3863 H(x2|x0)=1.0255 H(x2|x0,x1)=0.6128 nats of 1.3863 | occupied 39.1%
  b=6   share=9.5761e-03 floor=3.901e-07 excess=+9.5757e-03 z= +36207.0 cert=4.3e-14 ipf=6.5e-08 dual_dH=2.3e-07 | s2_data=5.0665e-02 s2_surr=5.0665e-02 F=1.0000  [32s]
        determinism: H(x0)=1.7918 H(x2|x0)=1.1284 H(x2|x0,x1)=0.7018 nats of 1.7918 | occupied 23.6%
  b=8   share=8.9253e-04 floor=6.966e-07 excess=+8.9184e-04 z=  +3266.8 cert=2.0e-14 ipf=9.9e-13 dual_dH=8.7e-09 | s2_data=5.0665e-02 s2_surr=5.0665e-02 F=1.0000  [23s]
        determinism: H(x0)=2.0794 H(x2|x0)=1.2146 H(x2|x0,x1)=0.7581 nats of 2.0794 | occupied 14.5%
  b=16  share=2.8390e-03 floor=3.217e-06 excess=+2.8358e-03 z=  +5376.1 cert=5.8e-14 ipf=9.9e-13 dual_dH=2.0e-07 | s2_data=5.0665e-02 s2_surr=5.0665e-02 F=1.0000  [65s]
        determinism: H(x0)=2.7726 H(x2|x0)=1.5273 H(x2|x0,x1)=0.9580 nats of 2.7726 | occupied 5.6%
  b=32  share=6.5887e-03 floor=2.391e-05 excess=+6.5648e-03 z=  +3795.2 cert=8.9e-15 ipf=7.3e-08 | s2_data=5.0665e-02 s2_surr=5.0665e-02 F=1.0000  [233s]
        determinism: H(x0)=3.4657 H(x2|x0)=1.9575 H(x2|x0,x1)=1.2280 nats of 3.4657 | occupied 2.7%
  SHUFFLE floor (b=2): +6.021e-08 +- 7.7e-08

======================================================================================
E1/E2/E3 at kappa=0.3 sigma=0.001 fold
======================================================================================
  rail=0.0000 clamp=2.038e-01 | moment route w=+1.87857e-01 s3=1.7645e-02 z=+844.4 rho_max=0.550 tau=1.84
  triples: 8388608 rows from 256 NON-OVERLAPPING start frames
  b=2   share=2.7374e-02 floor=3.233e-08 excess=+2.7374e-02 z=+497327.3 cert=8.9e-16 ipf=6.0e-13 dual_dH=2.5e-11 | s2_data=2.7374e-02 s2_surr=1.8652e-14 F=0.0000  [6s]
        determinism: H(x0)=0.6931 H(x2|x0)=0.5740 H(x2|x0,x1)=0.4274 nats of 0.6931 | occupied 100.0%
  b=3   share=2.4969e-02 floor=2.977e-07 excess=+2.4969e-02 z=+170775.2 cert=3.1e-15 ipf=8.1e-13 dual_dH=1.1e-09  [5s]
  b=4   share=5.2456e-03 floor=6.758e-07 excess=+5.2450e-03 z= +21083.0 cert=4.4e-15 ipf=8.4e-13 dual_dH=3.0e-09 | s2_data=2.7374e-02 s2_surr=2.9706e-02 F=1.0852  [7s]
        determinism: H(x0)=1.3863 H(x2|x0)=1.1225 H(x2|x0,x1)=0.8368 nats of 1.3863 | occupied 60.9%
  b=6   share=2.3597e-02 floor=2.936e-06 excess=+2.3594e-02 z= +52595.9 cert=9.5e-14 ipf=1.6e-09 dual_dH=1.3e-09 | s2_data=2.7374e-02 s2_surr=2.9588e-02 F=1.0809  [33s]
        determinism: H(x0)=1.7918 H(x2|x0)=1.4896 H(x2|x0,x1)=1.0960 nats of 1.7918 | occupied 48.1%
  b=8   share=3.4332e-02 floor=6.389e-06 excess=+3.4326e-02 z= +44122.5 cert=1.1e-13 ipf=8.4e-11 dual_dH=1.6e-08 | s2_data=2.7374e-02 s2_surr=2.8415e-02 F=1.0380  [79s]
        determinism: H(x0)=2.0794 H(x2|x0)=1.7323 H(x2|x0,x1)=1.2656 nats of 2.0794 | occupied 37.5%
  b=16  share=1.2145e-01 floor=4.508e-05 excess=+1.2140e-01 z= +52296.3 cert=8.4e-14 ipf=4.5e-08 dual_dH=5.2e-07 | s2_data=2.7374e-02 s2_surr=2.6424e-02 F=0.9653  [203s]
        determinism: H(x0)=2.7726 H(x2|x0)=2.3481 H(x2|x0,x1)=1.6877 nats of 2.7726 | occupied 24.4%
  b=32  share=2.6824e-01 floor=3.567e-04 excess=+2.6788e-01 z= +47588.6 cert=1.0e-13 ipf=3.6e-08 | s2_data=2.7374e-02 s2_surr=2.6516e-02 F=0.9687  [184s]
        determinism: H(x0)=3.4657 H(x2|x0)=3.0026 H(x2|x0,x1)=2.1189 nats of 3.4657 | occupied 17.4%
  SHUFFLE floor (b=2): +5.565e-08 +- 6.1e-08
