
DEVICE: NVIDIA GeForce RTX 4090 Laptop GPU

======================================================================================
POWER-2 — marginal-preserving doping (ADDENDUM2)
======================================================================================

POWER-2  b=8   s2_surr frozen at 8.543419e-02 nats
   lam    fine-grained share (nats)     s2(data)      F        genuine b=2
  0.0    0.000000e+00              8.543419e-02   1.0000  +0.0000e+00   [projchk 7.0e-16]
  0.02   3.725182e-07              8.546230e-02   0.9997  +2.8115e-05   [projchk 3.8e-17]
  0.05   2.480501e-06              8.550798e-02   0.9991  +7.3790e-05   [projchk 6.9e-17]
  0.1    1.100166e-05              8.559414e-02   0.9981  +1.5995e-04   [projchk 4.9e-17]
  0.2    5.352094e-05              8.580844e-02   0.9956  +3.7425e-04   [projchk 3.3e-17]
  0.4    2.979006e-04              8.642609e-02   0.9885  +9.9190e-04   [projchk 7.6e-17]
  0.8    1.640335e-03              8.820247e-02   0.9686  +2.7683e-03   [projchk 7.2e-17]

POWER-2  b=16   s2_surr frozen at 8.508672e-02 nats
   lam    fine-grained share (nats)     s2(data)      F        genuine b=2
  0.0    0.000000e+00              8.508672e-02   1.0000  +0.0000e+00   [projchk 1.9e-09]
  0.02   1.201297e-10              8.508672e-02   1.0000  +6.8288e-10   [projchk 1.8e-09]
  0.05   3.462803e-10              8.508672e-02   1.0000  +1.6522e-09   [projchk 1.6e-09]
  0.1    8.272973e-10              8.508672e-02   1.0000  +3.1255e-09   [projchk 1.4e-09]
  0.2    2.062598e-09              8.508672e-02   1.0000  +5.5760e-09   [projchk 1.0e-09]
  0.4    4.896349e-09              8.508673e-02   1.0000  +8.8508e-09   [projchk 5.2e-10]
  0.8    9.180757e-09              8.508673e-02   1.0000  +1.1563e-08   [projchk 1.3e-10]

BLOCK — F and the genuine b=2 excess over 16 contiguous start-frame blocks
  b=4   F = 1.0031 +- 0.0001   genuine b=2 excess = -2.675e-04 +- 1.017e-05 nats   (-26.31 sigma)
  b=8   F = 1.0041 +- 0.0001   genuine b=2 excess = -3.473e-04 +- 6.808e-06 nats   (-51.02 sigma)
  b=16  F = 1.0000 +- 0.0000   genuine b=2 excess = +1.318e-08 +- 3.908e-09 nats   (+3.37 sigma)
