
DEVICE: NVIDIA GeForce RTX 4090 Laptop GPU

======================================================================================
POWER-2 — marginal-preserving doping (ADDENDUM2)
======================================================================================

POWER-2  b=8   s2_surr frozen at 8.543419e-02 nats
   lam    fine-grained share (nats)     s2(data)      F        genuine b=2
  0.0    0.000000e+00              8.543419e-02   1.0000  +0.0000e+00   [projchk 7.0e-13 cert 0.0000 vs 8lam 0.0000]
  0.8    1.640335e-03              8.820247e-02   0.9686  +2.7683e-03   [projchk 7.7e-14 cert 6.4000 vs 8lam 6.4000]
  1.6    3.417913e-03              8.967395e-02   0.9527  +4.2398e-03   [projchk 1.8e-13 cert 12.8000 vs 8lam 12.8000]
  3.2    3.440845e-03              8.968541e-02   0.9526  +4.2512e-03   [projchk 1.8e-13 cert 25.6000 vs 8lam 25.6000]
  6.4    3.440845e-03              8.968541e-02   0.9526  +4.2512e-03   [projchk 1.8e-13 cert 51.2000 vs 8lam 51.2000]
  12.8   3.440845e-03              8.968541e-02   0.9526  +4.2512e-03   [projchk 1.8e-13 cert 102.4000 vs 8lam 102.4000]
  25.6   3.440845e-03              8.968541e-02   0.9526  +4.2512e-03   [projchk 1.8e-13 cert 204.8000 vs 8lam 204.8000]

POWER-2  b=16   s2_surr frozen at 8.508672e-02 nats
   lam    fine-grained share (nats)     s2(data)      F        genuine b=2
  0.0    0.000000e+00              8.508672e-02   1.0000  +0.0000e+00   [projchk 2.7e-10 cert 0.0000 vs 8lam 0.0000]
  0.8    9.304630e-09              8.508673e-02   1.0000  +1.4066e-08   [projchk 1.8e-11 cert 0.0000 vs 8lam 6.4000]
  1.6    1.194107e-08              8.508673e-02   1.0000  +1.4985e-08   [projchk 1.2e-12 cert 0.0000 vs 8lam 12.8000]
  3.2    1.229259e-08              8.508673e-02   1.0000  +1.5053e-08   [projchk 7.6e-14 cert 0.0000 vs 8lam 25.6000]
  6.4    1.229700e-08              8.508673e-02   1.0000  +1.5053e-08   [projchk 7.6e-14 cert 0.0000 vs 8lam 51.2000]
  12.8   1.229700e-08              8.508673e-02   1.0000  +1.5053e-08   [projchk 7.6e-14 cert 0.0000 vs 8lam 102.4000]
  25.6   1.229700e-08              8.508673e-02   1.0000  +1.5053e-08   [projchk 7.6e-14 cert 0.0000 vs 8lam 204.8000]
