DEVICE: NVIDIA GeForce RTX 4090 Laptop GPU
================================================================================
GATE — instrument + enumeration.  All eight required (prereg section 7).
================================================================================
(1) fast solver vs array_cap_experiment.shareK (IPF), 2000 random states:  max|diff| = 6.399e-13   (< 1e-12 required)
(2) boundary-adjacent states (min cell ~1e-8), vs an independent 60-digit reference, 50 states:
      fast solver: max|diff| = 9.645e-15   (< 1e-9 required)
      IPF        : max|diff| = 4.598e-05   [diagnostic: IPF OVERSTATES the share on near-deterministic states]
(3) exact parity: I_C^(3) = 0.693147180559945   ln2 = 0.693147180559945   CF = 1.000000   TC = 0.693147   O-info = -0.693147   I_C^(2) = 0.00e+00
(4) exact independent: I_C^(3) = 0.000e+00   (< 1e-14 required)
(5) explicit 3-body coupling vs CLOSED FORM at K = 0.5/0.8146/0.9/1.2:  max|diff| = 4.441e-16   (< 1e-12 required)
      K=0.9 gives 0.284838 nats, NOT the 0.247 that SPIKE_SURVEY.md pairs with K=0.9 (0.247 is K=0.8146)
(6) sign-symmetry lemma, 2000 random Z2-symmetric states:  max|I_C^(3)| = 4.441e-16   (< 1e-12 required)
(8) enumeration bookkeeping: total configs 65536 == 2^16 -> True;  bond energy vs brute force on 200 random configs -> True
(7) *** VALIDITY *** exact 4x4 Ising, h=0, 49 temperatures x 5 geometries:  max|I_C^(3)| = 4.441e-16   (< 1e-12 required)
(9) precision on the REAL 4x4 Ising grid (worst-conditioned states incl. the near-deterministic corners), vs 60-digit reference:
      fast solver: max|diff| = 3.096e-16   (< 1e-12 required)
      IPF        : max|diff| = 1.433e-12   [diagnostic]

GATE VERDICT: PASS

exact 4x4 star peak at T=1.9862 (T/Tc=0.8753), h=0.2108 -> Monte Carlo slices anchored there

ARM B — Metropolis (checkerboard, in a field), 68 grid points
  L=8x8 T=0.786 h=0.2108 star     raw=2.777e-06 floor=0.000e+00 excess=+2.777e-06 z=   +3.37 N=3.28e+07 N_eff=1.02e+03 F=32024.2 UNTRUSTWORTHY
  L=8x8 T=0.786 h=0.2108 Lcorner  raw=2.651e-06 floor=0.000e+00 excess=+2.651e-06 z=   +3.11 N=3.28e+07 N_eff=1.02e+03 F=32024.3 UNTRUSTWORTHY
  L=8x8 T=0.786 h=0.2108 plaq     raw=2.651e-06 floor=0.000e+00 excess=+2.651e-06 z=   +3.16 N=3.28e+07 N_eff=1.02e+03 F=32024.3 UNTRUSTWORTHY
  L=8x8 T=0.786 h=0.2108 colin1   raw=2.700e-06 floor=4.970e-06 excess=-2.270e-06 z=   -0.03 N=3.28e+07 N_eff=1.02e+03 F=32024.3 UNTRUSTWORTHY
  L=8x8 T=0.786 h=0.2108 colin2   raw=2.727e-06 floor=0.000e+00 excess=+2.727e-06 z=   +2.96 N=3.28e+07 N_eff=1.02e+03 F=32024.2 UNTRUSTWORTHY
  L=8x8 T=0.786 h=0.2108 far      raw=2.727e-06 floor=0.000e+00 excess=+2.727e-06 z=   +3.08 N=3.28e+07 N_eff=1.02e+03 F=32024.2 UNTRUSTWORTHY
    [12.5s, R=1024 n_samp=500 gap=10, tau_int = 0.50 x gap, |m| = 0.875]
  L=8x8 T=1.186 h=0.2108 star     raw=1.485e-04 floor=1.916e-04 excess=-4.311e-05 z=   -0.08 N=3.28e+07 N_eff=1.03e+03 F=31809.2 UNTRUSTWORTHY
  L=8x8 T=1.186 h=0.2108 Lcorner  raw=1.347e-04 floor=1.797e-04 excess=-4.503e-05 z=   -0.08 N=3.28e+07 N_eff=1.03e+03 F=31816.8 UNTRUSTWORTHY
  L=8x8 T=1.186 h=0.2108 plaq     raw=1.353e-04 floor=1.129e-04 excess=+2.241e-05 z=   +0.06 N=3.28e+07 N_eff=1.03e+03 F=31816.7 UNTRUSTWORTHY
  L=8x8 T=1.186 h=0.2108 colin1   raw=1.356e-04 floor=1.835e-04 excess=-4.791e-05 z=   -0.09 N=3.28e+07 N_eff=1.03e+03 F=31816.9 UNTRUSTWORTHY
  L=8x8 T=1.186 h=0.2108 colin2   raw=1.466e-04 floor=1.958e-04 excess=-4.925e-05 z=   -0.10 N=3.28e+07 N_eff=1.03e+03 F=31807.9 UNTRUSTWORTHY
  L=8x8 T=1.186 h=0.2108 far      raw=1.457e-04 floor=1.565e-04 excess=-1.079e-05 z=   -0.02 N=3.28e+07 N_eff=1.03e+03 F=31807.3 UNTRUSTWORTHY
    [13.7s, R=1024 n_samp=500 gap=10, tau_int = 0.53 x gap, |m| = 0.840]
  L=8x8 T=1.586 h=0.2108 star     raw=1.772e-03 floor=3.942e-04 excess=+1.378e-03 z=   +2.84 N=3.28e+07 N_eff=1.69e+03 F=19389.9 UNTRUSTWORTHY
  L=8x8 T=1.586 h=0.2108 Lcorner  raw=1.142e-03 floor=4.597e-04 excess=+6.825e-04 z=   +1.31 N=3.28e+07 N_eff=1.69e+03 F=19420.6 UNTRUSTWORTHY
  L=8x8 T=1.586 h=0.2108 plaq     raw=1.139e-03 floor=3.745e-04 excess=+7.646e-04 z=   +1.68 N=3.28e+07 N_eff=1.69e+03 F=19421.5 UNTRUSTWORTHY
  L=8x8 T=1.586 h=0.2108 colin1   raw=1.150e-03 floor=4.111e-04 excess=+7.393e-04 z=   +1.41 N=3.28e+07 N_eff=1.69e+03 F=19428.6 UNTRUSTWORTHY
  L=8x8 T=1.586 h=0.2108 colin2   raw=1.828e-03 floor=2.960e-04 excess=+1.532e-03 z=   +3.83 N=3.28e+07 N_eff=1.69e+03 F=19361.2 UNTRUSTWORTHY
  L=8x8 T=1.586 h=0.2108 far      raw=1.824e-03 floor=4.546e-04 excess=+1.369e-03 z=   +2.10 N=3.28e+07 N_eff=1.69e+03 F=19337.6 UNTRUSTWORTHY
    [15.7s, R=1024 n_samp=500 gap=10, tau_int = 3.57 x gap, |m| = 0.936]
  L=8x8 T=1.986 h=0.2108 star     raw=1.683e-05 floor=8.648e-08 excess=+1.674e-05 z=   +8.70 N=3.28e+07 N_eff=6.22e+06 F=5.3 OK
  L=8x8 T=1.986 h=0.2108 Lcorner  raw=7.918e-09 floor=7.670e-08 excess=-6.878e-08 z=   -0.64 N=3.28e+07 N_eff=7.33e+06 F=4.5 OK
  L=8x8 T=1.986 h=0.2108 plaq     raw=1.169e-09 floor=5.934e-08 excess=-5.817e-08 z=   -0.74 N=3.28e+07 N_eff=7.33e+06 F=4.5 OK
  L=8x8 T=1.986 h=0.2108 colin1   raw=9.834e-07 floor=6.654e-08 excess=+9.169e-07 z=   +3.40 N=3.28e+07 N_eff=7.12e+06 F=4.6 OK
  L=8x8 T=1.986 h=0.2108 colin2   raw=3.263e-07 floor=2.337e-07 excess=+9.257e-08 z=   +0.11 N=3.28e+07 N_eff=2.26e+06 F=14.5 OK
  L=8x8 T=1.986 h=0.2108 far      raw=6.036e-07 floor=4.348e-07 excess=+1.687e-07 z=   +0.10 N=3.28e+07 N_eff=9.61e+05 F=34.1 OK
    [13.8s, R=1024 n_samp=500 gap=10, tau_int = 0.53 x gap, |m| = 0.951]
  L=8x8 T=2.386 h=0.2108 star     raw=6.764e-05 floor=1.047e-07 excess=+6.753e-05 z=  +25.94 N=3.28e+07 N_eff=4.57e+06 F=7.2 OK
  L=8x8 T=2.386 h=0.2108 Lcorner  raw=1.486e-06 floor=9.312e-08 excess=+1.393e-06 z=   +4.02 N=3.28e+07 N_eff=5.41e+06 F=6.1 OK
  L=8x8 T=2.386 h=0.2108 plaq     raw=1.039e-06 floor=1.092e-07 excess=+9.296e-07 z=   +3.52 N=3.28e+07 N_eff=5.40e+06 F=6.1 OK
  L=8x8 T=2.386 h=0.2108 colin1   raw=1.076e-05 floor=9.113e-08 excess=+1.067e-05 z=  +13.43 N=3.28e+07 N_eff=5.16e+06 F=6.3 OK
  L=8x8 T=2.386 h=0.2108 colin2   raw=1.553e-05 floor=1.230e-07 excess=+1.540e-05 z=   +9.74 N=3.28e+07 N_eff=3.97e+06 F=8.2 OK
  L=8x8 T=2.386 h=0.2108 far      raw=1.224e-05 floor=1.580e-07 excess=+1.209e-05 z=   +6.29 N=3.28e+07 N_eff=3.50e+06 F=9.4 OK
    [13.9s, R=1024 n_samp=500 gap=10, tau_int = 0.54 x gap, |m| = 0.860]
  L=8x8 T=2.786 h=0.2108 star     raw=8.339e-05 floor=1.588e-07 excess=+8.323e-05 z=  +33.00 N=3.28e+07 N_eff=3.32e+06 F=9.9 OK
  L=8x8 T=2.786 h=0.2108 Lcorner  raw=3.217e-06 floor=1.185e-07 excess=+3.098e-06 z=   +6.66 N=3.28e+07 N_eff=3.77e+06 F=8.7 OK
  L=8x8 T=2.786 h=0.2108 plaq     raw=3.114e-06 floor=1.138e-07 excess=+3.000e-06 z=   +7.19 N=3.28e+07 N_eff=3.76e+06 F=8.7 OK
  L=8x8 T=2.786 h=0.2108 colin1   raw=1.752e-05 floor=1.342e-07 excess=+1.738e-05 z=  +15.49 N=3.28e+07 N_eff=3.63e+06 F=9.0 OK
  L=8x8 T=2.786 h=0.2108 colin2   raw=3.836e-05 floor=1.480e-07 excess=+3.821e-05 z=  +17.76 N=3.28e+07 N_eff=2.87e+06 F=11.4 OK
  L=8x8 T=2.786 h=0.2108 far      raw=3.700e-05 floor=1.574e-07 excess=+3.684e-05 z=  +15.60 N=3.28e+07 N_eff=2.51e+06 F=13.1 OK
    [11.1s, R=1024 n_samp=500 gap=10, tau_int = 0.54 x gap, |m| = 0.674]
  L=8x8 T=3.186 h=0.2108 star     raw=3.214e-05 floor=1.268e-07 excess=+3.201e-05 z=  +22.66 N=3.28e+07 N_eff=3.72e+06 F=8.8 OK
  L=8x8 T=3.186 h=0.2108 Lcorner  raw=7.505e-07 floor=1.272e-07 excess=+6.233e-07 z=   +3.11 N=3.28e+07 N_eff=4.18e+06 F=7.8 OK
  L=8x8 T=3.186 h=0.2108 plaq     raw=5.816e-07 floor=1.148e-07 excess=+4.668e-07 z=   +2.41 N=3.28e+07 N_eff=4.17e+06 F=7.9 OK
  L=8x8 T=3.186 h=0.2108 colin1   raw=5.862e-06 floor=1.430e-07 excess=+5.719e-06 z=   +8.96 N=3.28e+07 N_eff=4.07e+06 F=8.1 OK
  L=8x8 T=3.186 h=0.2108 colin2   raw=7.941e-06 floor=1.334e-07 excess=+7.808e-06 z=   +8.07 N=3.28e+07 N_eff=3.26e+06 F=10.1 OK
  L=8x8 T=3.186 h=0.2108 far      raw=7.088e-06 floor=1.940e-07 excess=+6.894e-06 z=   +9.04 N=3.28e+07 N_eff=2.89e+06 F=11.3 OK
    [5.3s, R=1024 n_samp=500 gap=10, tau_int = 0.54 x gap, |m| = 0.457]
  L=8x8 T=3.586 h=0.2108 star     raw=9.575e-06 floor=1.175e-07 excess=+9.458e-06 z=  +11.55 N=3.28e+07 N_eff=3.92e+06 F=8.4 OK
  L=8x8 T=3.586 h=0.2108 Lcorner  raw=5.347e-08 floor=1.056e-07 excess=-5.214e-08 z=   -0.35 N=3.28e+07 N_eff=4.39e+06 F=7.5 OK
  L=8x8 T=3.586 h=0.2108 plaq     raw=7.429e-08 floor=1.184e-07 excess=-4.413e-08 z=   -0.28 N=3.28e+07 N_eff=4.37e+06 F=7.5 OK
  L=8x8 T=3.586 h=0.2108 colin1   raw=8.583e-07 floor=1.211e-07 excess=+7.372e-07 z=   +3.22 N=3.28e+07 N_eff=4.17e+06 F=7.9 OK
  L=8x8 T=3.586 h=0.2108 colin2   raw=1.027e-06 floor=1.706e-07 excess=+8.561e-07 z=   +2.79 N=3.28e+07 N_eff=3.48e+06 F=9.4 OK
  L=8x8 T=3.586 h=0.2108 far      raw=6.630e-07 floor=1.287e-07 excess=+5.343e-07 z=   +2.36 N=3.28e+07 N_eff=3.16e+06 F=10.4 OK
    [7.3s, R=1024 n_samp=500 gap=10, tau_int = 0.53 x gap, |m| = 0.307]
  L=8x8 T=1.986 h=0.0132 star     raw=1.094e-03 floor=1.430e-04 excess=+9.515e-04 z=   +4.43 N=3.28e+07 N_eff=3.43e+03 F=9554.2 OK
  L=8x8 T=1.986 h=0.0132 Lcorner  raw=6.015e-04 floor=1.885e-04 excess=+4.130e-04 z=   +1.61 N=3.28e+07 N_eff=3.41e+03 F=9622.0 OK
  L=8x8 T=1.986 h=0.0132 plaq     raw=5.970e-04 floor=1.720e-04 excess=+4.249e-04 z=   +1.81 N=3.28e+07 N_eff=3.41e+03 F=9620.9 OK
  L=8x8 T=1.986 h=0.0132 colin1   raw=6.071e-04 floor=1.384e-04 excess=+4.687e-04 z=   +2.54 N=3.28e+07 N_eff=3.40e+03 F=9636.6 OK
  L=8x8 T=1.986 h=0.0132 colin2   raw=1.333e-03 floor=1.813e-04 excess=+1.152e-03 z=   +4.19 N=3.28e+07 N_eff=3.44e+03 F=9524.8 OK
  L=8x8 T=1.986 h=0.0132 far      raw=1.608e-03 floor=1.551e-04 excess=+1.453e-03 z=   +6.20 N=3.28e+07 N_eff=3.46e+03 F=9469.5 OK
    [9.9s, R=1024 n_samp=500 gap=10, tau_int = 34.10 x gap, |m| = 0.331]
  L=8x8 T=1.986 h=0.0264 star     raw=2.827e-03 floor=1.636e-04 excess=+2.664e-03 z=  +11.55 N=3.28e+07 N_eff=3.78e+03 F=8663.3 OK
  L=8x8 T=1.986 h=0.0264 Lcorner  raw=1.510e-03 floor=1.287e-04 excess=+1.381e-03 z=   +8.80 N=3.28e+07 N_eff=3.77e+03 F=8687.5 OK
  L=8x8 T=1.986 h=0.0264 plaq     raw=1.511e-03 floor=1.172e-04 excess=+1.394e-03 z=   +9.38 N=3.28e+07 N_eff=3.77e+03 F=8686.1 OK
  L=8x8 T=1.986 h=0.0264 colin1   raw=1.545e-03 floor=1.358e-04 excess=+1.410e-03 z=   +6.96 N=3.28e+07 N_eff=3.76e+03 F=8711.9 OK
  L=8x8 T=1.986 h=0.0264 colin2   raw=3.471e-03 floor=1.280e-04 excess=+3.343e-03 z=  +18.16 N=3.28e+07 N_eff=3.79e+03 F=8652.9 OK
  L=8x8 T=1.986 h=0.0264 far      raw=4.215e-03 floor=1.311e-04 excess=+4.084e-03 z=  +16.93 N=3.28e+07 N_eff=3.81e+03 F=8608.8 OK
    [12.4s, R=1024 n_samp=500 gap=10, tau_int = 27.92 x gap, |m| = 0.548]
  L=8x8 T=1.986 h=0.0527 star     raw=4.906e-03 floor=7.674e-05 excess=+4.830e-03 z=  +51.66 N=3.28e+07 N_eff=6.33e+03 F=5179.7 OK
  L=8x8 T=1.986 h=0.0527 Lcorner  raw=2.167e-03 floor=6.959e-05 excess=+2.097e-03 z=  +21.13 N=3.28e+07 N_eff=6.47e+03 F=5066.4 UNTRUSTWORTHY
  L=8x8 T=1.986 h=0.0527 plaq     raw=2.172e-03 floor=6.548e-05 excess=+2.106e-03 z=  +24.23 N=3.28e+07 N_eff=6.47e+03 F=5066.6 UNTRUSTWORTHY
  L=8x8 T=1.986 h=0.0527 colin1   raw=2.302e-03 floor=6.818e-05 excess=+2.234e-03 z=  +25.08 N=3.28e+07 N_eff=6.39e+03 F=5125.2 UNTRUSTWORTHY
  L=8x8 T=1.986 h=0.0527 colin2   raw=6.447e-03 floor=7.570e-05 excess=+6.372e-03 z=  +61.83 N=3.28e+07 N_eff=6.27e+03 F=5230.3 UNTRUSTWORTHY
  L=8x8 T=1.986 h=0.0527 far      raw=8.404e-03 floor=9.291e-05 excess=+8.311e-03 z=  +70.98 N=3.28e+07 N_eff=6.28e+03 F=5219.8 OK
    [14.7s, R=1024 n_samp=500 gap=10, tau_int = 10.28 x gap, |m| = 0.835]
  L=8x8 T=1.986 h=0.1054 star     raw=7.147e-04 floor=3.611e-05 excess=+6.786e-04 z=   +4.27 N=3.28e+07 N_eff=1.59e+04 F=2058.0 OK
  L=8x8 T=1.986 h=0.1054 Lcorner  raw=1.172e-04 floor=2.385e-05 excess=+9.334e-05 z=   +2.38 N=3.28e+07 N_eff=2.36e+04 F=1389.5 OK
  L=8x8 T=1.986 h=0.1054 plaq     raw=1.163e-04 floor=2.632e-05 excess=+8.994e-05 z=   +2.01 N=3.28e+07 N_eff=2.36e+04 F=1386.7 OK
  L=8x8 T=1.986 h=0.1054 colin1   raw=1.700e-04 floor=2.437e-05 excess=+1.456e-04 z=   +3.17 N=3.28e+07 N_eff=2.07e+04 F=1581.3 UNTRUSTWORTHY
  L=8x8 T=1.986 h=0.1054 colin2   raw=1.176e-03 floor=4.252e-05 excess=+1.133e-03 z=   +4.25 N=3.28e+07 N_eff=1.29e+04 F=2542.4 UNTRUSTWORTHY
  L=8x8 T=1.986 h=0.1054 far      raw=2.012e-03 floor=4.475e-05 excess=+1.967e-03 z=   +5.43 N=3.28e+07 N_eff=1.22e+04 F=2689.5 UNTRUSTWORTHY
    [14.2s, R=1024 n_samp=500 gap=10, tau_int = 0.92 x gap, |m| = 0.935]
  L=8x8 T=1.986 h=0.2108 star     raw=1.683e-05 floor=7.431e-08 excess=+1.675e-05 z=   +8.23 N=3.28e+07 N_eff=6.22e+06 F=5.3 OK
  L=8x8 T=1.986 h=0.2108 Lcorner  raw=7.918e-09 floor=5.777e-08 excess=-4.985e-08 z=   -0.60 N=3.28e+07 N_eff=7.33e+06 F=4.5 OK
  L=8x8 T=1.986 h=0.2108 plaq     raw=1.169e-09 floor=7.679e-08 excess=-7.563e-08 z=   -0.82 N=3.28e+07 N_eff=7.33e+06 F=4.5 OK
  L=8x8 T=1.986 h=0.2108 colin1   raw=9.834e-07 floor=6.166e-08 excess=+9.218e-07 z=   +3.52 N=3.28e+07 N_eff=7.12e+06 F=4.6 OK
  L=8x8 T=1.986 h=0.2108 colin2   raw=3.263e-07 floor=2.396e-07 excess=+8.667e-08 z=   +0.12 N=3.28e+07 N_eff=2.26e+06 F=14.5 OK
  L=8x8 T=1.986 h=0.2108 far      raw=6.036e-07 floor=5.019e-07 excess=+1.017e-07 z=   +0.07 N=3.28e+07 N_eff=9.61e+05 F=34.1 OK
    [14.4s, R=1024 n_samp=500 gap=10, tau_int = 0.53 x gap, |m| = 0.951]
  L=8x8 T=1.986 h=0.4216 star     raw=5.554e-06 floor=5.960e-08 excess=+5.495e-06 z=   +9.30 N=3.28e+07 N_eff=7.61e+06 F=4.3 OK
  L=8x8 T=1.986 h=0.4216 Lcorner  raw=2.998e-08 floor=4.831e-08 excess=-1.834e-08 z=   -0.26 N=3.28e+07 N_eff=8.57e+06 F=3.8 OK
  L=8x8 T=1.986 h=0.4216 plaq     raw=1.289e-08 floor=5.496e-08 excess=-4.207e-08 z=   -0.55 N=3.28e+07 N_eff=8.54e+06 F=3.8 OK
  L=8x8 T=1.986 h=0.4216 colin1   raw=3.787e-08 floor=6.573e-08 excess=-2.786e-08 z=   -0.27 N=3.28e+07 N_eff=8.31e+06 F=3.9 OK
  L=8x8 T=1.986 h=0.4216 colin2   raw=7.487e-09 floor=5.997e-08 excess=-5.248e-08 z=   -0.63 N=3.28e+07 N_eff=7.25e+06 F=4.5 OK
  L=8x8 T=1.986 h=0.4216 far      raw=7.868e-09 floor=6.511e-08 excess=-5.724e-08 z=   -0.70 N=3.28e+07 N_eff=7.09e+06 F=4.6 OK
    [14.4s, R=1024 n_samp=500 gap=10, tau_int = 0.53 x gap, |m| = 0.966]
  L=8x8 T=1.986 h=0.8433 star     raw=5.683e-07 floor=4.879e-08 excess=+5.195e-07 z=   +2.91 N=3.28e+07 N_eff=9.30e+06 F=3.5 OK
  L=8x8 T=1.986 h=0.8433 Lcorner  raw=5.246e-08 floor=4.757e-08 excess=+4.890e-09 z=   +0.07 N=3.28e+07 N_eff=1.01e+07 F=3.2 OK
  L=8x8 T=1.986 h=0.8433 plaq     raw=8.396e-08 floor=5.465e-08 excess=+2.931e-08 z=   +0.40 N=3.28e+07 N_eff=1.01e+07 F=3.2 OK
  L=8x8 T=1.986 h=0.8433 colin1   raw=1.919e-08 floor=4.920e-08 excess=-3.002e-08 z=   -0.46 N=3.28e+07 N_eff=9.86e+06 F=3.3 OK
  L=8x8 T=1.986 h=0.8433 colin2   raw=2.561e-08 floor=4.830e-08 excess=-2.269e-08 z=   -0.36 N=3.28e+07 N_eff=9.10e+06 F=3.6 UNTRUSTWORTHY
  L=8x8 T=1.986 h=0.8433 far      raw=9.599e-10 floor=4.726e-08 excess=-4.630e-08 z=   -0.76 N=3.28e+07 N_eff=9.05e+06 F=3.6 UNTRUSTWORTHY
    [14.7s, R=1024 n_samp=500 gap=10, tau_int = 0.53 x gap, |m| = 0.981]
  L=8x8 T=1.986 h=1.6866 star     raw=7.703e-08 floor=5.480e-08 excess=+2.223e-08 z=   +0.26 N=3.28e+07 N_eff=1.12e+07 F=2.9 UNTRUSTWORTHY
  L=8x8 T=1.986 h=1.6866 Lcorner  raw=4.702e-08 floor=4.520e-08 excess=+1.819e-09 z=   +0.03 N=3.28e+07 N_eff=1.17e+07 F=2.8 OK
  L=8x8 T=1.986 h=1.6866 plaq     raw=2.373e-08 floor=3.898e-08 excess=-1.525e-08 z=   -0.27 N=3.28e+07 N_eff=1.17e+07 F=2.8 OK
  L=8x8 T=1.986 h=1.6866 colin1   raw=1.868e-08 floor=3.956e-08 excess=-2.087e-08 z=   -0.32 N=3.28e+07 N_eff=1.15e+07 F=2.9 OK
  L=8x8 T=1.986 h=1.6866 colin2   raw=1.182e-09 floor=4.782e-08 excess=-4.664e-08 z=   -0.84 N=3.28e+07 N_eff=1.12e+07 F=2.9 UNTRUSTWORTHY
  L=8x8 T=1.986 h=1.6866 far      raw=1.005e-09 floor=4.861e-08 excess=-4.761e-08 z=   -1.35 N=3.28e+07 N_eff=1.12e+07 F=2.9 UNTRUSTWORTHY
    [14.4s, R=1024 n_samp=500 gap=10, tau_int = 0.53 x gap, |m| = 0.993]
  L=8x8 T=2.269 h=0.0000 star     raw=8.371e-10 floor=8.405e-06 excess=-8.404e-06 z=   -0.81 N=3.28e+07 N_eff=6.61e+04 F=495.8 OK
  L=8x8 T=2.269 h=0.0000 Lcorner  raw=2.515e-08 floor=7.107e-06 excess=-7.082e-06 z=   -0.71 N=3.28e+07 N_eff=6.50e+04 F=504.2 OK
  L=8x8 T=2.269 h=0.0000 plaq     raw=6.024e-10 floor=6.922e-06 excess=-6.921e-06 z=   -0.76 N=3.28e+07 N_eff=6.50e+04 F=504.4 OK
  L=8x8 T=2.269 h=0.0000 colin1   raw=1.218e-08 floor=7.587e-06 excess=-7.575e-06 z=   -0.70 N=3.28e+07 N_eff=6.48e+04 F=505.5 OK
  L=8x8 T=2.269 h=0.0000 colin2   raw=1.720e-09 floor=7.801e-06 excess=-7.799e-06 z=   -0.77 N=3.28e+07 N_eff=6.64e+04 F=493.5 OK
  L=8x8 T=2.269 h=0.0000 far      raw=2.730e-07 floor=6.209e-06 excess=-5.936e-06 z=   -0.72 N=3.28e+07 N_eff=6.73e+04 F=487.1 OK
    [15.0s, R=1024 n_samp=500 gap=10, tau_int = 7.44 x gap, |m| = 0.002]
  L=16x16 T=0.786 h=0.2108 star     raw=0.000e+00 floor=0.000e+00 excess=+0.000e+00 z=    +nan N=1.31e+08 N_eff=4.34e+07 F=3.0 UNTRUSTWORTHY
  L=16x16 T=0.786 h=0.2108 Lcorner  raw=0.000e+00 floor=0.000e+00 excess=+0.000e+00 z=    +nan N=1.31e+08 N_eff=4.36e+07 F=3.0 UNTRUSTWORTHY
  L=16x16 T=0.786 h=0.2108 plaq     raw=3.210e-09 floor=5.558e-09 excess=-2.348e-09 z=   -0.20 N=1.31e+08 N_eff=4.36e+07 F=3.0 UNTRUSTWORTHY
  L=16x16 T=0.786 h=0.2108 colin1   raw=0.000e+00 floor=0.000e+00 excess=+0.000e+00 z=    +nan N=1.31e+08 N_eff=4.38e+07 F=3.0 UNTRUSTWORTHY
  L=16x16 T=0.786 h=0.2108 colin2   raw=0.000e+00 floor=0.000e+00 excess=+0.000e+00 z=    +nan N=1.31e+08 N_eff=4.34e+07 F=3.0 UNTRUSTWORTHY
  L=16x16 T=0.786 h=0.2108 far      raw=0.000e+00 floor=0.000e+00 excess=+0.000e+00 z=    +nan N=1.31e+08 N_eff=4.34e+07 F=3.0 UNTRUSTWORTHY
    [15.8s, R=1024 n_samp=500 gap=10, tau_int = 0.50 x gap, |m| = 1.000]
  L=16x16 T=1.186 h=0.2108 star     raw=9.660e-10 floor=1.346e-08 excess=-1.249e-08 z=   -0.95 N=1.31e+08 N_eff=3.90e+07 F=3.4 UNTRUSTWORTHY
  L=16x16 T=1.186 h=0.2108 Lcorner  raw=4.226e-09 floor=1.331e-08 excess=-9.088e-09 z=   -0.45 N=1.31e+08 N_eff=4.04e+07 F=3.2 OK
  L=16x16 T=1.186 h=0.2108 plaq     raw=1.474e-09 floor=1.241e-08 excess=-1.093e-08 z=   -0.61 N=1.31e+08 N_eff=4.04e+07 F=3.2 OK
  L=16x16 T=1.186 h=0.2108 colin1   raw=7.028e-09 floor=1.345e-08 excess=-6.421e-09 z=   -0.33 N=1.31e+08 N_eff=4.01e+07 F=3.3 OK
  L=16x16 T=1.186 h=0.2108 colin2   raw=2.303e-09 floor=6.233e-09 excess=-3.930e-09 z=   -0.30 N=1.31e+08 N_eff=3.89e+07 F=3.4 UNTRUSTWORTHY
  L=16x16 T=1.186 h=0.2108 far      raw=5.930e-10 floor=2.806e-09 excess=-2.213e-09 z=   -0.17 N=1.31e+08 N_eff=3.87e+07 F=3.4 UNTRUSTWORTHY
    [15.8s, R=1024 n_samp=500 gap=10, tau_int = 0.53 x gap, |m| = 0.998]
  L=16x16 T=1.586 h=0.2108 star     raw=1.905e-06 floor=1.572e-08 excess=+1.889e-06 z=   +9.60 N=1.31e+08 N_eff=3.45e+07 F=3.8 OK
  L=16x16 T=1.586 h=0.2108 Lcorner  raw=2.740e-09 floor=1.484e-08 excess=-1.210e-08 z=   -0.59 N=1.31e+08 N_eff=3.81e+07 F=3.4 OK
  L=16x16 T=1.586 h=0.2108 plaq     raw=1.978e-10 floor=1.280e-08 excess=-1.261e-08 z=   -0.69 N=1.31e+08 N_eff=3.82e+07 F=3.4 OK
  L=16x16 T=1.586 h=0.2108 colin1   raw=3.137e-08 floor=1.178e-08 excess=+1.960e-08 z=   +0.90 N=1.31e+08 N_eff=3.75e+07 F=3.5 OK
  L=16x16 T=1.586 h=0.2108 colin2   raw=6.256e-10 floor=1.562e-08 excess=-1.499e-08 z=   -0.69 N=1.31e+08 N_eff=3.36e+07 F=3.9 OK
  L=16x16 T=1.586 h=0.2108 far      raw=3.343e-09 floor=1.637e-08 excess=-1.303e-08 z=   -0.50 N=1.31e+08 N_eff=3.30e+07 F=4.0 UNTRUSTWORTHY
    [15.8s, R=1024 n_samp=500 gap=10, tau_int = 0.53 x gap, |m| = 0.987]
  L=16x16 T=1.986 h=0.2108 star     raw=1.547e-05 floor=1.700e-08 excess=+1.545e-05 z=  +27.66 N=1.31e+08 N_eff=2.67e+07 F=4.9 OK
  L=16x16 T=1.986 h=0.2108 Lcorner  raw=1.394e-08 floor=1.221e-08 excess=+1.732e-09 z=   +0.09 N=1.31e+08 N_eff=3.08e+07 F=4.3 OK
  L=16x16 T=1.986 h=0.2108 plaq     raw=2.681e-08 floor=1.531e-08 excess=+1.150e-08 z=   +0.53 N=1.31e+08 N_eff=3.09e+07 F=4.2 OK
  L=16x16 T=1.986 h=0.2108 colin1   raw=7.707e-07 floor=1.720e-08 excess=+7.535e-07 z=   +6.94 N=1.31e+08 N_eff=2.96e+07 F=4.4 OK
  L=16x16 T=1.986 h=0.2108 colin2   raw=1.142e-07 floor=1.669e-08 excess=+9.751e-08 z=   +2.18 N=1.31e+08 N_eff=2.45e+07 F=5.3 OK
  L=16x16 T=1.986 h=0.2108 far      raw=3.247e-09 floor=1.971e-08 excess=-1.646e-08 z=   -0.60 N=1.31e+08 N_eff=2.25e+07 F=5.8 OK
    [15.6s, R=1024 n_samp=500 gap=10, tau_int = 0.53 x gap, |m| = 0.951]
  L=16x16 T=2.386 h=0.2108 star     raw=4.619e-05 floor=2.565e-08 excess=+4.617e-05 z=  +46.74 N=1.31e+08 N_eff=1.90e+07 F=6.9 OK
  L=16x16 T=2.386 h=0.2108 Lcorner  raw=2.545e-07 floor=2.848e-08 excess=+2.260e-07 z=   +3.49 N=1.31e+08 N_eff=2.23e+07 F=5.9 OK
  L=16x16 T=2.386 h=0.2108 plaq     raw=1.405e-07 floor=2.614e-08 excess=+1.143e-07 z=   +2.58 N=1.31e+08 N_eff=2.25e+07 F=5.8 OK
  L=16x16 T=2.386 h=0.2108 colin1   raw=5.912e-06 floor=2.112e-08 excess=+5.891e-06 z=  +20.02 N=1.31e+08 N_eff=2.12e+07 F=6.2 OK
  L=16x16 T=2.386 h=0.2108 colin2   raw=2.827e-06 floor=3.661e-08 excess=+2.791e-06 z=  +12.11 N=1.31e+08 N_eff=1.64e+07 F=8.0 OK
  L=16x16 T=2.386 h=0.2108 far      raw=2.367e-09 floor=3.850e-08 excess=-3.613e-08 z=   -0.70 N=1.31e+08 N_eff=1.39e+07 F=9.4 OK
    [15.8s, R=1024 n_samp=500 gap=10, tau_int = 0.53 x gap, |m| = 0.861]
  L=16x16 T=2.786 h=0.2108 star     raw=5.184e-05 floor=3.001e-08 excess=+5.181e-05 z=  +54.27 N=1.31e+08 N_eff=1.37e+07 F=9.5 OK
  L=16x16 T=2.786 h=0.2108 Lcorner  raw=3.982e-07 floor=2.853e-08 excess=+3.697e-07 z=   +5.20 N=1.31e+08 N_eff=1.59e+07 F=8.2 OK
  L=16x16 T=2.786 h=0.2108 plaq     raw=3.316e-07 floor=3.281e-08 excess=+2.988e-07 z=   +4.25 N=1.31e+08 N_eff=1.61e+07 F=8.2 OK
  L=16x16 T=2.786 h=0.2108 colin1   raw=9.580e-06 floor=3.534e-08 excess=+9.545e-06 z=  +24.21 N=1.31e+08 N_eff=1.53e+07 F=8.6 OK
  L=16x16 T=2.786 h=0.2108 colin2   raw=6.575e-06 floor=4.246e-08 excess=+6.533e-06 z=  +18.10 N=1.31e+08 N_eff=1.17e+07 F=11.2 OK
  L=16x16 T=2.786 h=0.2108 far      raw=2.031e-09 floor=4.926e-08 excess=-4.723e-08 z=   -0.63 N=1.31e+08 N_eff=9.09e+06 F=14.4 OK
    [10.9s, R=1024 n_samp=500 gap=10, tau_int = 0.53 x gap, |m| = 0.679]
  L=16x16 T=3.186 h=0.2108 star     raw=2.361e-05 floor=3.533e-08 excess=+2.357e-05 z=  +36.28 N=1.31e+08 N_eff=1.40e+07 F=9.4 OK
  L=16x16 T=3.186 h=0.2108 Lcorner  raw=1.248e-07 floor=3.201e-08 excess=+9.279e-08 z=   +1.88 N=1.31e+08 N_eff=1.59e+07 F=8.2 OK
  L=16x16 T=3.186 h=0.2108 plaq     raw=1.777e-07 floor=3.526e-08 excess=+1.424e-07 z=   +2.91 N=1.31e+08 N_eff=1.60e+07 F=8.2 OK
  L=16x16 T=3.186 h=0.2108 colin1   raw=3.822e-06 floor=3.771e-08 excess=+3.784e-06 z=  +15.38 N=1.31e+08 N_eff=1.53e+07 F=8.6 OK
  L=16x16 T=3.186 h=0.2108 colin2   raw=2.280e-06 floor=3.923e-08 excess=+2.241e-06 z=  +11.17 N=1.31e+08 N_eff=1.22e+07 F=10.8 OK
  L=16x16 T=3.186 h=0.2108 far      raw=7.554e-10 floor=5.072e-08 excess=-4.997e-08 z=   -0.77 N=1.31e+08 N_eff=9.60e+06 F=13.6 OK
    [6.3s, R=1024 n_samp=500 gap=10, tau_int = 0.53 x gap, |m| = 0.460]
  L=16x16 T=3.586 h=0.2108 star     raw=7.793e-06 floor=3.321e-08 excess=+7.759e-06 z=  +21.71 N=1.31e+08 N_eff=1.65e+07 F=7.9 OK
  L=16x16 T=3.586 h=0.2108 Lcorner  raw=1.768e-09 floor=3.060e-08 excess=-2.883e-08 z=   -0.72 N=1.31e+08 N_eff=1.85e+07 F=7.1 OK
  L=16x16 T=3.586 h=0.2108 plaq     raw=2.248e-08 floor=2.515e-08 excess=-2.664e-09 z=   -0.07 N=1.31e+08 N_eff=1.87e+07 F=7.0 OK
  L=16x16 T=3.586 h=0.2108 colin1   raw=8.539e-07 floor=2.643e-08 excess=+8.274e-07 z=   +7.52 N=1.31e+08 N_eff=1.76e+07 F=7.4 OK
  L=16x16 T=3.586 h=0.2108 colin2   raw=3.428e-07 floor=3.365e-08 excess=+3.092e-07 z=   +3.77 N=1.31e+08 N_eff=1.43e+07 F=9.2 OK
  L=16x16 T=3.586 h=0.2108 far      raw=2.082e-09 floor=4.143e-08 excess=-3.935e-08 z=   -0.68 N=1.31e+08 N_eff=1.27e+07 F=10.3 OK
    [6.1s, R=1024 n_samp=500 gap=10, tau_int = 0.53 x gap, |m| = 0.308]
  L=16x16 T=1.986 h=0.0132 star     raw=7.453e-04 floor=3.783e-04 excess=+3.670e-04 z=   +0.69 N=1.31e+08 N_eff=1.26e+03 F=104263.3 UNTRUSTWORTHY
  L=16x16 T=1.986 h=0.0132 Lcorner  raw=4.154e-04 floor=3.312e-04 excess=+8.417e-05 z=   +0.20 N=1.31e+08 N_eff=1.25e+03 F=105155.3 UNTRUSTWORTHY
  L=16x16 T=1.986 h=0.0132 plaq     raw=4.187e-04 floor=3.761e-04 excess=+4.260e-05 z=   +0.08 N=1.31e+08 N_eff=1.25e+03 F=105158.3 UNTRUSTWORTHY
  L=16x16 T=1.986 h=0.0132 colin1   raw=4.204e-04 floor=3.778e-04 excess=+4.262e-05 z=   +0.08 N=1.31e+08 N_eff=1.25e+03 F=105268.5 UNTRUSTWORTHY
  L=16x16 T=1.986 h=0.0132 colin2   raw=8.939e-04 floor=3.880e-04 excess=+5.059e-04 z=   +1.07 N=1.31e+08 N_eff=1.26e+03 F=103782.2 UNTRUSTWORTHY
  L=16x16 T=1.986 h=0.0132 far      raw=1.043e-03 floor=4.195e-04 excess=+6.239e-04 z=   +1.21 N=1.31e+08 N_eff=1.28e+03 F=102792.3 UNTRUSTWORTHY
    [6.0s, R=1024 n_samp=500 gap=10, tau_int = 1.81 x gap, |m| = 0.279]
  L=16x16 T=1.986 h=0.0264 star     raw=2.938e-03 floor=3.797e-04 excess=+2.559e-03 z=   +5.55 N=1.31e+08 N_eff=1.29e+03 F=101905.1 UNTRUSTWORTHY
  L=16x16 T=1.986 h=0.0264 Lcorner  raw=1.571e-03 floor=3.979e-04 excess=+1.173e-03 z=   +2.15 N=1.31e+08 N_eff=1.28e+03 F=102206.7 UNTRUSTWORTHY
  L=16x16 T=1.986 h=0.0264 plaq     raw=1.574e-03 floor=4.572e-04 excess=+1.117e-03 z=   +1.72 N=1.31e+08 N_eff=1.28e+03 F=102206.4 UNTRUSTWORTHY
  L=16x16 T=1.986 h=0.0264 colin1   raw=1.592e-03 floor=4.289e-04 excess=+1.164e-03 z=   +1.93 N=1.31e+08 N_eff=1.28e+03 F=102469.1 UNTRUSTWORTHY
  L=16x16 T=1.986 h=0.0264 colin2   raw=3.611e-03 floor=3.575e-04 excess=+3.254e-03 z=   +6.71 N=1.31e+08 N_eff=1.29e+03 F=101667.7 UNTRUSTWORTHY
  L=16x16 T=1.986 h=0.0264 far      raw=4.346e-03 floor=4.397e-04 excess=+3.907e-03 z=   +6.33 N=1.31e+08 N_eff=1.30e+03 F=100717.1 UNTRUSTWORTHY
    [5.8s, R=1024 n_samp=500 gap=10, tau_int = 3.72 x gap, |m| = 0.557]
  L=16x16 T=1.986 h=0.0527 star     raw=3.985e-03 floor=2.881e-04 excess=+3.697e-03 z=   +9.11 N=1.31e+08 N_eff=1.84e+03 F=71328.7 UNTRUSTWORTHY
  L=16x16 T=1.986 h=0.0527 Lcorner  raw=1.492e-03 floor=2.826e-04 excess=+1.210e-03 z=   +3.03 N=1.31e+08 N_eff=1.95e+03 F=67336.3 UNTRUSTWORTHY
  L=16x16 T=1.986 h=0.0527 plaq     raw=1.493e-03 floor=1.981e-04 excess=+1.295e-03 z=   +4.58 N=1.31e+08 N_eff=1.95e+03 F=67328.9 UNTRUSTWORTHY
  L=16x16 T=1.986 h=0.0527 colin1   raw=1.654e-03 floor=3.010e-04 excess=+1.353e-03 z=   +3.70 N=1.31e+08 N_eff=1.90e+03 F=68966.2 UNTRUSTWORTHY
  L=16x16 T=1.986 h=0.0527 colin2   raw=5.670e-03 floor=2.941e-04 excess=+5.376e-03 z=  +13.19 N=1.31e+08 N_eff=1.79e+03 F=73239.1 UNTRUSTWORTHY
  L=16x16 T=1.986 h=0.0527 far      raw=8.225e-03 floor=2.469e-04 excess=+7.978e-03 z=  +21.82 N=1.31e+08 N_eff=1.79e+03 F=73057.4 UNTRUSTWORTHY
    [5.8s, R=1024 n_samp=500 gap=10, tau_int = 3.01 x gap, |m| = 0.885]
  L=16x16 T=1.986 h=0.1054 star     raw=2.988e-05 floor=1.795e-08 excess=+2.986e-05 z=  +43.68 N=1.31e+08 N_eff=2.32e+07 F=5.7 OK
  L=16x16 T=1.986 h=0.1054 Lcorner  raw=1.179e-07 floor=1.730e-08 excess=+1.006e-07 z=   +2.34 N=1.31e+08 N_eff=2.72e+07 F=4.8 OK
  L=16x16 T=1.986 h=0.1054 plaq     raw=1.281e-07 floor=1.854e-08 excess=+1.095e-07 z=   +2.47 N=1.31e+08 N_eff=2.72e+07 F=4.8 OK
  L=16x16 T=1.986 h=0.1054 colin1   raw=3.278e-06 floor=1.857e-08 excess=+3.260e-06 z=  +14.53 N=1.31e+08 N_eff=2.60e+07 F=5.0 OK
  L=16x16 T=1.986 h=0.1054 colin2   raw=1.178e-06 floor=2.583e-08 excess=+1.152e-06 z=   +7.13 N=1.31e+08 N_eff=2.07e+07 F=6.3 OK
  L=16x16 T=1.986 h=0.1054 far      raw=3.571e-09 floor=2.955e-08 excess=-2.598e-08 z=   -0.62 N=1.31e+08 N_eff=1.82e+07 F=7.2 OK
    [5.8s, R=1024 n_samp=500 gap=10, tau_int = 0.53 x gap, |m| = 0.939]
  L=16x16 T=1.986 h=0.2108 star     raw=1.547e-05 floor=1.778e-08 excess=+1.545e-05 z=  +28.82 N=1.31e+08 N_eff=2.67e+07 F=4.9 OK
  L=16x16 T=1.986 h=0.2108 Lcorner  raw=1.394e-08 floor=1.600e-08 excess=-2.062e-09 z=   -0.08 N=1.31e+08 N_eff=3.08e+07 F=4.3 OK
  L=16x16 T=1.986 h=0.2108 plaq     raw=2.681e-08 floor=1.598e-08 excess=+1.083e-08 z=   +0.49 N=1.31e+08 N_eff=3.09e+07 F=4.2 OK
  L=16x16 T=1.986 h=0.2108 colin1   raw=7.707e-07 floor=2.075e-08 excess=+7.500e-07 z=   +6.94 N=1.31e+08 N_eff=2.96e+07 F=4.4 OK
  L=16x16 T=1.986 h=0.2108 colin2   raw=1.142e-07 floor=2.200e-08 excess=+9.220e-08 z=   +2.19 N=1.31e+08 N_eff=2.45e+07 F=5.3 OK
  L=16x16 T=1.986 h=0.2108 far      raw=3.247e-09 floor=1.979e-08 excess=-1.654e-08 z=   -0.54 N=1.31e+08 N_eff=2.25e+07 F=5.8 OK
    [5.7s, R=1024 n_samp=500 gap=10, tau_int = 0.53 x gap, |m| = 0.951]
  L=16x16 T=1.986 h=0.4216 star     raw=5.605e-06 floor=1.731e-08 excess=+5.588e-06 z=  +19.05 N=1.31e+08 N_eff=2.96e+07 F=4.4 OK
  L=16x16 T=1.986 h=0.4216 Lcorner  raw=6.430e-09 floor=1.549e-08 excess=-9.060e-09 z=   -0.41 N=1.31e+08 N_eff=3.32e+07 F=3.9 OK
  L=16x16 T=1.986 h=0.4216 plaq     raw=1.017e-08 floor=1.347e-08 excess=-3.300e-09 z=   -0.19 N=1.31e+08 N_eff=3.34e+07 F=3.9 OK
  L=16x16 T=1.986 h=0.4216 colin1   raw=8.408e-08 floor=1.399e-08 excess=+7.009e-08 z=   +1.90 N=1.31e+08 N_eff=3.22e+07 F=4.1 OK
  L=16x16 T=1.986 h=0.4216 colin2   raw=7.833e-09 floor=1.816e-08 excess=-1.033e-08 z=   -0.45 N=1.31e+08 N_eff=2.82e+07 F=4.6 OK
  L=16x16 T=1.986 h=0.4216 far      raw=1.601e-10 floor=1.791e-08 excess=-1.775e-08 z=   -0.73 N=1.31e+08 N_eff=2.75e+07 F=4.8 OK
    [5.6s, R=1024 n_samp=500 gap=10, tau_int = 0.53 x gap, |m| = 0.966]
  L=16x16 T=1.986 h=0.8433 star     raw=6.869e-07 floor=1.777e-08 excess=+6.692e-07 z=   +5.94 N=1.31e+08 N_eff=3.51e+07 F=3.7 OK
  L=16x16 T=1.986 h=0.8433 Lcorner  raw=1.123e-09 floor=1.409e-08 excess=-1.297e-08 z=   -0.74 N=1.31e+08 N_eff=3.82e+07 F=3.4 OK
  L=16x16 T=1.986 h=0.8433 plaq     raw=7.113e-10 floor=1.273e-08 excess=-1.202e-08 z=   -0.58 N=1.31e+08 N_eff=3.84e+07 F=3.4 OK
  L=16x16 T=1.986 h=0.8433 colin1   raw=1.648e-08 floor=1.098e-08 excess=+5.506e-09 z=   +0.30 N=1.31e+08 N_eff=3.80e+07 F=3.4 OK
  L=16x16 T=1.986 h=0.8433 colin2   raw=1.084e-10 floor=1.744e-08 excess=-1.733e-08 z=   -0.65 N=1.31e+08 N_eff=3.50e+07 F=3.7 OK
  L=16x16 T=1.986 h=0.8433 far      raw=1.813e-09 floor=1.330e-08 excess=-1.149e-08 z=   -0.71 N=1.31e+08 N_eff=3.43e+07 F=3.8 OK
    [6.4s, R=1024 n_samp=500 gap=10, tau_int = 0.53 x gap, |m| = 0.981]
  L=16x16 T=1.986 h=1.6866 star     raw=8.721e-10 floor=1.172e-08 excess=-1.084e-08 z=   -0.64 N=1.31e+08 N_eff=4.17e+07 F=3.1 UNTRUSTWORTHY
  L=16x16 T=1.986 h=1.6866 Lcorner  raw=2.412e-09 floor=1.043e-08 excess=-8.021e-09 z=   -0.57 N=1.31e+08 N_eff=4.34e+07 F=3.0 OK
  L=16x16 T=1.986 h=1.6866 plaq     raw=7.824e-09 floor=1.089e-08 excess=-3.067e-09 z=   -0.19 N=1.31e+08 N_eff=4.33e+07 F=3.0 OK
  L=16x16 T=1.986 h=1.6866 colin1   raw=7.318e-10 floor=1.013e-08 excess=-9.397e-09 z=   -0.73 N=1.31e+08 N_eff=4.28e+07 F=3.1 OK
  L=16x16 T=1.986 h=1.6866 colin2   raw=1.934e-10 floor=1.334e-08 excess=-1.314e-08 z=   -0.74 N=1.31e+08 N_eff=4.18e+07 F=3.1 UNTRUSTWORTHY
  L=16x16 T=1.986 h=1.6866 far      raw=1.084e-08 floor=1.636e-08 excess=-5.518e-09 z=   -0.28 N=1.31e+08 N_eff=4.17e+07 F=3.1 UNTRUSTWORTHY
    [5.8s, R=1024 n_samp=500 gap=10, tau_int = 0.53 x gap, |m| = 0.993]
  L=16x16 T=2.269 h=0.0000 star     raw=6.934e-07 floor=3.165e-05 excess=-3.096e-05 z=   -0.68 N=1.31e+08 N_eff=1.77e+04 F=7416.2 OK
  L=16x16 T=2.269 h=0.0000 Lcorner  raw=3.290e-07 floor=3.717e-05 excess=-3.684e-05 z=   -0.74 N=1.31e+08 N_eff=1.74e+04 F=7532.9 OK
  L=16x16 T=2.269 h=0.0000 plaq     raw=2.300e-07 floor=3.087e-05 excess=-3.064e-05 z=   -0.70 N=1.31e+08 N_eff=1.74e+04 F=7533.7 OK
  L=16x16 T=2.269 h=0.0000 colin1   raw=4.200e-07 floor=2.948e-05 excess=-2.906e-05 z=   -0.82 N=1.31e+08 N_eff=1.73e+04 F=7566.5 OK
  L=16x16 T=2.269 h=0.0000 colin2   raw=1.686e-06 floor=3.338e-05 excess=-3.169e-05 z=   -0.63 N=1.31e+08 N_eff=1.78e+04 F=7382.0 OK
  L=16x16 T=2.269 h=0.0000 far      raw=4.818e-06 floor=2.478e-05 excess=-1.996e-05 z=   -0.52 N=1.31e+08 N_eff=1.83e+04 F=7168.3 OK
    [6.0s, R=1024 n_samp=500 gap=10, tau_int = 23.11 x gap, |m| = 0.010]
  L=32x32 T=0.786 h=0.2108 star     raw=0.000e+00 floor=0.000e+00 excess=+0.000e+00 z=    +nan N=1.31e+08 N_eff=4.63e+07 F=2.8 UNTRUSTWORTHY
  L=32x32 T=0.786 h=0.2108 Lcorner  raw=6.537e-09 floor=3.836e-09 excess=+2.702e-09 z=   +0.37 N=1.31e+08 N_eff=4.68e+07 F=2.8 UNTRUSTWORTHY
  L=32x32 T=0.786 h=0.2108 plaq     raw=0.000e+00 floor=0.000e+00 excess=+0.000e+00 z=    +nan N=1.31e+08 N_eff=4.67e+07 F=2.8 UNTRUSTWORTHY
  L=32x32 T=0.786 h=0.2108 colin1   raw=0.000e+00 floor=0.000e+00 excess=+0.000e+00 z=    +nan N=1.31e+08 N_eff=4.68e+07 F=2.8 UNTRUSTWORTHY
  L=32x32 T=0.786 h=0.2108 colin2   raw=0.000e+00 floor=0.000e+00 excess=+0.000e+00 z=    +nan N=1.31e+08 N_eff=4.62e+07 F=2.8 UNTRUSTWORTHY
  L=32x32 T=0.786 h=0.2108 far      raw=0.000e+00 floor=0.000e+00 excess=+0.000e+00 z=    +nan N=1.31e+08 N_eff=4.62e+07 F=2.8 UNTRUSTWORTHY
    [5.9s, R=256 n_samp=500 gap=10, tau_int = 0.52 x gap, |m| = 1.000]
  L=32x32 T=1.186 h=0.2108 star     raw=8.308e-08 floor=1.112e-08 excess=+7.196e-08 z=   +1.54 N=1.31e+08 N_eff=3.51e+07 F=3.7 UNTRUSTWORTHY
  L=32x32 T=1.186 h=0.2108 Lcorner  raw=3.043e-09 floor=1.583e-08 excess=-1.279e-08 z=   -0.62 N=1.31e+08 N_eff=3.67e+07 F=3.6 OK
  L=32x32 T=1.186 h=0.2108 plaq     raw=4.005e-09 floor=1.343e-08 excess=-9.422e-09 z=   -0.46 N=1.31e+08 N_eff=3.67e+07 F=3.6 OK
  L=32x32 T=1.186 h=0.2108 colin1   raw=5.617e-09 floor=1.152e-08 excess=-5.903e-09 z=   -0.36 N=1.31e+08 N_eff=3.69e+07 F=3.6 OK
  L=32x32 T=1.186 h=0.2108 colin2   raw=2.478e-09 floor=6.610e-09 excess=-4.132e-09 z=   -0.33 N=1.31e+08 N_eff=3.53e+07 F=3.7 UNTRUSTWORTHY
  L=32x32 T=1.186 h=0.2108 far      raw=6.397e-10 floor=1.838e-09 excess=-1.198e-09 z=   -0.12 N=1.31e+08 N_eff=3.51e+07 F=3.7 UNTRUSTWORTHY
    [6.0s, R=256 n_samp=500 gap=10, tau_int = 0.53 x gap, |m| = 0.998]
  L=32x32 T=1.586 h=0.2108 star     raw=1.641e-06 floor=1.737e-08 excess=+1.624e-06 z=   +9.51 N=1.31e+08 N_eff=3.20e+07 F=4.1 OK
  L=32x32 T=1.586 h=0.2108 Lcorner  raw=8.567e-10 floor=1.254e-08 excess=-1.169e-08 z=   -0.64 N=1.31e+08 N_eff=3.51e+07 F=3.7 OK
  L=32x32 T=1.586 h=0.2108 plaq     raw=1.955e-09 floor=1.295e-08 excess=-1.099e-08 z=   -0.67 N=1.31e+08 N_eff=3.50e+07 F=3.7 OK
  L=32x32 T=1.586 h=0.2108 colin1   raw=3.043e-08 floor=1.388e-08 excess=+1.656e-08 z=   +0.81 N=1.31e+08 N_eff=3.42e+07 F=3.8 OK
  L=32x32 T=1.586 h=0.2108 colin2   raw=6.453e-11 floor=1.493e-08 excess=-1.487e-08 z=   -0.77 N=1.31e+08 N_eff=3.14e+07 F=4.2 OK
  L=32x32 T=1.586 h=0.2108 far      raw=6.301e-09 floor=1.702e-08 excess=-1.072e-08 z=   -0.44 N=1.31e+08 N_eff=3.02e+07 F=4.3 UNTRUSTWORTHY
    [6.4s, R=256 n_samp=500 gap=10, tau_int = 0.53 x gap, |m| = 0.987]
  L=32x32 T=1.986 h=0.2108 star     raw=1.559e-05 floor=1.807e-08 excess=+1.557e-05 z=  +29.53 N=1.31e+08 N_eff=2.58e+07 F=5.1 OK
  L=32x32 T=1.986 h=0.2108 Lcorner  raw=6.330e-11 floor=1.607e-08 excess=-1.601e-08 z=   -0.72 N=1.31e+08 N_eff=3.03e+07 F=4.3 OK
  L=32x32 T=1.986 h=0.2108 plaq     raw=6.830e-09 floor=1.575e-08 excess=-8.925e-09 z=   -0.41 N=1.31e+08 N_eff=3.06e+07 F=4.3 OK
  L=32x32 T=1.986 h=0.2108 colin1   raw=8.671e-07 floor=1.546e-08 excess=+8.517e-07 z=   +6.78 N=1.31e+08 N_eff=2.95e+07 F=4.4 OK
  L=32x32 T=1.986 h=0.2108 colin2   raw=2.277e-07 floor=2.110e-08 excess=+2.066e-07 z=   +3.47 N=1.31e+08 N_eff=2.34e+07 F=5.6 OK
  L=32x32 T=1.986 h=0.2108 far      raw=3.778e-10 floor=2.477e-08 excess=-2.439e-08 z=   -0.77 N=1.31e+08 N_eff=2.16e+07 F=6.1 OK
    [6.2s, R=256 n_samp=500 gap=10, tau_int = 0.54 x gap, |m| = 0.951]
  L=32x32 T=2.386 h=0.2108 star     raw=4.494e-05 floor=2.575e-08 excess=+4.492e-05 z=  +53.04 N=1.31e+08 N_eff=1.85e+07 F=7.1 OK
  L=32x32 T=2.386 h=0.2108 Lcorner  raw=1.462e-07 floor=2.511e-08 excess=+1.211e-07 z=   +2.75 N=1.31e+08 N_eff=2.17e+07 F=6.0 OK
  L=32x32 T=2.386 h=0.2108 plaq     raw=7.643e-08 floor=2.346e-08 excess=+5.296e-08 z=   +1.40 N=1.31e+08 N_eff=2.19e+07 F=6.0 OK
  L=32x32 T=2.386 h=0.2108 colin1   raw=5.528e-06 floor=2.439e-08 excess=+5.504e-06 z=  +18.57 N=1.31e+08 N_eff=2.10e+07 F=6.3 OK
  L=32x32 T=2.386 h=0.2108 colin2   raw=2.844e-06 floor=3.108e-08 excess=+2.813e-06 z=  +11.26 N=1.31e+08 N_eff=1.62e+07 F=8.1 OK
  L=32x32 T=2.386 h=0.2108 far      raw=6.881e-09 floor=3.385e-08 excess=-2.697e-08 z=   -0.61 N=1.31e+08 N_eff=1.42e+07 F=9.2 OK
    [5.9s, R=256 n_samp=500 gap=10, tau_int = 0.54 x gap, |m| = 0.861]
  L=32x32 T=2.786 h=0.2108 star     raw=5.242e-05 floor=3.842e-08 excess=+5.238e-05 z=  +54.33 N=1.31e+08 N_eff=1.26e+07 F=10.4 OK
  L=32x32 T=2.786 h=0.2108 Lcorner  raw=4.269e-07 floor=3.633e-08 excess=+3.905e-07 z=   +5.03 N=1.31e+08 N_eff=1.46e+07 F=9.0 OK
  L=32x32 T=2.786 h=0.2108 plaq     raw=3.915e-07 floor=3.492e-08 excess=+3.566e-07 z=   +4.37 N=1.31e+08 N_eff=1.45e+07 F=9.0 OK
  L=32x32 T=2.786 h=0.2108 colin1   raw=9.476e-06 floor=4.579e-08 excess=+9.430e-06 z=  +25.22 N=1.31e+08 N_eff=1.34e+07 F=9.8 OK
  L=32x32 T=2.786 h=0.2108 colin2   raw=6.489e-06 floor=4.958e-08 excess=+6.440e-06 z=  +19.90 N=1.31e+08 N_eff=1.04e+07 F=12.6 OK
  L=32x32 T=2.786 h=0.2108 far      raw=4.579e-12 floor=6.351e-08 excess=-6.350e-08 z=   -0.69 N=1.31e+08 N_eff=8.29e+06 F=15.8 OK
    [6.1s, R=256 n_samp=500 gap=10, tau_int = 0.53 x gap, |m| = 0.679]
  L=32x32 T=3.186 h=0.2108 star     raw=2.297e-05 floor=3.834e-08 excess=+2.293e-05 z=  +39.40 N=1.31e+08 N_eff=1.42e+07 F=9.3 OK
  L=32x32 T=3.186 h=0.2108 Lcorner  raw=1.463e-07 floor=2.526e-08 excess=+1.210e-07 z=   +2.93 N=1.31e+08 N_eff=1.57e+07 F=8.3 OK
  L=32x32 T=3.186 h=0.2108 plaq     raw=1.517e-07 floor=3.223e-08 excess=+1.195e-07 z=   +2.45 N=1.31e+08 N_eff=1.54e+07 F=8.5 OK
  L=32x32 T=3.186 h=0.2108 colin1   raw=3.633e-06 floor=3.035e-08 excess=+3.603e-06 z=  +16.19 N=1.31e+08 N_eff=1.50e+07 F=8.8 OK
  L=32x32 T=3.186 h=0.2108 colin2   raw=2.242e-06 floor=4.334e-08 excess=+2.199e-06 z=   +9.68 N=1.31e+08 N_eff=1.21e+07 F=10.8 OK
  L=32x32 T=3.186 h=0.2108 far      raw=4.589e-09 floor=4.866e-08 excess=-4.407e-08 z=   -0.66 N=1.31e+08 N_eff=9.79e+06 F=13.4 OK
    [6.1s, R=256 n_samp=500 gap=10, tau_int = 0.54 x gap, |m| = 0.460]
  L=32x32 T=3.586 h=0.2108 star     raw=8.408e-06 floor=3.536e-08 excess=+8.373e-06 z=  +23.96 N=1.31e+08 N_eff=1.65e+07 F=8.0 OK
  L=32x32 T=3.586 h=0.2108 Lcorner  raw=1.040e-08 floor=2.616e-08 excess=-1.576e-08 z=   -0.42 N=1.31e+08 N_eff=1.88e+07 F=7.0 OK
  L=32x32 T=3.586 h=0.2108 plaq     raw=2.388e-08 floor=2.945e-08 excess=-5.575e-09 z=   -0.15 N=1.31e+08 N_eff=1.86e+07 F=7.0 OK
  L=32x32 T=3.586 h=0.2108 colin1   raw=7.640e-07 floor=2.840e-08 excess=+7.356e-07 z=   +6.69 N=1.31e+08 N_eff=1.71e+07 F=7.7 OK
  L=32x32 T=3.586 h=0.2108 colin2   raw=2.641e-07 floor=3.747e-08 excess=+2.267e-07 z=   +3.37 N=1.31e+08 N_eff=1.40e+07 F=9.3 OK
  L=32x32 T=3.586 h=0.2108 far      raw=2.061e-08 floor=3.527e-08 excess=-1.466e-08 z=   -0.33 N=1.31e+08 N_eff=1.34e+07 F=9.8 OK
    [6.5s, R=256 n_samp=500 gap=10, tau_int = 0.53 x gap, |m| = 0.308]
  L=32x32 T=1.986 h=0.0132 star     raw=4.129e-03 floor=1.833e-03 excess=+2.296e-03 z=   +0.87 N=1.31e+08 N_eff=2.99e+02 F=439089.6 UNTRUSTWORTHY
  L=32x32 T=1.986 h=0.0132 Lcorner  raw=2.095e-03 floor=1.950e-03 excess=+1.447e-04 z=   +0.05 N=1.31e+08 N_eff=2.99e+02 F=437959.8 UNTRUSTWORTHY
  L=32x32 T=1.986 h=0.0132 plaq     raw=2.097e-03 floor=2.178e-03 excess=-8.030e-05 z=   -0.03 N=1.31e+08 N_eff=2.99e+02 F=437938.3 UNTRUSTWORTHY
  L=32x32 T=1.986 h=0.0132 colin1   raw=2.140e-03 floor=2.178e-03 excess=-3.791e-05 z=   -0.01 N=1.31e+08 N_eff=2.98e+02 F=439856.0 UNTRUSTWORTHY
  L=32x32 T=1.986 h=0.0132 colin2   raw=5.331e-03 floor=1.849e-03 excess=+3.483e-03 z=   +1.27 N=1.31e+08 N_eff=2.98e+02 F=439777.8 UNTRUSTWORTHY
  L=32x32 T=1.986 h=0.0132 far      raw=7.331e-03 floor=2.341e-03 excess=+4.990e-03 z=   +1.54 N=1.31e+08 N_eff=3.00e+02 F=437143.5 UNTRUSTWORTHY
    [6.8s, R=256 n_samp=500 gap=10, tau_int = 0.57 x gap, |m| = 0.627]
  L=32x32 T=1.986 h=0.0264 star     raw=4.876e-03 floor=1.810e-03 excess=+3.065e-03 z=   +1.17 N=1.31e+08 N_eff=3.04e+02 F=431812.5 UNTRUSTWORTHY
  L=32x32 T=1.986 h=0.0264 Lcorner  raw=2.018e-03 floor=1.749e-03 excess=+2.688e-04 z=   +0.12 N=1.31e+08 N_eff=3.15e+02 F=416164.5 UNTRUSTWORTHY
  L=32x32 T=1.986 h=0.0264 plaq     raw=2.020e-03 floor=2.076e-03 excess=-5.625e-05 z=   -0.02 N=1.31e+08 N_eff=3.15e+02 F=416106.5 UNTRUSTWORTHY
  L=32x32 T=1.986 h=0.0264 colin1   raw=2.177e-03 floor=2.175e-03 excess=+2.221e-06 z=   +0.00 N=1.31e+08 N_eff=3.10e+02 F=423125.9 UNTRUSTWORTHY
  L=32x32 T=1.986 h=0.0264 colin2   raw=6.841e-03 floor=2.310e-03 excess=+4.532e-03 z=   +1.45 N=1.31e+08 N_eff=2.98e+02 F=440285.1 UNTRUSTWORTHY
  L=32x32 T=1.986 h=0.0264 far      raw=1.030e-02 floor=2.085e-03 excess=+8.213e-03 z=   +2.86 N=1.31e+08 N_eff=2.98e+02 F=440025.0 UNTRUSTWORTHY
    [6.9s, R=256 n_samp=500 gap=10, tau_int = 0.55 x gap, |m| = 0.845]
  L=32x32 T=1.986 h=0.0527 star     raw=4.357e-05 floor=2.826e-08 excess=+4.354e-05 z=  +43.99 N=1.31e+08 N_eff=1.82e+07 F=7.2 OK
  L=32x32 T=1.986 h=0.0527 Lcorner  raw=3.710e-07 floor=1.943e-08 excess=+3.516e-07 z=   +4.69 N=1.31e+08 N_eff=2.13e+07 F=6.2 OK
  L=32x32 T=1.986 h=0.0527 plaq     raw=3.683e-07 floor=2.566e-08 excess=+3.426e-07 z=   +4.53 N=1.31e+08 N_eff=2.17e+07 F=6.0 OK
  L=32x32 T=1.986 h=0.0527 colin1   raw=6.987e-06 floor=2.043e-08 excess=+6.966e-06 z=  +19.05 N=1.31e+08 N_eff=2.10e+07 F=6.2 OK
  L=32x32 T=1.986 h=0.0527 colin2   raw=4.905e-06 floor=3.468e-08 excess=+4.871e-06 z=  +13.54 N=1.31e+08 N_eff=1.60e+07 F=8.2 OK
  L=32x32 T=1.986 h=0.0527 far      raw=6.480e-10 floor=4.661e-08 excess=-4.597e-08 z=   -0.73 N=1.31e+08 N_eff=1.34e+07 F=9.8 OK
    [7.2s, R=256 n_samp=500 gap=10, tau_int = 0.54 x gap, |m| = 0.929]
  L=32x32 T=1.986 h=0.1054 star     raw=2.892e-05 floor=2.659e-08 excess=+2.889e-05 z=  +39.26 N=1.31e+08 N_eff=2.05e+07 F=6.4 OK
  L=32x32 T=1.986 h=0.1054 Lcorner  raw=6.397e-08 floor=2.425e-08 excess=+3.971e-08 z=   +1.10 N=1.31e+08 N_eff=2.40e+07 F=5.5 OK
  L=32x32 T=1.986 h=0.1054 plaq     raw=5.200e-08 floor=1.845e-08 excess=+3.355e-08 z=   +1.32 N=1.31e+08 N_eff=2.44e+07 F=5.4 OK
  L=32x32 T=1.986 h=0.1054 colin1   raw=3.138e-06 floor=1.806e-08 excess=+3.120e-06 z=  +13.81 N=1.31e+08 N_eff=2.35e+07 F=5.6 OK
  L=32x32 T=1.986 h=0.1054 colin2   raw=1.297e-06 floor=2.716e-08 excess=+1.270e-06 z=   +7.66 N=1.31e+08 N_eff=1.82e+07 F=7.2 OK
  L=32x32 T=1.986 h=0.1054 far      raw=2.149e-09 floor=2.867e-08 excess=-2.652e-08 z=   -0.75 N=1.31e+08 N_eff=1.60e+07 F=8.2 OK
    [7.3s, R=256 n_samp=500 gap=10, tau_int = 0.54 x gap, |m| = 0.939]
  L=32x32 T=1.986 h=0.2108 star     raw=1.559e-05 floor=1.849e-08 excess=+1.557e-05 z=  +32.06 N=1.31e+08 N_eff=2.58e+07 F=5.1 OK
  L=32x32 T=1.986 h=0.2108 Lcorner  raw=6.330e-11 floor=1.429e-08 excess=-1.423e-08 z=   -0.72 N=1.31e+08 N_eff=3.03e+07 F=4.3 OK
  L=32x32 T=1.986 h=0.2108 plaq     raw=6.830e-09 floor=1.781e-08 excess=-1.098e-08 z=   -0.44 N=1.31e+08 N_eff=3.06e+07 F=4.3 OK
  L=32x32 T=1.986 h=0.2108 colin1   raw=8.671e-07 floor=1.655e-08 excess=+8.506e-07 z=   +6.60 N=1.31e+08 N_eff=2.95e+07 F=4.4 OK
  L=32x32 T=1.986 h=0.2108 colin2   raw=2.277e-07 floor=2.202e-08 excess=+2.057e-07 z=   +3.35 N=1.31e+08 N_eff=2.34e+07 F=5.6 OK
  L=32x32 T=1.986 h=0.2108 far      raw=3.778e-10 floor=2.394e-08 excess=-2.356e-08 z=   -0.72 N=1.31e+08 N_eff=2.16e+07 F=6.1 OK
    [6.6s, R=256 n_samp=500 gap=10, tau_int = 0.54 x gap, |m| = 0.951]
  L=32x32 T=1.986 h=0.4216 star     raw=5.319e-06 floor=1.752e-08 excess=+5.301e-06 z=  +19.80 N=1.31e+08 N_eff=2.86e+07 F=4.6 OK
  L=32x32 T=1.986 h=0.4216 Lcorner  raw=4.032e-09 floor=1.590e-08 excess=-1.186e-08 z=   -0.50 N=1.31e+08 N_eff=3.24e+07 F=4.0 OK
  L=32x32 T=1.986 h=0.4216 plaq     raw=3.722e-09 floor=1.535e-08 excess=-1.163e-08 z=   -0.56 N=1.31e+08 N_eff=3.27e+07 F=4.0 OK
  L=32x32 T=1.986 h=0.4216 colin1   raw=1.388e-07 floor=1.618e-08 excess=+1.226e-07 z=   +2.62 N=1.31e+08 N_eff=3.06e+07 F=4.3 OK
  L=32x32 T=1.986 h=0.4216 colin2   raw=4.555e-09 floor=2.154e-08 excess=-1.699e-08 z=   -0.54 N=1.31e+08 N_eff=2.69e+07 F=4.9 OK
  L=32x32 T=1.986 h=0.4216 far      raw=3.148e-09 floor=1.831e-08 excess=-1.517e-08 z=   -0.54 N=1.31e+08 N_eff=2.65e+07 F=4.9 OK
    [6.4s, R=256 n_samp=500 gap=10, tau_int = 0.54 x gap, |m| = 0.966]
  L=32x32 T=1.986 h=0.8433 star     raw=5.507e-07 floor=1.494e-08 excess=+5.358e-07 z=   +5.05 N=1.31e+08 N_eff=3.19e+07 F=4.1 OK
  L=32x32 T=1.986 h=0.8433 Lcorner  raw=1.514e-08 floor=1.455e-08 excess=+5.913e-10 z=   +0.03 N=1.31e+08 N_eff=3.48e+07 F=3.8 OK
  L=32x32 T=1.986 h=0.8433 plaq     raw=9.879e-09 floor=1.707e-08 excess=-7.191e-09 z=   -0.31 N=1.31e+08 N_eff=3.50e+07 F=3.7 OK
  L=32x32 T=1.986 h=0.8433 colin1   raw=1.514e-08 floor=1.618e-08 excess=-1.041e-09 z=   -0.05 N=1.31e+08 N_eff=3.40e+07 F=3.9 OK
  L=32x32 T=1.986 h=0.8433 colin2   raw=7.146e-10 floor=1.628e-08 excess=-1.556e-08 z=   -0.77 N=1.31e+08 N_eff=3.14e+07 F=4.2 OK
  L=32x32 T=1.986 h=0.8433 far      raw=1.829e-08 floor=1.561e-08 excess=+2.682e-09 z=   +0.11 N=1.31e+08 N_eff=3.10e+07 F=4.2 OK
    [6.8s, R=256 n_samp=500 gap=10, tau_int = 0.53 x gap, |m| = 0.981]
  L=32x32 T=1.986 h=1.6866 star     raw=1.113e-08 floor=1.339e-08 excess=-2.261e-09 z=   -0.13 N=1.31e+08 N_eff=3.89e+07 F=3.4 UNTRUSTWORTHY
  L=32x32 T=1.986 h=1.6866 Lcorner  raw=3.463e-10 floor=1.426e-08 excess=-1.391e-08 z=   -0.70 N=1.31e+08 N_eff=4.04e+07 F=3.2 OK
  L=32x32 T=1.986 h=1.6866 plaq     raw=2.879e-10 floor=1.226e-08 excess=-1.197e-08 z=   -0.70 N=1.31e+08 N_eff=4.04e+07 F=3.2 OK
  L=32x32 T=1.986 h=1.6866 colin1   raw=4.340e-10 floor=1.222e-08 excess=-1.178e-08 z=   -0.68 N=1.31e+08 N_eff=4.01e+07 F=3.3 OK
  L=32x32 T=1.986 h=1.6866 colin2   raw=5.642e-09 floor=1.635e-08 excess=-1.071e-08 z=   -0.52 N=1.31e+08 N_eff=3.88e+07 F=3.4 UNTRUSTWORTHY
  L=32x32 T=1.986 h=1.6866 far      raw=4.440e-10 floor=1.633e-08 excess=-1.589e-08 z=   -0.89 N=1.31e+08 N_eff=3.88e+07 F=3.4 UNTRUSTWORTHY
    [6.8s, R=256 n_samp=500 gap=10, tau_int = 0.53 x gap, |m| = 0.993]
  L=32x32 T=2.269 h=0.0000 star     raw=3.956e-08 floor=3.312e-04 excess=-3.312e-04 z=   -0.70 N=1.31e+08 N_eff=1.63e+03 F=80270.5 OK
  L=32x32 T=2.269 h=0.0000 Lcorner  raw=6.214e-09 floor=2.872e-04 excess=-2.872e-04 z=   -0.72 N=1.31e+08 N_eff=1.61e+03 F=81333.4 OK
  L=32x32 T=2.269 h=0.0000 plaq     raw=8.955e-09 floor=3.488e-04 excess=-3.488e-04 z=   -0.71 N=1.31e+08 N_eff=1.61e+03 F=81341.3 OK
  L=32x32 T=2.269 h=0.0000 colin1   raw=1.894e-08 floor=3.384e-04 excess=-3.384e-04 z=   -0.73 N=1.31e+08 N_eff=1.60e+03 F=81741.9 OK
  L=32x32 T=2.269 h=0.0000 colin2   raw=7.887e-08 floor=2.827e-04 excess=-2.826e-04 z=   -0.78 N=1.31e+08 N_eff=1.63e+03 F=80214.6 OK
  L=32x32 T=2.269 h=0.0000 far      raw=2.710e-06 floor=3.157e-04 excess=-3.130e-04 z=   -0.67 N=1.31e+08 N_eff=1.68e+03 F=77984.2 OK
    [7.0s, R=256 n_samp=500 gap=10, tau_int = 38.76 x gap, |m| = 0.003]
  L=64x64 T=0.786 h=0.2108 star     raw=0.000e+00 floor=0.000e+00 excess=+0.000e+00 z=    +nan N=1.97e+08 N_eff=6.52e+07 F=3.0 UNTRUSTWORTHY
  L=64x64 T=0.786 h=0.2108 Lcorner  raw=3.906e-11 floor=4.604e-09 excess=-4.565e-09 z=   -0.66 N=1.97e+08 N_eff=6.49e+07 F=3.0 UNTRUSTWORTHY
  L=64x64 T=0.786 h=0.2108 plaq     raw=0.000e+00 floor=0.000e+00 excess=+0.000e+00 z=    +nan N=1.97e+08 N_eff=6.49e+07 F=3.0 UNTRUSTWORTHY
  L=64x64 T=0.786 h=0.2108 colin1   raw=0.000e+00 floor=0.000e+00 excess=+0.000e+00 z=    +nan N=1.97e+08 N_eff=6.47e+07 F=3.0 UNTRUSTWORTHY
  L=64x64 T=0.786 h=0.2108 colin2   raw=0.000e+00 floor=0.000e+00 excess=+0.000e+00 z=    +nan N=1.97e+08 N_eff=6.51e+07 F=3.0 UNTRUSTWORTHY
  L=64x64 T=0.786 h=0.2108 far      raw=0.000e+00 floor=0.000e+00 excess=+0.000e+00 z=    +nan N=1.97e+08 N_eff=6.51e+07 F=3.0 UNTRUSTWORTHY
    [8.0s, R=96 n_samp=500 gap=10, tau_int = 0.53 x gap, |m| = 1.000]
  L=64x64 T=1.186 h=0.2108 star     raw=2.731e-08 floor=9.717e-09 excess=+1.759e-08 z=   +0.82 N=1.97e+08 N_eff=5.59e+07 F=3.5 UNTRUSTWORTHY
  L=64x64 T=1.186 h=0.2108 Lcorner  raw=2.643e-09 floor=9.457e-09 excess=-6.814e-09 z=   -0.52 N=1.97e+08 N_eff=5.86e+07 F=3.4 OK
  L=64x64 T=1.186 h=0.2108 plaq     raw=7.802e-10 floor=8.550e-09 excess=-7.770e-09 z=   -0.66 N=1.97e+08 N_eff=5.83e+07 F=3.4 OK
  L=64x64 T=1.186 h=0.2108 colin1   raw=5.767e-09 floor=7.682e-09 excess=-1.915e-09 z=   -0.19 N=1.97e+08 N_eff=5.87e+07 F=3.4 OK
  L=64x64 T=1.186 h=0.2108 colin2   raw=1.226e-09 floor=4.600e-09 excess=-3.374e-09 z=   -0.47 N=1.97e+08 N_eff=5.52e+07 F=3.6 UNTRUSTWORTHY
  L=64x64 T=1.186 h=0.2108 far      raw=8.010e-10 floor=2.516e-09 excess=-1.715e-09 z=   -0.22 N=1.97e+08 N_eff=5.52e+07 F=3.6 UNTRUSTWORTHY
    [9.0s, R=96 n_samp=500 gap=10, tau_int = 0.53 x gap, |m| = 0.998]
  L=64x64 T=1.586 h=0.2108 star     raw=2.175e-06 floor=9.963e-09 excess=+2.165e-06 z=  +13.60 N=1.97e+08 N_eff=5.20e+07 F=3.8 OK
  L=64x64 T=1.586 h=0.2108 Lcorner  raw=2.701e-10 floor=9.028e-09 excess=-8.758e-09 z=   -0.74 N=1.97e+08 N_eff=5.79e+07 F=3.4 OK
  L=64x64 T=1.586 h=0.2108 plaq     raw=6.241e-09 floor=7.385e-09 excess=-1.144e-09 z=   -0.11 N=1.97e+08 N_eff=5.72e+07 F=3.4 OK
  L=64x64 T=1.586 h=0.2108 colin1   raw=2.861e-08 floor=7.285e-09 excess=+2.133e-08 z=   +1.10 N=1.97e+08 N_eff=5.81e+07 F=3.4 OK
  L=64x64 T=1.586 h=0.2108 colin2   raw=8.145e-10 floor=8.551e-09 excess=-7.737e-09 z=   -0.61 N=1.97e+08 N_eff=5.21e+07 F=3.8 OK
  L=64x64 T=1.586 h=0.2108 far      raw=9.152e-11 floor=1.109e-08 excess=-1.100e-08 z=   -0.77 N=1.97e+08 N_eff=5.08e+07 F=3.9 UNTRUSTWORTHY
    [8.3s, R=96 n_samp=500 gap=10, tau_int = 0.53 x gap, |m| = 0.987]
  L=64x64 T=1.986 h=0.2108 star     raw=1.563e-05 floor=1.525e-08 excess=+1.562e-05 z=  +32.45 N=1.97e+08 N_eff=3.62e+07 F=5.4 OK
  L=64x64 T=1.986 h=0.2108 Lcorner  raw=7.674e-09 floor=1.206e-08 excess=-4.389e-09 z=   -0.25 N=1.97e+08 N_eff=4.07e+07 F=4.8 OK
  L=64x64 T=1.986 h=0.2108 plaq     raw=1.057e-08 floor=1.590e-08 excess=-5.328e-09 z=   -0.26 N=1.97e+08 N_eff=4.12e+07 F=4.8 OK
  L=64x64 T=1.986 h=0.2108 colin1   raw=8.356e-07 floor=1.179e-08 excess=+8.238e-07 z=   +9.52 N=1.97e+08 N_eff=4.12e+07 F=4.8 OK
  L=64x64 T=1.986 h=0.2108 colin2   raw=1.239e-07 floor=1.429e-08 excess=+1.096e-07 z=   +2.46 N=1.97e+08 N_eff=3.40e+07 F=5.8 OK
  L=64x64 T=1.986 h=0.2108 far      raw=2.654e-10 floor=1.894e-08 excess=-1.867e-08 z=   -0.63 N=1.97e+08 N_eff=2.99e+07 F=6.6 OK
    [8.2s, R=96 n_samp=500 gap=10, tau_int = 0.53 x gap, |m| = 0.951]
  L=64x64 T=2.386 h=0.2108 star     raw=4.718e-05 floor=1.968e-08 excess=+4.716e-05 z=  +55.62 N=1.97e+08 N_eff=2.47e+07 F=7.9 OK
  L=64x64 T=2.386 h=0.2108 Lcorner  raw=1.801e-07 floor=1.835e-08 excess=+1.617e-07 z=   +4.15 N=1.97e+08 N_eff=2.82e+07 F=7.0 OK
  L=64x64 T=2.386 h=0.2108 plaq     raw=1.880e-07 floor=1.555e-08 excess=+1.725e-07 z=   +4.30 N=1.97e+08 N_eff=2.87e+07 F=6.9 OK
  L=64x64 T=2.386 h=0.2108 colin1   raw=5.647e-06 floor=1.742e-08 excess=+5.630e-06 z=  +22.19 N=1.97e+08 N_eff=2.65e+07 F=7.4 OK
  L=64x64 T=2.386 h=0.2108 colin2   raw=2.887e-06 floor=2.066e-08 excess=+2.866e-06 z=  +13.63 N=1.97e+08 N_eff=2.14e+07 F=9.2 OK
  L=64x64 T=2.386 h=0.2108 far      raw=5.181e-09 floor=2.886e-08 excess=-2.368e-08 z=   -0.59 N=1.97e+08 N_eff=1.78e+07 F=11.0 OK
    [9.0s, R=96 n_samp=500 gap=10, tau_int = 0.54 x gap, |m| = 0.861]
  L=64x64 T=2.786 h=0.2108 star     raw=5.102e-05 floor=2.783e-08 excess=+5.099e-05 z=  +65.32 N=1.97e+08 N_eff=2.13e+07 F=9.2 OK
  L=64x64 T=2.786 h=0.2108 Lcorner  raw=4.801e-07 floor=1.856e-08 excess=+4.615e-07 z=   +7.51 N=1.97e+08 N_eff=2.51e+07 F=7.8 OK
  L=64x64 T=2.786 h=0.2108 plaq     raw=4.333e-07 floor=2.128e-08 excess=+4.120e-07 z=   +6.03 N=1.97e+08 N_eff=2.56e+07 F=7.7 OK
  L=64x64 T=2.786 h=0.2108 colin1   raw=8.974e-06 floor=2.265e-08 excess=+8.951e-06 z=  +32.66 N=1.97e+08 N_eff=2.46e+07 F=8.0 OK
  L=64x64 T=2.786 h=0.2108 colin2   raw=6.534e-06 floor=3.228e-08 excess=+6.501e-06 z=  +20.24 N=1.97e+08 N_eff=1.82e+07 F=10.8 OK
  L=64x64 T=2.786 h=0.2108 far      raw=3.050e-09 floor=3.218e-08 excess=-2.913e-08 z=   -0.62 N=1.97e+08 N_eff=1.47e+07 F=13.4 OK
    [8.0s, R=96 n_samp=500 gap=10, tau_int = 0.53 x gap, |m| = 0.679]
  L=64x64 T=3.186 h=0.2108 star     raw=2.373e-05 floor=1.940e-08 excess=+2.371e-05 z=  +54.66 N=1.97e+08 N_eff=2.41e+07 F=8.1 OK
  L=64x64 T=3.186 h=0.2108 Lcorner  raw=1.357e-07 floor=1.455e-08 excess=+1.211e-07 z=   +2.89 N=1.97e+08 N_eff=3.02e+07 F=6.5 OK
  L=64x64 T=3.186 h=0.2108 plaq     raw=1.001e-07 floor=1.864e-08 excess=+8.147e-08 z=   +2.54 N=1.97e+08 N_eff=2.73e+07 F=7.2 OK
  L=64x64 T=3.186 h=0.2108 colin1   raw=3.399e-06 floor=1.705e-08 excess=+3.381e-06 z=  +20.65 N=1.97e+08 N_eff=2.73e+07 F=7.2 OK
  L=64x64 T=3.186 h=0.2108 colin2   raw=2.193e-06 floor=2.567e-08 excess=+2.167e-06 z=  +15.76 N=1.97e+08 N_eff=2.02e+07 F=9.7 OK
  L=64x64 T=3.186 h=0.2108 far      raw=4.689e-10 floor=3.891e-08 excess=-3.844e-08 z=   -0.72 N=1.97e+08 N_eff=1.58e+07 F=12.4 OK
    [8.3s, R=96 n_samp=500 gap=10, tau_int = 0.53 x gap, |m| = 0.460]
  L=64x64 T=3.586 h=0.2108 star     raw=7.926e-06 floor=2.059e-08 excess=+7.905e-06 z=  +27.95 N=1.97e+08 N_eff=2.57e+07 F=7.7 OK
  L=64x64 T=3.586 h=0.2108 Lcorner  raw=4.299e-09 floor=1.435e-08 excess=-1.005e-08 z=   -0.40 N=1.97e+08 N_eff=2.80e+07 F=7.0 OK
  L=64x64 T=3.586 h=0.2108 plaq     raw=5.353e-09 floor=1.341e-08 excess=-8.053e-09 z=   -0.47 N=1.97e+08 N_eff=2.87e+07 F=6.9 OK
  L=64x64 T=3.586 h=0.2108 colin1   raw=6.525e-07 floor=2.367e-08 excess=+6.288e-07 z=   +7.36 N=1.97e+08 N_eff=2.57e+07 F=7.7 OK
  L=64x64 T=3.586 h=0.2108 colin2   raw=3.698e-07 floor=1.905e-08 excess=+3.507e-07 z=   +5.89 N=1.97e+08 N_eff=2.11e+07 F=9.3 OK
  L=64x64 T=3.586 h=0.2108 far      raw=2.175e-09 floor=2.461e-08 excess=-2.243e-08 z=   -0.69 N=1.97e+08 N_eff=1.71e+07 F=11.5 OK
    [8.8s, R=96 n_samp=500 gap=10, tau_int = 0.52 x gap, |m| = 0.308]
  L=64x64 T=1.986 h=0.0132 star     raw=6.697e-05 floor=1.886e-08 excess=+6.695e-05 z=  +63.82 N=1.97e+08 N_eff=2.56e+07 F=7.7 OK
  L=64x64 T=1.986 h=0.0132 Lcorner  raw=1.547e-06 floor=1.488e-08 excess=+1.532e-06 z=  +12.03 N=1.97e+08 N_eff=3.01e+07 F=6.5 OK
  L=64x64 T=1.986 h=0.0132 plaq     raw=1.362e-06 floor=1.772e-08 excess=+1.344e-06 z=   +9.81 N=1.97e+08 N_eff=3.05e+07 F=6.5 OK
  L=64x64 T=1.986 h=0.0132 colin1   raw=1.590e-05 floor=1.348e-08 excess=+1.588e-05 z=  +38.71 N=1.97e+08 N_eff=2.99e+07 F=6.6 OK
  L=64x64 T=1.986 h=0.0132 colin2   raw=1.782e-05 floor=2.049e-08 excess=+1.780e-05 z=  +28.19 N=1.97e+08 N_eff=2.26e+07 F=8.7 OK
  L=64x64 T=1.986 h=0.0132 far      raw=1.464e-10 floor=3.224e-08 excess=-3.209e-08 z=   -0.76 N=1.97e+08 N_eff=1.72e+07 F=11.4 OK
    [8.3s, R=96 n_samp=500 gap=10, tau_int = 0.56 x gap, |m| = 0.920]
  L=64x64 T=1.986 h=0.0264 star     raw=5.794e-05 floor=2.046e-08 excess=+5.792e-05 z=  +66.85 N=1.97e+08 N_eff=2.64e+07 F=7.4 OK
  L=64x64 T=1.986 h=0.0264 Lcorner  raw=9.999e-07 floor=1.431e-08 excess=+9.856e-07 z=   +9.04 N=1.97e+08 N_eff=3.10e+07 F=6.3 OK
  L=64x64 T=1.986 h=0.0264 plaq     raw=8.614e-07 floor=1.525e-08 excess=+8.462e-07 z=   +9.08 N=1.97e+08 N_eff=3.12e+07 F=6.3 OK
  L=64x64 T=1.986 h=0.0264 colin1   raw=1.209e-05 floor=1.778e-08 excess=+1.207e-05 z=  +33.02 N=1.97e+08 N_eff=3.09e+07 F=6.4 OK
  L=64x64 T=1.986 h=0.0264 colin2   raw=1.098e-05 floor=2.179e-08 excess=+1.096e-05 z=  +24.53 N=1.97e+08 N_eff=2.35e+07 F=8.4 OK
  L=64x64 T=1.986 h=0.0264 far      raw=1.302e-12 floor=2.668e-08 excess=-2.668e-08 z=   -0.63 N=1.97e+08 N_eff=1.85e+07 F=10.6 OK
    [9.0s, R=96 n_samp=500 gap=10, tau_int = 0.55 x gap, |m| = 0.924]
  L=64x64 T=1.986 h=0.0527 star     raw=4.566e-05 floor=1.538e-08 excess=+4.565e-05 z=  +69.84 N=1.97e+08 N_eff=2.81e+07 F=7.0 OK
  L=64x64 T=1.986 h=0.0527 Lcorner  raw=4.542e-07 floor=1.834e-08 excess=+4.359e-07 z=   +6.63 N=1.97e+08 N_eff=3.26e+07 F=6.0 OK
  L=64x64 T=1.986 h=0.0527 plaq     raw=4.139e-07 floor=1.368e-08 excess=+4.003e-07 z=   +6.41 N=1.97e+08 N_eff=3.28e+07 F=6.0 OK
  L=64x64 T=1.986 h=0.0527 colin1   raw=7.695e-06 floor=1.321e-08 excess=+7.682e-06 z=  +30.01 N=1.97e+08 N_eff=3.24e+07 F=6.1 OK
  L=64x64 T=1.986 h=0.0527 colin2   raw=5.380e-06 floor=2.211e-08 excess=+5.358e-06 z=  +21.34 N=1.97e+08 N_eff=2.52e+07 F=7.8 OK
  L=64x64 T=1.986 h=0.0527 far      raw=4.723e-10 floor=2.116e-08 excess=-2.068e-08 z=   -0.68 N=1.97e+08 N_eff=2.07e+07 F=9.5 OK
    [8.2s, R=96 n_samp=500 gap=10, tau_int = 0.55 x gap, |m| = 0.929]
  L=64x64 T=1.986 h=0.1054 star     raw=3.052e-05 floor=1.459e-08 excess=+3.051e-05 z=  +52.65 N=1.97e+08 N_eff=3.15e+07 F=6.2 OK
  L=64x64 T=1.986 h=0.1054 Lcorner  raw=1.037e-07 floor=1.629e-08 excess=+8.737e-08 z=   +2.82 N=1.97e+08 N_eff=3.58e+07 F=5.5 OK
  L=64x64 T=1.986 h=0.1054 plaq     raw=9.727e-08 floor=1.438e-08 excess=+8.290e-08 z=   +2.87 N=1.97e+08 N_eff=3.61e+07 F=5.4 OK
  L=64x64 T=1.986 h=0.1054 colin1   raw=3.323e-06 floor=1.193e-08 excess=+3.311e-06 z=  +17.55 N=1.97e+08 N_eff=3.54e+07 F=5.6 OK
  L=64x64 T=1.986 h=0.1054 colin2   raw=1.502e-06 floor=1.853e-08 excess=+1.483e-06 z=  +10.32 N=1.97e+08 N_eff=2.88e+07 F=6.8 OK
  L=64x64 T=1.986 h=0.1054 far      raw=3.586e-10 floor=2.110e-08 excess=-2.074e-08 z=   -0.67 N=1.97e+08 N_eff=2.43e+07 F=8.1 OK
    [8.1s, R=96 n_samp=500 gap=10, tau_int = 0.54 x gap, |m| = 0.939]
  L=64x64 T=1.986 h=0.2108 star     raw=1.563e-05 floor=1.597e-08 excess=+1.561e-05 z=  +36.76 N=1.97e+08 N_eff=3.62e+07 F=5.4 OK
  L=64x64 T=1.986 h=0.2108 Lcorner  raw=7.674e-09 floor=1.122e-08 excess=-3.548e-09 z=   -0.20 N=1.97e+08 N_eff=4.07e+07 F=4.8 OK
  L=64x64 T=1.986 h=0.2108 plaq     raw=1.057e-08 floor=1.057e-08 excess=+5.730e-12 z=   +0.00 N=1.97e+08 N_eff=4.12e+07 F=4.8 OK
  L=64x64 T=1.986 h=0.2108 colin1   raw=8.356e-07 floor=1.136e-08 excess=+8.243e-07 z=   +9.60 N=1.97e+08 N_eff=4.12e+07 F=4.8 OK
  L=64x64 T=1.986 h=0.2108 colin2   raw=1.239e-07 floor=1.493e-08 excess=+1.090e-07 z=   +2.66 N=1.97e+08 N_eff=3.40e+07 F=5.8 OK
  L=64x64 T=1.986 h=0.2108 far      raw=2.654e-10 floor=1.908e-08 excess=-1.882e-08 z=   -0.67 N=1.97e+08 N_eff=2.99e+07 F=6.6 OK
    [8.9s, R=96 n_samp=500 gap=10, tau_int = 0.53 x gap, |m| = 0.951]
  L=64x64 T=1.986 h=0.4216 star     raw=5.609e-06 floor=1.164e-08 excess=+5.597e-06 z=  +22.90 N=1.97e+08 N_eff=4.22e+07 F=4.7 OK
  L=64x64 T=1.986 h=0.4216 Lcorner  raw=7.082e-09 floor=8.785e-09 excess=-1.703e-09 z=   -0.13 N=1.97e+08 N_eff=4.72e+07 F=4.2 OK
  L=64x64 T=1.986 h=0.4216 plaq     raw=8.707e-10 floor=1.008e-08 excess=-9.208e-09 z=   -0.76 N=1.97e+08 N_eff=4.81e+07 F=4.1 OK
  L=64x64 T=1.986 h=0.4216 colin1   raw=1.041e-07 floor=1.161e-08 excess=+9.251e-08 z=   +2.70 N=1.97e+08 N_eff=4.72e+07 F=4.2 OK
  L=64x64 T=1.986 h=0.4216 colin2   raw=9.589e-10 floor=1.103e-08 excess=-1.008e-08 z=   -0.62 N=1.97e+08 N_eff=4.01e+07 F=4.9 OK
  L=64x64 T=1.986 h=0.4216 far      raw=1.176e-09 floor=1.270e-08 excess=-1.152e-08 z=   -0.65 N=1.97e+08 N_eff=3.78e+07 F=5.2 OK
    [8.3s, R=96 n_samp=500 gap=10, tau_int = 0.53 x gap, |m| = 0.966]
  L=64x64 T=1.986 h=0.8433 star     raw=5.270e-07 floor=6.970e-09 excess=+5.200e-07 z=   +6.77 N=1.97e+08 N_eff=6.58e+07 F=3.0 OK
  L=64x64 T=1.986 h=0.8433 Lcorner  raw=9.756e-09 floor=7.225e-09 excess=+2.531e-09 z=   +0.24 N=1.97e+08 N_eff=7.26e+07 F=2.7 OK
  L=64x64 T=1.986 h=0.8433 plaq     raw=9.068e-10 floor=6.058e-09 excess=-5.151e-09 z=   -0.69 N=1.97e+08 N_eff=7.17e+07 F=2.7 OK
  L=64x64 T=1.986 h=0.8433 colin1   raw=9.731e-12 floor=6.622e-09 excess=-6.612e-09 z=   -0.61 N=1.97e+08 N_eff=7.40e+07 F=2.7 OK
  L=64x64 T=1.986 h=0.8433 colin2   raw=5.100e-10 floor=8.608e-09 excess=-8.098e-09 z=   -0.78 N=1.97e+08 N_eff=6.63e+07 F=3.0 OK
  L=64x64 T=1.986 h=0.8433 far      raw=1.619e-10 floor=7.293e-09 excess=-7.132e-09 z=   -0.70 N=1.97e+08 N_eff=6.39e+07 F=3.1 OK
    [9.1s, R=96 n_samp=500 gap=10, tau_int = 0.53 x gap, |m| = 0.981]
  L=64x64 T=1.986 h=1.6866 star     raw=1.052e-08 floor=8.564e-09 excess=+1.953e-09 z=   +0.16 N=1.97e+08 N_eff=6.46e+07 F=3.0 UNTRUSTWORTHY
  L=64x64 T=1.986 h=1.6866 Lcorner  raw=7.778e-10 floor=7.171e-09 excess=-6.393e-09 z=   -0.58 N=1.97e+08 N_eff=6.72e+07 F=2.9 OK
  L=64x64 T=1.986 h=1.6866 plaq     raw=4.398e-10 floor=7.731e-09 excess=-7.291e-09 z=   -0.67 N=1.97e+08 N_eff=6.72e+07 F=2.9 OK
  L=64x64 T=1.986 h=1.6866 colin1   raw=1.681e-09 floor=6.909e-09 excess=-5.229e-09 z=   -0.61 N=1.97e+08 N_eff=6.66e+07 F=3.0 OK
  L=64x64 T=1.986 h=1.6866 colin2   raw=2.076e-09 floor=9.276e-09 excess=-7.200e-09 z=   -0.53 N=1.97e+08 N_eff=6.56e+07 F=3.0 UNTRUSTWORTHY
  L=64x64 T=1.986 h=1.6866 far      raw=3.116e-09 floor=7.738e-09 excess=-4.623e-09 z=   -0.42 N=1.97e+08 N_eff=6.37e+07 F=3.1 UNTRUSTWORTHY
    [8.4s, R=96 n_samp=500 gap=10, tau_int = 0.53 x gap, |m| = 0.993]
  L=64x64 T=2.269 h=0.0000 star     raw=3.467e-06 floor=1.634e-03 excess=-1.631e-03 z=   -0.72 N=1.97e+08 N_eff=3.29e+02 F=597914.2 UNTRUSTWORTHY
  L=64x64 T=2.269 h=0.0000 Lcorner  raw=1.508e-06 floor=1.610e-03 excess=-1.609e-03 z=   -0.68 N=1.97e+08 N_eff=3.25e+02 F=604852.8 UNTRUSTWORTHY
  L=64x64 T=2.269 h=0.0000 plaq     raw=1.413e-06 floor=1.665e-03 excess=-1.663e-03 z=   -0.70 N=1.97e+08 N_eff=3.25e+02 F=604913.5 UNTRUSTWORTHY
  L=64x64 T=2.269 h=0.0000 colin1   raw=1.747e-06 floor=1.787e-03 excess=-1.785e-03 z=   -0.72 N=1.97e+08 N_eff=3.23e+02 F=608158.0 UNTRUSTWORTHY
  L=64x64 T=2.269 h=0.0000 colin2   raw=5.103e-06 floor=1.331e-03 excess=-1.326e-03 z=   -0.61 N=1.97e+08 N_eff=3.28e+02 F=598869.8 UNTRUSTWORTHY
  L=64x64 T=2.269 h=0.0000 far      raw=1.634e-05 floor=1.422e-03 excess=-1.405e-03 z=   -0.62 N=1.97e+08 N_eff=3.36e+02 F=585484.0 UNTRUSTWORTHY
    [8.3s, R=96 n_samp=500 gap=10, tau_int = 26.04 x gap, |m| = 0.023]
  wrote /home/emoore/CIRISOntology/scratchpad/ising_mc_fss.json
