
====================================================================================
E7 — IS THE RIDGE CRITICAL?  peak(t=0) vs peak(m_c^2 +- 0.5), PASS >= 3x
====================================================================================

  --- theta0 ---
       L    peak t=0    peak ord    peak dis  ratio vs worst   verdict
       8   1.609e-04   4.920e-03   1.064e-07            0.03   FIRES
      12   7.185e-05   8.879e-03  -1.957e-08            0.01   FIRES
      16   3.199e-05   1.055e-02  -1.083e-08            0.00   FIRES

  --- median ---
       L    peak t=0    peak ord    peak dis  ratio vs worst   verdict
       8   2.685e-04   2.468e-02   4.571e-07            0.01   FIRES
      12   9.245e-05   2.605e-02  -1.504e-08            0.00   FIRES
      16   3.824e-05   2.713e-02  -2.968e-09            0.00   FIRES

====================================================================================
S5 — SEPARATION SCAN on colin-r at the ridge peak: I_C^(3) vs r
====================================================================================

  --- theta0 ---
    L=8   r1:5.46e-05 r2:1.50e-04 r3:1.67e-04
          peak at r3 (r/L = 0.375); r=1 is 0.327 of it
    L=12  r1:1.96e-05 r2:5.73e-05 r3:6.84e-05 r4:6.86e-05 r5:6.25e-05
          peak at r4 (r/L = 0.333); r=1 is 0.286 of it
    L=16  r1:8.11e-06 r2:2.72e-05 r3:3.04e-05 r4:3.15e-05 r5:3.10e-05 r6:3.05e-05 r7:2.61e-05
          peak at r4 (r/L = 0.250); r=1 is 0.258 of it
    L=24  r1:-3.43e-06 r2:3.97e-06 r3:1.37e-06 r4:4.06e-06 r5:1.19e-06 r6:1.91e-06 r7:1.16e-06 r8:-2.21e-06 r9:1.87e-06 r10:1.15e-06 r11:8.33e-07
          peak at r4 (r/L = 0.167); r=1 is -0.845 of it
    L=32  r1:-7.36e-06 r2:-5.36e-06 r3:-4.40e-06 r4:-5.41e-06 r5:-7.50e-06 r6:-6.44e-06 r7:-8.38e-06 r8:-7.95e-06 r9:-8.20e-06 r10:-7.19e-06 r11:-8.40e-06 r12:-6.53e-06 r13:-6.81e-06 r14:-7.98e-06 r15:-8.59e-06
          peak at r3 (r/L = 0.094); peak is not positive: this L is below the instrument's reach

  --- median ---
    L=8   r1:2.60e-04 r2:2.89e-04 r3:2.93e-04
          peak at r3 (r/L = 0.375); r=1 is 0.888 of it
    L=12  r1:1.16e-04 r2:1.07e-04 r3:1.02e-04 r4:9.68e-05 r5:9.44e-05
          peak at r1 (r/L = 0.083); r=1 is 1.000 of it
    L=16  r1:7.36e-05 r2:5.75e-05 r3:4.66e-05 r4:4.13e-05 r5:3.97e-05 r6:3.98e-05 r7:3.87e-05
          peak at r1 (r/L = 0.062); r=1 is 1.000 of it
    L=24  r1:2.56e-05 r2:1.56e-05 r3:6.33e-06 r4:4.99e-06 r5:2.60e-06 r6:1.89e-06 r7:2.21e-08 r8:-2.06e-06 r9:3.58e-07 r10:1.83e-06 r11:-4.74e-07
          peak at r1 (r/L = 0.042); r=1 is 1.000 of it
    L=32  r1:1.15e-05 r2:3.90e-06 r3:-2.10e-06 r4:-4.56e-06 r5:-7.43e-06 r6:-6.00e-06 r7:-8.65e-06 r8:-8.41e-06 r9:-8.20e-06 r10:-1.04e-05 r11:-8.90e-06 r12:-7.61e-06 r13:-7.74e-06 r14:-1.04e-05 r15:-7.77e-06
          peak at r1 (r/L = 0.031); r=1 is 1.000 of it

====================================================================================
S7 / K2 — THE FREE FIELD.  lambda = 0 is Gaussian, so the MEDIAN route's share
     is EXACTLY zero at every h by share_eq_zero_of_signSymmetric.  theta=0 is
     NOT protected there and its reading IS the binarization artifact, measured
     on the one case where the truth is known.
====================================================================================
        m2      h     geom  median excess       z  theta0 excess       z
      0.10   0.00   colin1     -4.428e-08   -0.62     -4.517e-08   -0.80
      0.10   0.00  colin-r     -5.680e-08   -0.67     -5.806e-08   -0.74
      0.10   0.05   colin1     -5.858e-08   -0.59      3.072e-05   67.08
      0.10   0.05  colin-r     -9.123e-08   -0.63     -1.102e-07   -0.74
      0.10   0.20   colin1     -5.865e-08   -0.72      0.000e+00     nan
      0.10   0.20  colin-r     -9.379e-08   -0.67      0.000e+00     nan
      1.00   0.00   colin1     -9.182e-09   -0.68     -7.311e-09   -0.74
      1.00   0.00  colin-r     -5.457e-09   -0.38     -4.956e-09   -0.42
      1.00   0.05   colin1     -8.037e-09   -0.66      1.693e-07    5.59
      1.00   0.05  colin-r     -9.658e-09   -0.56     -9.683e-09   -0.66
      1.00   0.20   colin1     -6.684e-09   -0.65      2.155e-06   19.62
      1.00   0.20  colin-r     -9.424e-09   -0.68     -5.523e-09   -0.35
    WORST |z| on the protected (median) route = 0.72  -->  K2 does not fire

  K1 at m_c^2, the HARD version: the global sign flip switched OFF, so the
  test is no longer guaranteed by construction — it asks whether the chain
  itself visits both phases.

------------------------------------------------------------------------------------
K1 — the sign-symmetry plumb line: h = 0 must read the floor (k1flip)
------------------------------------------------------------------------------------
    L= 8 m2=-2.286 theta0  star     raw=+1.004e-10 excess=-3.720e-07 z= -0.69  N_eff=1.28e+06
    L= 8 m2=-2.286 theta0  Lcorner  raw=+7.987e-09 excess=-3.315e-07 z= -0.66  N_eff=1.32e+06
    L= 8 m2=-2.286 theta0  colin1   raw=+1.400e-08 excess=-3.485e-07 z= -0.69  N_eff=1.30e+06
    L= 8 m2=-2.286 theta0  colin-r  raw=+4.059e-09 excess=-4.369e-07 z= -0.68  N_eff=1.25e+06
    L= 8 m2=-2.286 theta0  far      raw=+3.076e-09 excess=-4.102e-07 z= -0.78  N_eff=1.21e+06
    L= 8 m2=-2.286 median  star     raw=+3.799e-08 excess=-4.041e-07 z= -0.70  N_eff=1.28e+06
    L= 8 m2=-2.286 median  Lcorner  raw=+2.015e-08 excess=-3.739e-07 z= -0.63  N_eff=1.31e+06
    L= 8 m2=-2.286 median  colin1   raw=+1.049e-07 excess=-2.661e-07 z= -0.54  N_eff=1.30e+06
    L= 8 m2=-2.286 median  colin-r  raw=+4.279e-08 excess=-3.462e-07 z= -0.66  N_eff=1.25e+06
    L= 8 m2=-2.286 median  far      raw=+1.094e-08 excess=-3.932e-07 z= -0.74  N_eff=1.21e+06
    L=12 m2=-2.286 theta0  star     raw=+2.947e-09 excess=-2.876e-07 z= -0.75  N_eff=1.91e+06
    L=12 m2=-2.286 theta0  Lcorner  raw=+3.118e-09 excess=-2.250e-07 z= -0.68  N_eff=1.99e+06
    L=12 m2=-2.286 theta0  colin1   raw=+3.658e-09 excess=-2.648e-07 z= -0.69  N_eff=1.96e+06
    L=12 m2=-2.286 theta0  colin-r  raw=+1.676e-08 excess=-2.325e-07 z= -0.70  N_eff=1.83e+06
    L=12 m2=-2.286 theta0  far      raw=+8.550e-09 excess=-2.394e-07 z= -0.63  N_eff=1.81e+06
    L=12 m2=-2.286 median  star     raw=+1.651e-08 excess=-2.833e-07 z= -0.63  N_eff=1.91e+06
    L=12 m2=-2.286 median  Lcorner  raw=+1.848e-09 excess=-2.105e-07 z= -0.69  N_eff=1.98e+06
    L=12 m2=-2.286 median  colin1   raw=+2.239e-08 excess=-1.942e-07 z= -0.69  N_eff=1.96e+06
    L=12 m2=-2.286 median  colin-r  raw=+3.238e-08 excess=-2.364e-07 z= -0.65  N_eff=1.82e+06
    L=12 m2=-2.286 median  far      raw=+1.683e-08 excess=-2.457e-07 z= -0.67  N_eff=1.81e+06
    L=16 m2=-2.286 theta0  star     raw=+9.812e-10 excess=-1.857e-07 z= -0.71  N_eff=2.64e+06
    L=16 m2=-2.286 theta0  Lcorner  raw=+5.021e-09 excess=-1.841e-07 z= -0.72  N_eff=2.73e+06
    L=16 m2=-2.286 theta0  colin1   raw=+2.815e-09 excess=-2.189e-07 z= -0.78  N_eff=2.70e+06
    L=16 m2=-2.286 theta0  colin-r  raw=+2.400e-09 excess=-1.967e-07 z= -0.71  N_eff=2.44e+06
    L=16 m2=-2.286 theta0  far      raw=+3.844e-10 excess=-2.100e-07 z= -0.71  N_eff=2.39e+06
    L=16 m2=-2.286 median  star     raw=+1.580e-08 excess=-1.804e-07 z= -0.65  N_eff=2.64e+06
    L=16 m2=-2.286 median  Lcorner  raw=+3.558e-08 excess=-1.403e-07 z= -0.59  N_eff=2.72e+06
    L=16 m2=-2.286 median  colin1   raw=+2.843e-08 excess=-1.548e-07 z= -0.50  N_eff=2.70e+06
    L=16 m2=-2.286 median  colin-r  raw=+7.390e-09 excess=-1.994e-07 z= -0.72  N_eff=2.43e+06
    L=16 m2=-2.286 median  far      raw=+2.514e-09 excess=-2.252e-07 z= -0.72  N_eff=2.40e+06
  WORST |z| = 0.78 at L=16 m2=-2.286 theta0/colin1   -->  K1 does not fire

------------------------------------------------------------------------------------
K1 — the sign-symmetry plumb line: h = 0 must read the floor (k1noflip)
------------------------------------------------------------------------------------
    L= 8 m2=-2.286 theta0  star     raw=+3.142e-08 excess=-1.897e-06 z= -0.69  N_eff=2.33e+05
    L= 8 m2=-2.286 theta0  Lcorner  raw=+7.761e-09 excess=-2.179e-06 z= -0.71  N_eff=2.36e+05
    L= 8 m2=-2.286 theta0  colin1   raw=+2.753e-08 excess=-2.243e-06 z= -0.82  N_eff=2.35e+05
    L= 8 m2=-2.286 theta0  colin-r  raw=+1.598e-08 excess=-2.345e-06 z= -0.65  N_eff=2.31e+05
    L= 8 m2=-2.286 theta0  far      raw=+6.105e-08 excess=-1.865e-06 z= -0.65  N_eff=2.30e+05
    L= 8 m2=-2.286 median  star     raw=+3.550e-07 excess=-1.735e-06 z= -0.59  N_eff=2.33e+05
    L= 8 m2=-2.286 median  Lcorner  raw=+3.327e-07 excess=-1.514e-06 z= -0.41  N_eff=2.35e+05
    L= 8 m2=-2.286 median  colin1   raw=+7.869e-08 excess=-1.923e-06 z= -0.66  N_eff=2.35e+05
    L= 8 m2=-2.286 median  colin-r  raw=+2.547e-07 excess=-2.022e-06 z= -0.75  N_eff=2.30e+05
    L= 8 m2=-2.286 median  far      raw=+3.118e-07 excess=-1.780e-06 z= -0.59  N_eff=2.27e+05
    L=12 m2=-2.286 theta0  star     raw=+3.314e-09 excess=-2.075e-06 z= -0.81  N_eff=2.40e+05
    L=12 m2=-2.286 theta0  Lcorner  raw=+3.745e-09 excess=-1.922e-06 z= -0.76  N_eff=2.45e+05
    L=12 m2=-2.286 theta0  colin1   raw=+6.600e-09 excess=-2.067e-06 z= -0.67  N_eff=2.43e+05
    L=12 m2=-2.286 theta0  colin-r  raw=+6.142e-09 excess=-1.924e-06 z= -0.73  N_eff=2.32e+05
    L=12 m2=-2.286 theta0  far      raw=+3.926e-09 excess=-2.309e-06 z= -0.76  N_eff=2.30e+05
    L=12 m2=-2.286 median  star     raw=+7.249e-09 excess=-2.174e-06 z= -0.76  N_eff=2.40e+05
    L=12 m2=-2.286 median  Lcorner  raw=+9.434e-09 excess=-2.440e-06 z= -0.71  N_eff=2.45e+05
    L=12 m2=-2.286 median  colin1   raw=+1.246e-08 excess=-2.312e-06 z= -0.67  N_eff=2.43e+05
    L=12 m2=-2.286 median  colin-r  raw=+9.110e-09 excess=-2.510e-06 z= -0.66  N_eff=2.32e+05
    L=12 m2=-2.286 median  far      raw=+5.800e-09 excess=-2.310e-06 z= -0.65  N_eff=2.30e+05
    L=16 m2=-2.286 theta0  star     raw=+1.565e-09 excess=-3.006e-06 z= -0.69  N_eff=1.86e+05
    L=16 m2=-2.286 theta0  Lcorner  raw=+3.689e-11 excess=-2.483e-06 z= -0.72  N_eff=1.89e+05
    L=16 m2=-2.286 theta0  colin1   raw=+5.230e-10 excess=-2.818e-06 z= -0.63  N_eff=1.88e+05
    L=16 m2=-2.286 theta0  colin-r  raw=+4.001e-09 excess=-2.718e-06 z= -0.68  N_eff=1.79e+05
    L=16 m2=-2.286 theta0  far      raw=+9.208e-09 excess=-3.241e-06 z= -0.65  N_eff=1.78e+05
    L=16 m2=-2.286 median  star     raw=+1.105e-08 excess=-2.578e-06 z= -0.57  N_eff=1.86e+05
    L=16 m2=-2.286 median  Lcorner  raw=+6.782e-09 excess=-2.503e-06 z= -0.69  N_eff=1.89e+05
    L=16 m2=-2.286 median  colin1   raw=+1.090e-08 excess=-2.707e-06 z= -0.72  N_eff=1.88e+05
    L=16 m2=-2.286 median  colin-r  raw=+8.102e-09 excess=-2.853e-06 z= -0.79  N_eff=1.79e+05
    L=16 m2=-2.286 median  far      raw=+1.380e-08 excess=-3.464e-06 z= -0.68  N_eff=1.77e+05
  WORST |z| = 0.82 at L=8 m2=-2.286 theta0/colin1   -->  K1 does not fire

====================================================================================
K5 — DOSE-vs-RATE.  h* must be invariant to burn-in x4 and thinning gap x4.
     This is the check the gap-cap amendment owes: if capping the gap at 200
     sweeps mattered, gap x4 would move the answer.
====================================================================================

  L = 8
     burn   gap    tau       u=0.68      u=1.15      u=1.95   argmax
        1     1    238    8.071e-05   1.522e-04   1.245e-04     1.15
        1     4    238    8.703e-05   1.499e-04   1.280e-04     1.15
        4     1    246    7.916e-05   1.456e-04   1.288e-04     1.15
        4     4    246    8.774e-05   1.504e-04   1.297e-04     1.15

  L = 16
     burn   gap    tau       u=0.68      u=1.15      u=1.95   argmax
        1     1    366    1.543e-05   3.132e-05   2.382e-05     1.15
        1     4    366    1.817e-05   3.257e-05   2.603e-05     1.15
        4     1    368    1.756e-05   3.200e-05   2.563e-05     1.15
        4     4    368    1.879e-05   3.344e-05   2.616e-05     1.15
