==========================================================================
GATE 1  channel vs a MACHINE-CHECKED rational identity
  Core/Valve.lean  channel3_damp_ferro : channel3 damp damp damp ferro = bulge
  bulge = 9/16 on (0,0,0), 1/16 on each of the other seven.
  max |computed - exact rational| = 0.000e+00   PASS
==========================================================================
GATE 2  plumb lines, share recomputed by an INDEPENDENT third method
  parity  (share_parity = ln2)           indep= 6.931471805599e-01 theirs= 6.931471805599e-01 2-solver gap=4.4e-16  PASS
  ferro   (share_ferro = 0)              indep= 0.000000000000e+00 theirs= 0.000000000000e+00 2-solver gap=0.0e+00  PASS
  indep   (share_indep = 0)              indep= 0.000000000000e+00 theirs=-2.220446049250e-16 2-solver gap=4.4e-16  PASS
  product (share_prod3 = 0)              indep= 0.000000000000e+00 theirs= 3.330669073875e-16 2-solver gap=2.2e-16  PASS
  signsym (share_eq_zero_of_signSym)     indep= 2.220446049250e-16 theirs= 2.220446049250e-16 2-solver gap=0.0e+00  PASS
  bulge   (valve_upward_bound)           indep= 0.021185154563 theirs= 0.021185154563 >= 0.011961808031  PASS
  cap: every reading <= ln2 ?  PASS
==========================================================================
GATE 3  two solvers vs the third, on random states
  4000 random states
  worst golden-vs-bisection gap      = 8.882e-16   (staked 1e-12)  PASS
  worst (their mean) vs INDEPENDENT  = 8.882e-16   PASS
==========================================================================
GATE 4  P-EVEN: Delta(-a,s) == Delta(+a,s) exactly, on ferro
  worst |Delta(+a)-Delta(-a)| = 4.441e-16   PASS
==========================================================================
GATE 5  moment law m=a, r=r0+a^2, c=3*r0*a+a^3  (prereg 4.3)
  worst deviation from the prereg's moment line = 1.665e-16   PASS
==========================================================================
GATE 6  Schneidman 2003 Fig. 1 -- the ONE external calibration
  AND  I_C^(3)= 0.0000 bits (paper 0.0000)   I_C^(2)= 0.8113 bits (paper 0.8113)   PASS
  OR   I_C^(3)= 0.0000 bits (paper 0.0000)   I_C^(2)= 0.8113 bits (paper 0.8113)   PASS
  XOR  I_C^(3)= 1.0000 bits (paper 1.0000)   I_C^(2)= 0.0000 bits (paper 0.0000)   PASS
FIG. 1 -- the noiseless table (exact check)
  gate         I   I_C^(3)   I_C^(2)   paper
  AND     0.8113    0.0000    0.8113   I=0.8113 IC3=0.0 IC2=0.8113  PASS
  OR      0.8113    0.0000    0.8113   I=0.8113 IC3=0.0 IC2=0.8113  PASS
  XOR     1.0000    1.0000    0.0000   I=1.0 IC3=1.0 IC2=0.0  PASS

FIG. 2 -- I_C^(3) in bits vs noise amplitude (9 panels)
  creation = I_C^(3) rises above 0 from a gate whose noiseless I_C^(3) is 0
  AND  P(flip s3)             IC3(0)=0.0000  max=0.0774 at q=0.10  CREATES
  AND  P(flip s1)             IC3(0)=0.0000  max=0.0000 at q=0.00  no creation
  AND  P(flip s3|s1=s2=1)     IC3(0)=0.0000  max=0.0000 at q=0.00  no creation
  OR   P(flip s3)             IC3(0)=0.0000  max=0.0774 at q=0.10  CREATES
  OR   P(flip s1)             IC3(0)=0.0000  max=0.0000 at q=0.00  no creation
  OR   P(flip s3|s1=s2=1)     IC3(0)=0.0000  max=0.6031 at q=0.50  CREATES
  XOR  P(flip s3)             IC3(0)=1.0000  max=1.0000 at q=0.00  no creation
  XOR  P(flip s1)             IC3(0)=1.0000  max=1.0000 at q=0.00  no creation
  XOR  P(flip s3|s1=s2=1)     IC3(0)=1.0000  max=1.0000 at q=0.00  no creation

SPOT-CHECK against the independent solver (dense-grid method):
  worst |golden - independent| over 18 panel points = 8.882e-16

wrote pump_schneidman_fig2.json
