================================================================================================
REFUTER A9/A1/A6 (trimmed)  cap=NGC  n_null=2   (post-unblind, post-hoc)
================================================================================================
  [NGC 0.20<z<0.75] grid (320, 576, 360) = 66.4M; randoms 44421288; mask 0.202; R=15: valid 0.155, n_indep 41767; R=10: valid 0.168, n_indep 153290   [74s]
  [NGC] data sigma R=15 0.4704  [116s]
    [NGC] draw 1/2 done  clipped(pipeline) 0.3701  mean mod 1.7745  [357s]
    [NGC] draw 2/2 done  clipped(pipeline) 0.3701  mean mod 1.7744  [603s]

  null       R     b        I(null)        target   ratio      det
  N2pipe     15.0  4    2.69050e-04   3.51589e-04   1.000      9.6
  N2m        15.0  4    3.87723e-04   2.32916e-04   0.662      6.4
  N2mw       15.0  4    4.02427e-04   2.18212e-04   0.621      6.0
  N2eps0.25  15.0  4    4.12822e-04   2.07817e-04   0.591      5.7
  N2eps0.5   15.0  4    4.16352e-04   2.04287e-04   0.581      5.6
  N2eps1     15.0  4    4.51681e-04   1.68958e-04   0.481      4.6
  N2L        15.0  4    9.05030e-04  -2.84391e-04  -0.809     -7.8
  [recorded] 15.0  4              -   3.44906e-04   0.981      9.4
  N2pipe     15.0  6    2.93286e-04   6.29437e-04   1.000     14.0
  N2m        15.0  6    4.78334e-04   4.44390e-04   0.706      9.9
  N2mw       15.0  6    4.86180e-04   4.36543e-04   0.694      9.7
  N2eps0.25  15.0  6    5.19594e-04   4.03129e-04   0.640      9.0
  N2eps0.5   15.0  6    5.39686e-04   3.83037e-04   0.609      8.5
  N2eps1     15.0  6    5.89933e-04   3.32790e-04   0.529      7.4
  N2L        15.0  6    1.39147e-03  -4.68750e-04  -0.745    -10.4
  [recorded] 15.0  6              -   6.05505e-04   0.962     13.5
  N2pipe     10.0  4    5.28582e-04   8.85614e-04   1.000     40.7
  N2m        10.0  4    9.27007e-04   4.87189e-04   0.550     22.4
  N2mw       10.0  4    9.60153e-04   4.54043e-04   0.513     20.9
  N2eps0.25  10.0  4    1.00046e-03   4.13737e-04   0.467     19.0
  N2eps0.5   10.0  4    1.13781e-03   2.76385e-04   0.312     12.7
  N2eps1     10.0  4    1.38995e-03   2.42465e-05   0.027      1.1
  N2L        10.0  4    1.52312e-03  -1.08926e-04  -0.123     -5.0
  [recorded] 10.0  4              -   8.80074e-04   0.994     40.5
  N2pipe     10.0  6    8.47299e-04   1.85367e-03   1.000     46.9
  N2m        10.0  6    1.59205e-03   1.10892e-03   0.598     28.0
  N2mw       10.0  6    1.66032e-03   1.04065e-03   0.561     26.3
  N2eps0.25  10.0  6    1.77902e-03   9.21944e-04   0.497     23.3
  N2eps0.5   10.0  6    2.01055e-03   6.90414e-04   0.372     17.5
  N2eps1     10.0  6    2.50403e-03   1.96936e-04   0.106      5.0
  N2L        10.0  6    2.99389e-03  -2.92924e-04  -0.158     -7.4
  [recorded] 10.0  6              -   1.85001e-03   0.998     46.8
  N2pipe     10.0  8    1.10843e-03   2.78354e-03   1.000     50.7
  N2m        10.0  8    2.15896e-03   1.73302e-03   0.623     31.6
  N2mw       10.0  8    2.25636e-03   1.63562e-03   0.588     29.8
  N2eps0.25  10.0  8    2.40231e-03   1.48966e-03   0.535     27.1
  N2eps0.5   10.0  8    2.75274e-03   1.13924e-03   0.409     20.7
  N2eps1     10.0  8    3.42907e-03   4.62909e-04   0.166      8.4
  N2L        10.0  8    4.22195e-03  -3.29972e-04  -0.119     -6.0
  [recorded] 10.0  8              -   2.79109e-03   1.003     50.8
