drew 250 subsets from rng(20260727); roster written to /home/emoore/CIRISOntology/scratchpad/rent_scaling_q1_subset.json BEFORE any evaluation
  H12/k6/s0        |S|= 12 |Aut|=        20 orb=[10, 2]                trans=False dev=9.38e-01 rest=False lev=  2 IFF=True  ORB=True  exact=True  [0.0+0.0s]
  H12/k6/s1        |S|= 12 |Aut|=        20 orb=[10, 2]                trans=False dev=9.38e-01 rest=False lev=  2 IFF=True  ORB=True  exact=True  [0.0+0.0s]
  H12/k6/s2        |S|= 12 |Aut|=        20 orb=[10, 2]                trans=False dev=9.38e-01 rest=False lev=  2 IFF=True  ORB=True  exact=True  [0.0+0.0s]
  H12/k6/s3        |S|= 12 |Aut|=        20 orb=[10, 2]                trans=False dev=9.38e-01 rest=False lev=  2 IFF=True  ORB=True  exact=True  [0.0+0.0s]
  H12/k6/s4        |S|= 12 |Aut|=       120 orb=[10, 2]                trans=False dev=2.81e+00 rest=False lev=  2 IFF=True  ORB=True  exact=True  [0.0+0.0s]
  H12/k7/s0        |S|= 12 |Aut|=        24 orb=[6, 4, 2]              trans=False dev=5.63e-01 rest=False lev=  3 IFF=True  ORB=True  exact=True  [0.0+0.0s]
  H12/k7/s1        |S|= 12 |Aut|=        24 orb=[6, 4, 2]              trans=False dev=5.63e-01 rest=False lev=  3 IFF=True  ORB=True  exact=True  [0.0+0.0s]
  H12/k7/s2        |S|= 12 |Aut|=        24 orb=[6, 4, 2]              trans=False dev=5.63e-01 rest=False lev=  3 IFF=True  ORB=True  exact=True  [0.0+0.0s]
  H12/k7/s3        |S|= 12 |Aut|=        24 orb=[6, 4, 2]              trans=False dev=5.62e-01 rest=False lev=  3 IFF=True  ORB=True  exact=True  [0.0+0.0s]
  H12/k7/s4        |S|= 12 |Aut|=        24 orb=[6, 4, 2]              trans=False dev=5.62e-01 rest=False lev=  3 IFF=True  ORB=True  exact=True  [0.0+0.0s]
  H12/k8/s0        |S|= 12 |Aut|=        48 orb=[8, 4]                 trans=False dev=5.62e-01 rest=False lev=  2 IFF=True  ORB=True  exact=True  [0.0+0.0s]
  H12/k8/s1        |S|= 12 |Aut|=        48 orb=[8, 4]                 trans=False dev=5.62e-01 rest=False lev=  2 IFF=True  ORB=True  exact=True  [0.0+0.0s]
  H12/k8/s2        |S|= 12 |Aut|=        48 orb=[8, 4]                 trans=False dev=5.62e-01 rest=False lev=  2 IFF=True  ORB=True  exact=True  [0.0+0.0s]
  H12/k8/s3        |S|= 12 |Aut|=        48 orb=[8, 4]                 trans=False dev=5.62e-01 rest=False lev=  2 IFF=True  ORB=True  exact=True  [0.0+0.0s]
  H12/k8/s4        |S|= 12 |Aut|=        48 orb=[8, 4]                 trans=False dev=5.62e-01 rest=False lev=  2 IFF=True  ORB=True  exact=True  [0.0+0.0s]
  H12/k9/s0        |S|= 12 |Aut|=       144 orb=[12]                   trans=True  dev=0.00e+00 rest=True  lev=  1 IFF=True  ORB=True  exact=True  [0.0+0.0s]
  H12/k9/s1        |S|= 12 |Aut|=       144 orb=[12]                   trans=True  dev=0.00e+00 rest=True  lev=  1 IFF=True  ORB=True  exact=True  [0.0+0.0s]
  H12/k9/s2        |S|= 12 |Aut|=       144 orb=[12]                   trans=True  dev=0.00e+00 rest=True  lev=  1 IFF=True  ORB=True  exact=True  [0.0+0.0s]
  H12/k9/s3        |S|= 12 |Aut|=       144 orb=[12]                   trans=True  dev=0.00e+00 rest=True  lev=  1 IFF=True  ORB=True  exact=True  [0.0+0.0s]
  H12/k9/s4        |S|= 12 |Aut|=       144 orb=[12]                   trans=True  dev=0.00e+00 rest=True  lev=  1 IFF=True  ORB=True  exact=True  [0.0+0.0s]
  H12/k10/s0       |S|= 12 |Aut|=       720 orb=[12]                   trans=True  dev=6.66e-16 rest=True  lev=  1 IFF=True  ORB=True  exact=True  [0.1+0.0s]
  H12/k10/s1       |S|= 12 |Aut|=       720 orb=[12]                   trans=True  dev=6.66e-16 rest=True  lev=  1 IFF=True  ORB=True  exact=True  [0.1+0.0s]
  H12/k10/s2       |S|= 12 |Aut|=       720 orb=[12]                   trans=True  dev=6.66e-16 rest=True  lev=  1 IFF=True  ORB=True  exact=True  [0.1+0.0s]
  H12/k10/s3       |S|= 12 |Aut|=       720 orb=[12]                   trans=True  dev=6.66e-16 rest=True  lev=  1 IFF=True  ORB=True  exact=True  [0.1+0.0s]
  H12/k10/s4       |S|= 12 |Aut|=       720 orb=[12]                   trans=True  dev=6.66e-16 rest=True  lev=  1 IFF=True  ORB=True  exact=True  [0.1+0.0s]
  H12/k11/s0       |S|= 12 |Aut|=      7920 orb=[12]                   trans=True  dev=3.33e-16 rest=True  lev=  1 IFF=True  ORB=True  exact=True  [0.0+0.0s]
  H12/k11/s1       |S|= 12 |Aut|=      7920 orb=[12]                   trans=True  dev=3.33e-16 rest=True  lev=  1 IFF=True  ORB=True  exact=True  [0.0+0.0s]
  H12/k11/s2       |S|= 12 |Aut|=      7920 orb=[12]                   trans=True  dev=3.33e-16 rest=True  lev=  1 IFF=True  ORB=True  exact=True  [0.0+0.0s]
  H12/k11/s3       |S|= 12 |Aut|=      7920 orb=[12]                   trans=True  dev=3.33e-16 rest=True  lev=  1 IFF=True  ORB=True  exact=True  [0.0+0.0s]
  H12/k11/s4       |S|= 12 |Aut|=      7920 orb=[12]                   trans=True  dev=3.33e-16 rest=True  lev=  1 IFF=True  ORB=True  exact=True  [0.0+0.0s]
  H20/k6/s0        |S|= 20 |Aut|=         2 orb=[2, 2, 2, 2, 2, 2, 1,  trans=False dev=1.35e+00 rest=False lev=  8 IFF=True  ORB=False exact=True  [0.0+0.0s]
  H20/k6/s1        |S|= 18 |Aut|=         1 orb=[1, 1, 1, 1, 1, 1, 1,  trans=False dev=3.00e+00 rest=False lev= 18 IFF=True  ORB=True  exact=True  [0.0+0.0s]
  H20/k6/s2        |S|= 20 |Aut|=         1 orb=[1, 1, 1, 1, 1, 1, 1,  trans=False dev=1.98e+00 rest=False lev= 11 IFF=True  ORB=False exact=True  [0.0+0.0s]
  H20/k6/s3        |S|= 19 |Aut|=         1 orb=[1, 1, 1, 1, 1, 1, 1,  trans=False dev=3.27e+00 rest=False lev= 19 IFF=True  ORB=True  exact=True  [0.0+0.0s]
  H20/k6/s4        |S|= 20 |Aut|=         1 orb=[1, 1, 1, 1, 1, 1, 1,  trans=False dev=4.53e+00 rest=False lev= 14 IFF=True  ORB=False exact=True  [0.0+0.0s]
  H20/k7/s0        |S|= 20 |Aut|=         1 orb=[1, 1, 1, 1, 1, 1, 1,  trans=False dev=1.84e+00 rest=False lev= 19 IFF=True  ORB=False exact=True  [0.0+0.0s]
  H20/k7/s1        |S|= 20 |Aut|=         1 orb=[1, 1, 1, 1, 1, 1, 1,  trans=False dev=1.52e+00 rest=False lev= 16 IFF=True  ORB=False exact=True  [0.0+0.0s]
  H20/k7/s2        |S|= 20 |Aut|=         1 orb=[1, 1, 1, 1, 1, 1, 1,  trans=False dev=1.84e+00 rest=False lev= 20 IFF=True  ORB=True  exact=True  [0.0+0.0s]
  H20/k7/s3        |S|= 20 |Aut|=         1 orb=[1, 1, 1, 1, 1, 1, 1,  trans=False dev=1.52e+00 rest=False lev= 18 IFF=True  ORB=False exact=True  [0.0+0.0s]
  H20/k7/s4        |S|= 20 |Aut|=         1 orb=[1, 1, 1, 1, 1, 1, 1,  trans=False dev=1.88e+00 rest=False lev= 20 IFF=True  ORB=True  exact=True  [0.0+0.0s]
  H20/k8/s0        |S|= 20 |Aut|=         1 orb=[1, 1, 1, 1, 1, 1, 1,  trans=False dev=5.99e-01 rest=False lev= 17 IFF=True  ORB=False exact=True  [0.0+0.0s]
  H20/k8/s1        |S|= 20 |Aut|=         1 orb=[1, 1, 1, 1, 1, 1, 1,  trans=False dev=1.25e+00 rest=False lev= 20 IFF=True  ORB=True  exact=True  [0.0+0.0s]
  H20/k8/s2        |S|= 20 |Aut|=         1 orb=[1, 1, 1, 1, 1, 1, 1,  trans=False dev=8.98e-01 rest=False lev= 20 IFF=True  ORB=True  exact=True  [0.0+0.0s]
  H20/k8/s3        |S|= 20 |Aut|=         1 orb=[1, 1, 1, 1, 1, 1, 1,  trans=False dev=6.25e-01 rest=False lev= 20 IFF=True  ORB=True  exact=True  [0.0+0.0s]
  H20/k8/s4        |S|= 20 |Aut|=         1 orb=[1, 1, 1, 1, 1, 1, 1,  trans=False dev=7.49e-01 rest=False lev= 20 IFF=True  ORB=True  exact=True  [0.0+0.0s]
  H20/k9/s0        |S|= 20 |Aut|=         1 orb=[1, 1, 1, 1, 1, 1, 1,  trans=False dev=4.69e-01 rest=False lev= 20 IFF=True  ORB=True  exact=True  [0.0+0.0s]
  H20/k9/s1        |S|= 20 |Aut|=         1 orb=[1, 1, 1, 1, 1, 1, 1,  trans=False dev=4.69e-01 rest=False lev= 20 IFF=True  ORB=True  exact=True  [0.1+0.0s]
  H20/k9/s2        |S|= 20 |Aut|=         1 orb=[1, 1, 1, 1, 1, 1, 1,  trans=False dev=4.52e-01 rest=False lev= 20 IFF=True  ORB=True  exact=True  [0.0+0.0s]
  H20/k9/s3        |S|= 20 |Aut|=         1 orb=[1, 1, 1, 1, 1, 1, 1,  trans=False dev=1.54e+00 rest=False lev= 20 IFF=True  ORB=True  exact=True  [0.0+0.0s]
  H20/k9/s4        |S|= 20 |Aut|=         1 orb=[1, 1, 1, 1, 1, 1, 1,  trans=False dev=1.33e+00 rest=False lev= 20 IFF=True  ORB=True  exact=True  [0.0+0.0s]
  H20/k10/s0       |S|= 20 |Aut|=         1 orb=[1, 1, 1, 1, 1, 1, 1,  trans=False dev=3.91e-01 rest=False lev= 20 IFF=True  ORB=True  exact=True  [0.0+0.0s]
  H20/k10/s1       |S|= 20 |Aut|=         1 orb=[1, 1, 1, 1, 1, 1, 1,  trans=False dev=1.47e+00 rest=False lev= 20 IFF=True  ORB=True  exact=True  [0.0+0.0s]
  H20/k10/s2       |S|= 20 |Aut|=         1 orb=[1, 1, 1, 1, 1, 1, 1,  trans=False dev=3.50e-01 rest=False lev= 20 IFF=True  ORB=True  exact=True  [0.0+0.0s]
  H20/k10/s3       |S|= 20 |Aut|=         1 orb=[1, 1, 1, 1, 1, 1, 1,  trans=False dev=1.47e+00 rest=False lev= 20 IFF=True  ORB=True  exact=True  [0.0+0.0s]
  H20/k10/s4       |S|= 20 |Aut|=         1 orb=[1, 1, 1, 1, 1, 1, 1,  trans=False dev=1.95e-01 rest=False lev= 20 IFF=True  ORB=True  exact=True  [0.0+0.0s]
  H20/k11/s0       |S|= 20 |Aut|=         1 orb=[1, 1, 1, 1, 1, 1, 1,  trans=False dev=2.87e-01 rest=False lev= 20 IFF=True  ORB=True  exact=True  [0.0+0.0s]
  H20/k11/s1       |S|= 20 |Aut|=         1 orb=[1, 1, 1, 1, 1, 1, 1,  trans=False dev=3.14e-01 rest=False lev= 20 IFF=True  ORB=True  exact=True  [0.0+0.0s]
  H20/k11/s2       |S|= 20 |Aut|=         1 orb=[1, 1, 1, 1, 1, 1, 1,  trans=False dev=3.05e-01 rest=False lev= 20 IFF=True  ORB=True  exact=True  [0.0+0.0s]
  H20/k11/s3       |S|= 20 |Aut|=         1 orb=[1, 1, 1, 1, 1, 1, 1,  trans=False dev=2.51e-01 rest=False lev= 20 IFF=True  ORB=True  exact=True  [0.0+0.0s]
  H20/k11/s4       |S|= 20 |Aut|=         1 orb=[1, 1, 1, 1, 1, 1, 1,  trans=False dev=2.70e-01 rest=False lev= 20 IFF=True  ORB=True  exact=True  [0.0+0.0s]
  H20/k12/s0       |S|= 20 |Aut|=         1 orb=[1, 1, 1, 1, 1, 1, 1,  trans=False dev=4.69e-01 rest=False lev= 20 IFF=True  ORB=True  exact=True  [0.0+0.0s]
  H20/k12/s1       |S|= 20 |Aut|=         1 orb=[1, 1, 1, 1, 1, 1, 1,  trans=False dev=4.77e-01 rest=False lev= 20 IFF=True  ORB=True  exact=True  [0.0+0.0s]
  H20/k12/s2       |S|= 20 |Aut|=         1 orb=[1, 1, 1, 1, 1, 1, 1,  trans=False dev=3.56e-01 rest=False lev= 20 IFF=True  ORB=True  exact=True  [0.0+0.0s]
  H20/k12/s3       |S|= 20 |Aut|=         1 orb=[1, 1, 1, 1, 1, 1, 1,  trans=False dev=4.46e-01 rest=False lev= 20 IFF=True  ORB=True  exact=True  [0.0+0.0s]
  H20/k12/s4       |S|= 20 |Aut|=         1 orb=[1, 1, 1, 1, 1, 1, 1,  trans=False dev=4.77e-01 rest=False lev= 20 IFF=True  ORB=True  exact=True  [0.0+0.0s]
  H20/k13/s0       |S|= 20 |Aut|=         1 orb=[1, 1, 1, 1, 1, 1, 1,  trans=False dev=1.10e-01 rest=False lev= 20 IFF=True  ORB=True  exact=True  [0.0+0.0s]
  H20/k13/s1       |S|= 20 |Aut|=         1 orb=[1, 1, 1, 1, 1, 1, 1,  trans=False dev=8.99e-02 rest=False lev= 20 IFF=True  ORB=True  exact=True  [0.0+0.0s]
  H20/k13/s2       |S|= 20 |Aut|=         1 orb=[1, 1, 1, 1, 1, 1, 1,  trans=False dev=1.48e-01 rest=False lev= 20 IFF=True  ORB=True  exact=True  [0.0+0.0s]
  H20/k13/s3       |S|= 20 |Aut|=         1 orb=[1, 1, 1, 1, 1, 1, 1,  trans=False dev=3.72e-01 rest=False lev= 20 IFF=True  ORB=True  exact=True  [0.0+0.0s]
  H20/k13/s4       |S|= 20 |Aut|=         1 orb=[1, 1, 1, 1, 1, 1, 1,  trans=False dev=4.71e-01 rest=False lev= 20 IFF=True  ORB=True  exact=True  [0.0+0.0s]
  H20/k14/s0       |S|= 20 |Aut|=         1 orb=[1, 1, 1, 1, 1, 1, 1,  trans=False dev=4.15e-02 rest=False lev= 20 IFF=True  ORB=True  exact=True  [0.0+0.0s]
  H20/k14/s1       |S|= 20 |Aut|=         1 orb=[1, 1, 1, 1, 1, 1, 1,  trans=False dev=3.78e-02 rest=False lev= 20 IFF=True  ORB=True  exact=True  [0.0+0.0s]
  H20/k14/s2       |S|= 20 |Aut|=         1 orb=[1, 1, 1, 1, 1, 1, 1,  trans=False dev=6.66e-02 rest=False lev= 20 IFF=True  ORB=True  exact=True  [0.0+0.0s]
  H20/k14/s3       |S|= 20 |Aut|=         1 orb=[1, 1, 1, 1, 1, 1, 1,  trans=False dev=3.47e-02 rest=False lev= 20 IFF=True  ORB=True  exact=True  [0.0+0.0s]
  H20/k14/s4       |S|= 20 |Aut|=         1 orb=[1, 1, 1, 1, 1, 1, 1,  trans=False dev=5.18e-02 rest=False lev= 20 IFF=True  ORB=True  exact=True  [0.0+0.0s]
  H20/k15/s0       |S|= 20 |Aut|=         1 orb=[1, 1, 1, 1, 1, 1, 1,  trans=False dev=2.77e-01 rest=False lev= 20 IFF=True  ORB=True  exact=True  [0.0+0.0s]
  H20/k15/s1       |S|= 20 |Aut|=         1 orb=[1, 1, 1, 1, 1, 1, 1,  trans=False dev=2.72e-01 rest=False lev= 20 IFF=True  ORB=True  exact=True  [0.0+0.0s]
  H20/k15/s2       |S|= 20 |Aut|=         1 orb=[1, 1, 1, 1, 1, 1, 1,  trans=False dev=2.47e-01 rest=False lev= 20 IFF=True  ORB=True  exact=True  [0.0+0.0s]
  H20/k15/s3       |S|= 20 |Aut|=         1 orb=[1, 1, 1, 1, 1, 1, 1,  trans=False dev=2.81e-01 rest=False lev= 20 IFF=True  ORB=True  exact=True  [0.0+0.0s]
  H20/k15/s4       |S|= 20 |Aut|=         1 orb=[1, 1, 1, 1, 1, 1, 1,  trans=False dev=2.66e-01 rest=False lev= 20 IFF=True  ORB=True  exact=True  [0.0+0.0s]
  H20/k16/s0       |S|= 20 |Aut|=         1 orb=[1, 1, 1, 1, 1, 1, 1,  trans=False dev=8.59e-02 rest=False lev= 20 IFF=True  ORB=True  exact=True  [0.0+0.1s]
  H20/k16/s1       |S|= 20 |Aut|=         1 orb=[1, 1, 1, 1, 1, 1, 1,  trans=False dev=8.30e-02 rest=False lev= 20 IFF=True  ORB=True  exact=True  [0.0+0.1s]
  H20/k16/s2       |S|= 20 |Aut|=         1 orb=[1, 1, 1, 1, 1, 1, 1,  trans=False dev=8.06e-02 rest=False lev= 20 IFF=True  ORB=True  exact=True  [0.0+0.1s]
  H20/k16/s3       |S|= 20 |Aut|=         1 orb=[1, 1, 1, 1, 1, 1, 1,  trans=False dev=8.09e-02 rest=False lev= 20 IFF=True  ORB=True  exact=True  [0.0+0.1s]
  H20/k16/s4       |S|= 20 |Aut|=         3 orb=[3, 3, 3, 3, 3, 3, 1,  trans=False dev=3.12e-01 rest=False lev=  8 IFF=True  ORB=True  exact=True  [0.1+0.1s]
  H20/k17/s0       |S|= 20 |Aut|=         1 orb=[1, 1, 1, 1, 1, 1, 1,  trans=False dev=8.65e-03 rest=False lev= 20 IFF=True  ORB=True  exact=True  [0.1+0.1s]
  H20/k17/s1       |S|= 20 |Aut|=         1 orb=[1, 1, 1, 1, 1, 1, 1,  trans=False dev=8.65e-03 rest=False lev= 20 IFF=True  ORB=True  exact=True  [0.1+0.1s]
  H20/k17/s2       |S|= 20 |Aut|=         1 orb=[1, 1, 1, 1, 1, 1, 1,  trans=False dev=8.65e-03 rest=False lev= 20 IFF=True  ORB=True  exact=True  [0.1+0.1s]
  H20/k17/s3       |S|= 20 |Aut|=         1 orb=[1, 1, 1, 1, 1, 1, 1,  trans=False dev=8.65e-03 rest=False lev= 20 IFF=True  ORB=True  exact=True  [0.1+0.1s]
  H20/k17/s4       |S|= 20 |Aut|=         1 orb=[1, 1, 1, 1, 1, 1, 1,  trans=False dev=8.65e-03 rest=False lev= 20 IFF=True  ORB=True  exact=True  [0.1+0.1s]
  H20/k18/s0       |S|= 20 |Aut|=         9 orb=[9, 9, 1, 1]           trans=False dev=4.01e-03 rest=False lev=  4 IFF=True  ORB=True  exact=True  [17.4+0.1s]
  H20/k18/s1       |S|= 20 |Aut|=         9 orb=[9, 9, 1, 1]           trans=False dev=4.01e-03 rest=False lev=  4 IFF=True  ORB=True  exact=True  [15.8+0.1s]
  H20/k18/s2       |S|= 20 |Aut|=         9 orb=[9, 9, 1, 1]           trans=False dev=4.01e-03 rest=False lev=  4 IFF=True  ORB=True  exact=True  [20.3+0.2s]
  H20/k18/s3       |S|= 20 |Aut|=         9 orb=[9, 9, 1, 1]           trans=False dev=4.01e-03 rest=False lev=  4 IFF=True  ORB=True  exact=True  [21.6+0.2s]
  H20/k18/s4       |S|= 20 |Aut|=         9 orb=[9, 9, 1, 1]           trans=False dev=4.01e-03 rest=False lev=  4 IFF=True  ORB=True  exact=True  [14.9+0.1s]
  H20/k19/s0       |S|= 20 |Aut|=       171 orb=[19, 1]                trans=False dev=3.26e-03 rest=False lev=  2 IFF=True  ORB=True  exact=True  [24.5+0.2s]
  H20/k19/s1       |S|= 20 |Aut|=       171 orb=[19, 1]                trans=False dev=3.26e-03 rest=False lev=  2 IFF=True  ORB=True  exact=True  [21.7+0.4s]
  H20/k19/s2       |S|= 20 |Aut|=       171 orb=[19, 1]                trans=False dev=3.26e-03 rest=False lev=  2 IFF=True  ORB=True  exact=True  [24.4+0.3s]
  H20/k19/s3       |S|= 20 |Aut|=       171 orb=[19, 1]                trans=False dev=3.26e-03 rest=False lev=  2 IFF=True  ORB=True  exact=True  [13.5+0.2s]
  H20/k19/s4       |S|= 20 |Aut|=       171 orb=[19, 1]                trans=False dev=3.26e-03 rest=False lev=  2 IFF=True  ORB=True  exact=True  [8.3+0.2s]
  H24/k6/s0        |S|= 22 |Aut|=         2 orb=[2, 2, 2, 2, 2, 2, 2,  trans=False dev=2.75e+00 rest=False lev= 11 IFF=True  ORB=True  exact=True  [0.0+0.0s]
  H24/k6/s1        |S|= 21 |Aut|=         1 orb=[1, 1, 1, 1, 1, 1, 1,  trans=False dev=2.32e+00 rest=False lev= 20 IFF=True  ORB=False exact=True  [0.0+0.0s]
  H24/k6/s2        |S|= 22 |Aut|=         2 orb=[2, 2, 2, 2, 2, 2, 2,  trans=False dev=3.78e+00 rest=False lev= 11 IFF=True  ORB=True  exact=True  [0.0+0.0s]
  H24/k6/s3        |S|= 23 |Aut|=         1 orb=[1, 1, 1, 1, 1, 1, 1,  trans=False dev=2.99e+00 rest=False lev= 21 IFF=True  ORB=False exact=True  [0.0+0.0s]
  H24/k6/s4        |S|= 22 |Aut|=         1 orb=[1, 1, 1, 1, 1, 1, 1,  trans=False dev=3.21e+00 rest=False lev= 20 IFF=True  ORB=False exact=True  [0.0+0.0s]
  H24/k7/s0        |S|= 23 |Aut|=         1 orb=[1, 1, 1, 1, 1, 1, 1,  trans=False dev=4.82e+00 rest=False lev= 20 IFF=True  ORB=False exact=True  [0.0+0.0s]
  H24/k7/s1        |S|= 24 |Aut|=         1 orb=[1, 1, 1, 1, 1, 1, 1,  trans=False dev=3.06e+00 rest=False lev= 24 IFF=True  ORB=True  exact=True  [0.0+0.0s]
  H24/k7/s2        |S|= 24 |Aut|=         1 orb=[1, 1, 1, 1, 1, 1, 1,  trans=False dev=2.06e+00 rest=False lev= 22 IFF=True  ORB=False exact=True  [0.0+0.0s]
  H24/k7/s3        |S|= 24 |Aut|=         1 orb=[1, 1, 1, 1, 1, 1, 1,  trans=False dev=3.19e+00 rest=False lev= 22 IFF=True  ORB=False exact=True  [0.0+0.0s]
  H24/k7/s4        |S|= 24 |Aut|=         1 orb=[1, 1, 1, 1, 1, 1, 1,  trans=False dev=2.62e+00 rest=False lev= 23 IFF=True  ORB=False exact=True  [0.0+0.0s]
  H24/k8/s0        |S|= 24 |Aut|=         1 orb=[1, 1, 1, 1, 1, 1, 1,  trans=False dev=1.13e+00 rest=False lev= 24 IFF=True  ORB=True  exact=True  [0.0+0.0s]
  H24/k8/s1        |S|= 24 |Aut|=         1 orb=[1, 1, 1, 1, 1, 1, 1,  trans=False dev=1.63e+00 rest=False lev= 24 IFF=True  ORB=True  exact=True  [0.0+0.0s]
  H24/k8/s2        |S|= 23 |Aut|=         1 orb=[1, 1, 1, 1, 1, 1, 1,  trans=False dev=2.91e+00 rest=False lev= 23 IFF=True  ORB=True  exact=True  [0.0+0.0s]
  H24/k8/s3        |S|= 24 |Aut|=         1 orb=[1, 1, 1, 1, 1, 1, 1,  trans=False dev=8.50e-01 rest=False lev= 24 IFF=True  ORB=True  exact=True  [0.0+0.0s]
  H24/k8/s4        |S|= 24 |Aut|=         1 orb=[1, 1, 1, 1, 1, 1, 1,  trans=False dev=2.08e+00 rest=False lev= 23 IFF=True  ORB=False exact=True  [0.0+0.0s]
  H24/k9/s0        |S|= 24 |Aut|=         1 orb=[1, 1, 1, 1, 1, 1, 1,  trans=False dev=6.25e-01 rest=False lev= 24 IFF=True  ORB=True  exact=True  [0.0+0.0s]
  H24/k9/s1        |S|= 24 |Aut|=         1 orb=[1, 1, 1, 1, 1, 1, 1,  trans=False dev=5.02e-01 rest=False lev= 24 IFF=True  ORB=True  exact=True  [0.0+0.0s]
  H24/k9/s2        |S|= 24 |Aut|=         1 orb=[1, 1, 1, 1, 1, 1, 1,  trans=False dev=7.19e-01 rest=False lev= 24 IFF=True  ORB=True  exact=True  [0.0+0.0s]
  H24/k9/s3        |S|= 24 |Aut|=         1 orb=[1, 1, 1, 1, 1, 1, 1,  trans=False dev=1.82e+00 rest=False lev= 24 IFF=True  ORB=True  exact=True  [0.0+0.0s]
  H24/k9/s4        |S|= 23 |Aut|=         1 orb=[1, 1, 1, 1, 1, 1, 1,  trans=False dev=3.27e+00 rest=False lev= 23 IFF=True  ORB=True  exact=True  [0.0+0.0s]
  H24/k10/s0       |S|= 24 |Aut|=         1 orb=[1, 1, 1, 1, 1, 1, 1,  trans=False dev=1.20e+00 rest=False lev= 24 IFF=True  ORB=True  exact=True  [0.0+0.0s]
  H24/k10/s1       |S|= 24 |Aut|=         1 orb=[1, 1, 1, 1, 1, 1, 1,  trans=False dev=5.49e-01 rest=False lev= 24 IFF=True  ORB=True  exact=True  [0.0+0.0s]
  H24/k10/s2       |S|= 24 |Aut|=         1 orb=[1, 1, 1, 1, 1, 1, 1,  trans=False dev=5.43e-01 rest=False lev= 24 IFF=True  ORB=True  exact=True  [0.0+0.0s]
  H24/k10/s3       |S|= 24 |Aut|=         1 orb=[1, 1, 1, 1, 1, 1, 1,  trans=False dev=1.53e+00 rest=False lev= 24 IFF=True  ORB=True  exact=True  [0.0+0.0s]
  H24/k10/s4       |S|= 24 |Aut|=         1 orb=[1, 1, 1, 1, 1, 1, 1,  trans=False dev=4.95e-01 rest=False lev= 24 IFF=True  ORB=True  exact=True  [0.0+0.0s]
  H24/k11/s0       |S|= 24 |Aut|=         1 orb=[1, 1, 1, 1, 1, 1, 1,  trans=False dev=3.36e-01 rest=False lev= 24 IFF=True  ORB=True  exact=True  [0.0+0.0s]
  H24/k11/s1       |S|= 24 |Aut|=         1 orb=[1, 1, 1, 1, 1, 1, 1,  trans=False dev=6.47e-01 rest=False lev= 24 IFF=True  ORB=True  exact=True  [0.0+0.0s]
  H24/k11/s2       |S|= 24 |Aut|=         1 orb=[1, 1, 1, 1, 1, 1, 1,  trans=False dev=4.48e-01 rest=False lev= 24 IFF=True  ORB=True  exact=True  [0.0+0.0s]
  H24/k11/s3       |S|= 24 |Aut|=         1 orb=[1, 1, 1, 1, 1, 1, 1,  trans=False dev=3.87e-01 rest=False lev= 24 IFF=True  ORB=True  exact=True  [0.0+0.0s]
  H24/k11/s4       |S|= 24 |Aut|=         1 orb=[1, 1, 1, 1, 1, 1, 1,  trans=False dev=3.65e-01 rest=False lev= 24 IFF=True  ORB=True  exact=True  [0.0+0.0s]
  H24/k12/s0       |S|= 24 |Aut|=         1 orb=[1, 1, 1, 1, 1, 1, 1,  trans=False dev=1.91e-01 rest=False lev= 24 IFF=True  ORB=True  exact=True  [0.0+0.0s]
  H24/k12/s1       |S|= 24 |Aut|=         1 orb=[1, 1, 1, 1, 1, 1, 1,  trans=False dev=2.19e-01 rest=False lev= 24 IFF=True  ORB=True  exact=True  [0.0+0.0s]
  H24/k12/s2       |S|= 24 |Aut|=         1 orb=[1, 1, 1, 1, 1, 1, 1,  trans=False dev=8.32e-01 rest=False lev= 24 IFF=True  ORB=True  exact=True  [0.0+0.0s]
  H24/k12/s3       |S|= 24 |Aut|=         1 orb=[1, 1, 1, 1, 1, 1, 1,  trans=False dev=2.15e-01 rest=False lev= 24 IFF=True  ORB=True  exact=True  [0.0+0.0s]
  H24/k12/s4       |S|= 24 |Aut|=         1 orb=[1, 1, 1, 1, 1, 1, 1,  trans=False dev=2.43e-01 rest=False lev= 24 IFF=True  ORB=True  exact=True  [0.0+0.0s]
  H24/k13/s0       |S|= 24 |Aut|=         1 orb=[1, 1, 1, 1, 1, 1, 1,  trans=False dev=7.30e-01 rest=False lev= 24 IFF=True  ORB=True  exact=True  [0.0+0.0s]
  H24/k13/s1       |S|= 24 |Aut|=         1 orb=[1, 1, 1, 1, 1, 1, 1,  trans=False dev=2.29e-01 rest=False lev= 24 IFF=True  ORB=True  exact=True  [0.0+0.0s]
  H24/k13/s2       |S|= 24 |Aut|=         1 orb=[1, 1, 1, 1, 1, 1, 1,  trans=False dev=1.53e-01 rest=False lev= 24 IFF=True  ORB=True  exact=True  [0.0+0.0s]
  H24/k13/s3       |S|= 24 |Aut|=         1 orb=[1, 1, 1, 1, 1, 1, 1,  trans=False dev=1.85e-01 rest=False lev= 24 IFF=True  ORB=True  exact=True  [0.0+0.0s]
  H24/k13/s4       |S|= 24 |Aut|=         1 orb=[1, 1, 1, 1, 1, 1, 1,  trans=False dev=7.15e-01 rest=False lev= 24 IFF=True  ORB=True  exact=True  [0.0+0.0s]
  H24/k14/s0       |S|= 24 |Aut|=         1 orb=[1, 1, 1, 1, 1, 1, 1,  trans=False dev=9.02e-02 rest=False lev= 24 IFF=True  ORB=True  exact=True  [0.0+0.0s]
  H24/k14/s1       |S|= 24 |Aut|=         1 orb=[1, 1, 1, 1, 1, 1, 1,  trans=False dev=8.70e-02 rest=False lev= 24 IFF=True  ORB=True  exact=True  [0.0+0.0s]
  H24/k14/s2       |S|= 24 |Aut|=         1 orb=[1, 1, 1, 1, 1, 1, 1,  trans=False dev=1.50e-01 rest=False lev= 24 IFF=True  ORB=True  exact=True  [0.0+0.0s]
  H24/k14/s3       |S|= 24 |Aut|=         1 orb=[1, 1, 1, 1, 1, 1, 1,  trans=False dev=1.04e-01 rest=False lev= 24 IFF=True  ORB=True  exact=True  [0.0+0.0s]
  H24/k14/s4       |S|= 24 |Aut|=         1 orb=[1, 1, 1, 1, 1, 1, 1,  trans=False dev=1.03e-01 rest=False lev= 24 IFF=True  ORB=True  exact=True  [0.0+0.0s]
  H24/k15/s0       |S|= 24 |Aut|=         1 orb=[1, 1, 1, 1, 1, 1, 1,  trans=False dev=5.53e-01 rest=False lev= 24 IFF=True  ORB=True  exact=True  [0.0+0.0s]
  H24/k15/s1       |S|= 24 |Aut|=         1 orb=[1, 1, 1, 1, 1, 1, 1,  trans=False dev=1.02e-01 rest=False lev= 24 IFF=True  ORB=True  exact=True  [0.0+0.0s]
  H24/k15/s2       |S|= 24 |Aut|=         1 orb=[1, 1, 1, 1, 1, 1, 1,  trans=False dev=6.14e-01 rest=False lev= 24 IFF=True  ORB=True  exact=True  [0.0+0.0s]
  H24/k15/s3       |S|= 24 |Aut|=         1 orb=[1, 1, 1, 1, 1, 1, 1,  trans=False dev=6.38e-01 rest=False lev= 24 IFF=True  ORB=True  exact=True  [0.0+0.0s]
  H24/k15/s4       |S|= 24 |Aut|=         1 orb=[1, 1, 1, 1, 1, 1, 1,  trans=False dev=1.21e-01 rest=False lev= 24 IFF=True  ORB=True  exact=True  [0.0+0.0s]
  H24/k16/s0       |S|= 24 |Aut|=         1 orb=[1, 1, 1, 1, 1, 1, 1,  trans=False dev=2.98e-01 rest=False lev= 24 IFF=True  ORB=True  exact=True  [0.0+0.0s]
  H24/k16/s1       |S|= 24 |Aut|=         1 orb=[1, 1, 1, 1, 1, 1, 1,  trans=False dev=9.69e-02 rest=False lev= 24 IFF=True  ORB=True  exact=True  [0.0+0.0s]
  H24/k16/s2       |S|= 24 |Aut|=         1 orb=[1, 1, 1, 1, 1, 1, 1,  trans=False dev=2.89e-01 rest=False lev= 24 IFF=True  ORB=True  exact=True  [0.0+0.0s]
  H24/k16/s3       |S|= 24 |Aut|=         1 orb=[1, 1, 1, 1, 1, 1, 1,  trans=False dev=5.74e-02 rest=False lev= 24 IFF=True  ORB=True  exact=True  [0.0+0.0s]
  H24/k16/s4       |S|= 24 |Aut|=         1 orb=[1, 1, 1, 1, 1, 1, 1,  trans=False dev=2.98e-01 rest=False lev= 24 IFF=True  ORB=True  exact=True  [0.0+0.0s]
  H24/k17/s0       |S|= 24 |Aut|=         1 orb=[1, 1, 1, 1, 1, 1, 1,  trans=False dev=5.87e-02 rest=False lev= 24 IFF=True  ORB=True  exact=True  [0.0+0.1s]
  H24/k17/s1       |S|= 24 |Aut|=         1 orb=[1, 1, 1, 1, 1, 1, 1,  trans=False dev=5.11e-02 rest=False lev= 24 IFF=True  ORB=True  exact=True  [0.0+0.1s]
  H24/k17/s2       |S|= 24 |Aut|=         1 orb=[1, 1, 1, 1, 1, 1, 1,  trans=False dev=3.18e-01 rest=False lev= 24 IFF=True  ORB=True  exact=True  [0.0+0.1s]
  H24/k17/s3       |S|= 24 |Aut|=         1 orb=[1, 1, 1, 1, 1, 1, 1,  trans=False dev=3.58e-01 rest=False lev= 24 IFF=True  ORB=True  exact=True  [0.0+0.1s]
  H24/k17/s4       |S|= 24 |Aut|=         1 orb=[1, 1, 1, 1, 1, 1, 1,  trans=False dev=3.40e-01 rest=False lev= 24 IFF=True  ORB=True  exact=True  [0.0+0.1s]
  H24/k18/s0       |S|= 24 |Aut|=         1 orb=[1, 1, 1, 1, 1, 1, 1,  trans=False dev=2.85e-02 rest=False lev= 24 IFF=True  ORB=True  exact=True  [0.0+0.1s]
  H24/k18/s1       |S|= 24 |Aut|=         1 orb=[1, 1, 1, 1, 1, 1, 1,  trans=False dev=4.79e-02 rest=False lev= 24 IFF=True  ORB=True  exact=True  [0.0+0.1s]
  H24/k18/s2       |S|= 24 |Aut|=         1 orb=[1, 1, 1, 1, 1, 1, 1,  trans=False dev=6.21e-02 rest=False lev= 24 IFF=True  ORB=True  exact=True  [0.0+0.1s]
  H24/k18/s3       |S|= 24 |Aut|=         1 orb=[1, 1, 1, 1, 1, 1, 1,  trans=False dev=4.24e-02 rest=False lev= 24 IFF=True  ORB=True  exact=True  [0.0+0.1s]
  H24/k18/s4       |S|= 24 |Aut|=         1 orb=[1, 1, 1, 1, 1, 1, 1,  trans=False dev=4.79e-02 rest=False lev= 24 IFF=True  ORB=True  exact=True  [0.0+0.1s]
  H24/k19/s0       |S|= 24 |Aut|=         1 orb=[1, 1, 1, 1, 1, 1, 1,  trans=False dev=1.64e-01 rest=False lev= 24 IFF=True  ORB=True  exact=True  [0.0+0.2s]
  H24/k19/s1       |S|= 24 |Aut|=         1 orb=[1, 1, 1, 1, 1, 1, 1,  trans=False dev=1.64e-01 rest=False lev= 24 IFF=True  ORB=True  exact=True  [0.0+0.2s]
  H24/k19/s2       |S|= 24 |Aut|=         1 orb=[1, 1, 1, 1, 1, 1, 1,  trans=False dev=1.76e-02 rest=False lev= 24 IFF=True  ORB=True  exact=True  [0.0+0.2s]
  H24/k19/s3       |S|= 24 |Aut|=         1 orb=[1, 1, 1, 1, 1, 1, 1,  trans=False dev=2.57e-02 rest=False lev= 24 IFF=True  ORB=True  exact=True  [0.0+0.2s]
  H24/k19/s4       |S|= 24 |Aut|=         1 orb=[1, 1, 1, 1, 1, 1, 1,  trans=False dev=1.78e-02 rest=False lev= 24 IFF=True  ORB=True  exact=True  [0.0+0.2s]
  H24/k20/s0       |S|= 24 |Aut|=         1 orb=[1, 1, 1, 1, 1, 1, 1,  trans=False dev=1.38e-03 rest=False lev= 24 IFF=True  ORB=True  exact=True  [0.0+0.4s]
  H24/k20/s1       |S|= 24 |Aut|=         1 orb=[1, 1, 1, 1, 1, 1, 1,  trans=False dev=2.34e-01 rest=False lev= 24 IFF=True  ORB=True  exact=True  [0.0+0.4s]
  H24/k20/s2       |S|= 24 |Aut|=         1 orb=[1, 1, 1, 1, 1, 1, 1,  trans=False dev=1.79e-03 rest=False lev= 24 IFF=True  ORB=True  exact=True  [0.0+0.4s]
  H24/k20/s3       |S|= 24 |Aut|=         1 orb=[1, 1, 1, 1, 1, 1, 1,  trans=False dev=1.79e-03 rest=False lev= 24 IFF=True  ORB=True  exact=True  [0.0+0.4s]
  H24/k20/s4       |S|= 24 |Aut|=         1 orb=[1, 1, 1, 1, 1, 1, 1,  trans=False dev=2.34e-01 rest=False lev= 24 IFF=True  ORB=True  exact=True  [0.0+0.4s]
  H28/k6/s0        |S|= 25 |Aut|=         1 orb=[1, 1, 1, 1, 1, 1, 1,  trans=False dev=3.26e+00 rest=False lev= 25 IFF=True  ORB=True  exact=True  [0.0+0.0s]
  H28/k6/s1        |S|= 26 |Aut|=         2 orb=[2, 2, 2, 2, 2, 2, 2,  trans=False dev=3.01e+00 rest=False lev= 19 IFF=True  ORB=True  exact=True  [0.0+0.0s]
  H28/k6/s2        |S|= 27 |Aut|=         1 orb=[1, 1, 1, 1, 1, 1, 1,  trans=False dev=3.20e+00 rest=False lev= 27 IFF=True  ORB=True  exact=True  [0.0+0.0s]
  H28/k6/s3        |S|= 26 |Aut|=         1 orb=[1, 1, 1, 1, 1, 1, 1,  trans=False dev=4.50e+00 rest=False lev= 25 IFF=True  ORB=False exact=True  [0.0+0.0s]
  H28/k6/s4        |S|= 26 |Aut|=         1 orb=[1, 1, 1, 1, 1, 1, 1,  trans=False dev=4.33e+00 rest=False lev= 26 IFF=True  ORB=True  exact=True  [0.0+0.0s]
  H28/k7/s0        |S|= 27 |Aut|=         1 orb=[1, 1, 1, 1, 1, 1, 1,  trans=False dev=3.48e+00 rest=False lev= 26 IFF=True  ORB=False exact=True  [0.0+0.0s]
  H28/k7/s1        |S|= 27 |Aut|=         1 orb=[1, 1, 1, 1, 1, 1, 1,  trans=False dev=6.12e+00 rest=False lev= 27 IFF=True  ORB=True  exact=True  [0.0+0.0s]
  H28/k7/s2        |S|= 25 |Aut|=         1 orb=[1, 1, 1, 1, 1, 1, 1,  trans=False dev=4.82e+00 rest=False lev= 25 IFF=True  ORB=True  exact=True  [0.0+0.0s]
  H28/k7/s3        |S|= 27 |Aut|=         1 orb=[1, 1, 1, 1, 1, 1, 1,  trans=False dev=4.25e+00 rest=False lev= 26 IFF=True  ORB=False exact=True  [0.0+0.0s]
  H28/k7/s4        |S|= 27 |Aut|=         1 orb=[1, 1, 1, 1, 1, 1, 1,  trans=False dev=4.76e+00 rest=False lev= 27 IFF=True  ORB=True  exact=True  [0.0+0.0s]
  H28/k8/s0        |S|= 28 |Aut|=         1 orb=[1, 1, 1, 1, 1, 1, 1,  trans=False dev=1.51e+00 rest=False lev= 28 IFF=True  ORB=True  exact=True  [0.0+0.0s]
  H28/k8/s1        |S|= 28 |Aut|=         1 orb=[1, 1, 1, 1, 1, 1, 1,  trans=False dev=1.67e+00 rest=False lev= 28 IFF=True  ORB=True  exact=True  [0.0+0.0s]
  H28/k8/s2        |S|= 28 |Aut|=         1 orb=[1, 1, 1, 1, 1, 1, 1,  trans=False dev=3.24e+00 rest=False lev= 28 IFF=True  ORB=True  exact=True  [0.0+0.0s]
  H28/k8/s3        |S|= 27 |Aut|=         1 orb=[1, 1, 1, 1, 1, 1, 1,  trans=False dev=4.23e+00 rest=False lev= 27 IFF=True  ORB=True  exact=True  [0.0+0.0s]
  H28/k8/s4        |S|= 28 |Aut|=         1 orb=[1, 1, 1, 1, 1, 1, 1,  trans=False dev=2.49e+00 rest=False lev= 28 IFF=True  ORB=True  exact=True  [0.0+0.0s]
  H28/k9/s0        |S|= 28 |Aut|=         1 orb=[1, 1, 1, 1, 1, 1, 1,  trans=False dev=9.62e-01 rest=False lev= 28 IFF=True  ORB=True  exact=True  [0.0+0.0s]
  H28/k9/s1        |S|= 28 |Aut|=         1 orb=[1, 1, 1, 1, 1, 1, 1,  trans=False dev=7.02e-01 rest=False lev= 28 IFF=True  ORB=True  exact=True  [0.0+0.0s]
  H28/k9/s2        |S|= 28 |Aut|=         1 orb=[1, 1, 1, 1, 1, 1, 1,  trans=False dev=1.26e+00 rest=False lev= 28 IFF=True  ORB=True  exact=True  [0.0+0.0s]
  H28/k9/s3        |S|= 28 |Aut|=         1 orb=[1, 1, 1, 1, 1, 1, 1,  trans=False dev=8.59e-01 rest=False lev= 28 IFF=True  ORB=True  exact=True  [0.0+0.0s]
  H28/k9/s4        |S|= 28 |Aut|=         1 orb=[1, 1, 1, 1, 1, 1, 1,  trans=False dev=9.25e-01 rest=False lev= 28 IFF=True  ORB=True  exact=True  [0.0+0.0s]
  H28/k10/s0       |S|= 28 |Aut|=         1 orb=[1, 1, 1, 1, 1, 1, 1,  trans=False dev=6.43e-01 rest=False lev= 28 IFF=True  ORB=True  exact=True  [0.0+0.0s]
  H28/k10/s1       |S|= 28 |Aut|=         1 orb=[1, 1, 1, 1, 1, 1, 1,  trans=False dev=1.76e+00 rest=False lev= 28 IFF=True  ORB=True  exact=True  [0.0+0.0s]
  H28/k10/s2       |S|= 28 |Aut|=         1 orb=[1, 1, 1, 1, 1, 1, 1,  trans=False dev=1.47e+00 rest=False lev= 28 IFF=True  ORB=True  exact=True  [0.0+0.0s]
  H28/k10/s3       |S|= 28 |Aut|=         1 orb=[1, 1, 1, 1, 1, 1, 1,  trans=False dev=1.93e+00 rest=False lev= 28 IFF=True  ORB=True  exact=True  [0.0+0.0s]
  H28/k10/s4       |S|= 28 |Aut|=         1 orb=[1, 1, 1, 1, 1, 1, 1,  trans=False dev=7.84e-01 rest=False lev= 28 IFF=True  ORB=True  exact=True  [0.0+0.0s]
  H28/k11/s0       |S|= 28 |Aut|=         1 orb=[1, 1, 1, 1, 1, 1, 1,  trans=False dev=7.18e-01 rest=False lev= 28 IFF=True  ORB=True  exact=True  [0.0+0.0s]
  H28/k11/s1       |S|= 28 |Aut|=         1 orb=[1, 1, 1, 1, 1, 1, 1,  trans=False dev=9.13e-01 rest=False lev= 28 IFF=True  ORB=True  exact=True  [0.0+0.0s]
  H28/k11/s2       |S|= 28 |Aut|=         1 orb=[1, 1, 1, 1, 1, 1, 1,  trans=False dev=7.64e-01 rest=False lev= 28 IFF=True  ORB=True  exact=True  [0.0+0.0s]
  H28/k11/s3       |S|= 28 |Aut|=         1 orb=[1, 1, 1, 1, 1, 1, 1,  trans=False dev=7.18e-01 rest=False lev= 28 IFF=True  ORB=True  exact=True  [0.0+0.0s]
  H28/k11/s4       |S|= 28 |Aut|=         1 orb=[1, 1, 1, 1, 1, 1, 1,  trans=False dev=7.38e-01 rest=False lev= 28 IFF=True  ORB=True  exact=True  [0.0+0.0s]
  H28/k12/s0       |S|= 28 |Aut|=         1 orb=[1, 1, 1, 1, 1, 1, 1,  trans=False dev=4.10e-01 rest=False lev= 28 IFF=True  ORB=True  exact=True  [0.0+0.0s]
  H28/k12/s1       |S|= 28 |Aut|=         1 orb=[1, 1, 1, 1, 1, 1, 1,  trans=False dev=7.41e-01 rest=False lev= 28 IFF=True  ORB=True  exact=True  [0.0+0.0s]
  H28/k12/s2       |S|= 28 |Aut|=         1 orb=[1, 1, 1, 1, 1, 1, 1,  trans=False dev=6.26e-01 rest=False lev= 28 IFF=True  ORB=True  exact=True  [0.0+0.0s]
  H28/k12/s3       |S|= 28 |Aut|=         1 orb=[1, 1, 1, 1, 1, 1, 1,  trans=False dev=4.50e-01 rest=False lev= 28 IFF=True  ORB=True  exact=True  [0.0+0.0s]
  H28/k12/s4       |S|= 28 |Aut|=         1 orb=[1, 1, 1, 1, 1, 1, 1,  trans=False dev=4.16e-01 rest=False lev= 28 IFF=True  ORB=True  exact=True  [0.0+0.0s]
  H28/k13/s0       |S|= 28 |Aut|=         1 orb=[1, 1, 1, 1, 1, 1, 1,  trans=False dev=2.74e-01 rest=False lev= 28 IFF=True  ORB=True  exact=True  [0.0+0.0s]
  H28/k13/s1       |S|= 28 |Aut|=         1 orb=[1, 1, 1, 1, 1, 1, 1,  trans=False dev=2.12e-01 rest=False lev= 28 IFF=True  ORB=True  exact=True  [0.0+0.0s]
  H28/k13/s2       |S|= 28 |Aut|=         1 orb=[1, 1, 1, 1, 1, 1, 1,  trans=False dev=3.61e-01 rest=False lev= 28 IFF=True  ORB=True  exact=True  [0.0+0.0s]
  H28/k13/s3       |S|= 28 |Aut|=         1 orb=[1, 1, 1, 1, 1, 1, 1,  trans=False dev=2.64e-01 rest=False lev= 28 IFF=True  ORB=True  exact=True  [0.0+0.0s]
  H28/k13/s4       |S|= 28 |Aut|=         1 orb=[1, 1, 1, 1, 1, 1, 1,  trans=False dev=2.27e-01 rest=False lev= 28 IFF=True  ORB=True  exact=True  [0.0+0.0s]
  H28/k14/s0       |S|= 28 |Aut|=         1 orb=[1, 1, 1, 1, 1, 1, 1,  trans=False dev=1.35e-01 rest=False lev= 28 IFF=True  ORB=True  exact=True  [0.0+0.0s]
  H28/k14/s1       |S|= 28 |Aut|=         1 orb=[1, 1, 1, 1, 1, 1, 1,  trans=False dev=4.10e-01 rest=False lev= 28 IFF=True  ORB=True  exact=True  [0.0+0.0s]
  H28/k14/s2       |S|= 28 |Aut|=         1 orb=[1, 1, 1, 1, 1, 1, 1,  trans=False dev=1.98e-01 rest=False lev= 28 IFF=True  ORB=True  exact=True  [0.0+0.0s]
  H28/k14/s3       |S|= 28 |Aut|=         1 orb=[1, 1, 1, 1, 1, 1, 1,  trans=False dev=1.88e-01 rest=False lev= 28 IFF=True  ORB=True  exact=True  [0.0+0.0s]
  H28/k14/s4       |S|= 28 |Aut|=         1 orb=[1, 1, 1, 1, 1, 1, 1,  trans=False dev=3.78e-01 rest=False lev= 28 IFF=True  ORB=True  exact=True  [0.0+0.0s]
  H28/k15/s0       |S|= 28 |Aut|=         1 orb=[1, 1, 1, 1, 1, 1, 1,  trans=False dev=3.45e-01 rest=False lev= 28 IFF=True  ORB=True  exact=True  [0.0+0.0s]
  H28/k15/s1       |S|= 28 |Aut|=         1 orb=[1, 1, 1, 1, 1, 1, 1,  trans=False dev=3.20e-01 rest=False lev= 28 IFF=True  ORB=True  exact=True  [0.0+0.0s]
  H28/k15/s2       |S|= 28 |Aut|=         1 orb=[1, 1, 1, 1, 1, 1, 1,  trans=False dev=3.72e-01 rest=False lev= 28 IFF=True  ORB=True  exact=True  [0.0+0.0s]
  H28/k15/s3       |S|= 28 |Aut|=         1 orb=[1, 1, 1, 1, 1, 1, 1,  trans=False dev=3.14e-01 rest=False lev= 28 IFF=True  ORB=True  exact=True  [0.0+0.0s]
  H28/k15/s4       |S|= 28 |Aut|=         1 orb=[1, 1, 1, 1, 1, 1, 1,  trans=False dev=3.77e-01 rest=False lev= 28 IFF=True  ORB=True  exact=True  [0.0+0.0s]
  H28/k16/s0       |S|= 28 |Aut|=         1 orb=[1, 1, 1, 1, 1, 1, 1,  trans=False dev=2.58e-01 rest=False lev= 28 IFF=True  ORB=True  exact=True  [0.0+0.0s]
  H28/k16/s1       |S|= 28 |Aut|=         1 orb=[1, 1, 1, 1, 1, 1, 1,  trans=False dev=2.77e-01 rest=False lev= 28 IFF=True  ORB=True  exact=True  [0.0+0.0s]
  H28/k16/s2       |S|= 28 |Aut|=         1 orb=[1, 1, 1, 1, 1, 1, 1,  trans=False dev=2.72e-01 rest=False lev= 28 IFF=True  ORB=True  exact=True  [0.0+0.0s]
  H28/k16/s3       |S|= 28 |Aut|=         1 orb=[1, 1, 1, 1, 1, 1, 1,  trans=False dev=2.47e-01 rest=False lev= 28 IFF=True  ORB=True  exact=True  [0.0+0.0s]
  H28/k16/s4       |S|= 28 |Aut|=         1 orb=[1, 1, 1, 1, 1, 1, 1,  trans=False dev=2.10e-01 rest=False lev= 28 IFF=True  ORB=True  exact=True  [0.0+0.0s]
  H28/k17/s0       |S|= 28 |Aut|=         1 orb=[1, 1, 1, 1, 1, 1, 1,  trans=False dev=9.00e-02 rest=False lev= 28 IFF=True  ORB=True  exact=True  [0.0+0.1s]
  H28/k17/s1       |S|= 28 |Aut|=         1 orb=[1, 1, 1, 1, 1, 1, 1,  trans=False dev=8.14e-02 rest=False lev= 28 IFF=True  ORB=True  exact=True  [0.0+0.1s]
  H28/k17/s2       |S|= 28 |Aut|=         1 orb=[1, 1, 1, 1, 1, 1, 1,  trans=False dev=3.24e-01 rest=False lev= 28 IFF=True  ORB=True  exact=True  [0.0+0.1s]
  H28/k17/s3       |S|= 28 |Aut|=         1 orb=[1, 1, 1, 1, 1, 1, 1,  trans=False dev=5.62e-01 rest=False lev= 28 IFF=True  ORB=True  exact=True  [0.0+0.1s]
  H28/k17/s4       |S|= 28 |Aut|=         1 orb=[1, 1, 1, 1, 1, 1, 1,  trans=False dev=7.29e-02 rest=False lev= 28 IFF=True  ORB=True  exact=True  [0.0+0.1s]
  H28/k18/s0       |S|= 28 |Aut|=         1 orb=[1, 1, 1, 1, 1, 1, 1,  trans=False dev=9.64e-02 rest=False lev= 28 IFF=True  ORB=True  exact=True  [0.0+0.1s]
  H28/k18/s1       |S|= 28 |Aut|=         1 orb=[1, 1, 1, 1, 1, 1, 1,  trans=False dev=1.06e-01 rest=False lev= 28 IFF=True  ORB=True  exact=True  [0.0+0.1s]
  H28/k18/s2       |S|= 28 |Aut|=         1 orb=[1, 1, 1, 1, 1, 1, 1,  trans=False dev=1.07e-01 rest=False lev= 28 IFF=True  ORB=True  exact=True  [0.0+0.1s]
  H28/k18/s3       |S|= 28 |Aut|=         1 orb=[1, 1, 1, 1, 1, 1, 1,  trans=False dev=7.47e-02 rest=False lev= 28 IFF=True  ORB=True  exact=True  [0.0+0.1s]
  H28/k18/s4       |S|= 28 |Aut|=         1 orb=[1, 1, 1, 1, 1, 1, 1,  trans=False dev=9.88e-02 rest=False lev= 28 IFF=True  ORB=True  exact=True  [0.0+0.1s]
  H28/k19/s0       |S|= 28 |Aut|=         1 orb=[1, 1, 1, 1, 1, 1, 1,  trans=False dev=1.28e-01 rest=False lev= 28 IFF=True  ORB=True  exact=True  [0.0+0.2s]
  H28/k19/s1       |S|= 28 |Aut|=         1 orb=[1, 1, 1, 1, 1, 1, 1,  trans=False dev=9.34e-02 rest=False lev= 28 IFF=True  ORB=True  exact=True  [0.0+0.2s]
  H28/k19/s2       |S|= 28 |Aut|=         1 orb=[1, 1, 1, 1, 1, 1, 1,  trans=False dev=1.11e-01 rest=False lev= 28 IFF=True  ORB=True  exact=True  [0.0+0.2s]
  H28/k19/s3       |S|= 28 |Aut|=         1 orb=[1, 1, 1, 1, 1, 1, 1,  trans=False dev=1.38e-01 rest=False lev= 28 IFF=True  ORB=True  exact=True  [0.0+0.2s]
  H28/k19/s4       |S|= 28 |Aut|=         2 orb=[2, 2, 2, 2, 2, 2, 2,  trans=False dev=1.36e-01 rest=False lev= 16 IFF=True  ORB=True  exact=True  [0.0+0.2s]
  H28/k20/s0       |S|= 28 |Aut|=         1 orb=[1, 1, 1, 1, 1, 1, 1,  trans=False dev=1.55e-01 rest=False lev= 28 IFF=True  ORB=True  exact=True  [0.0+0.4s]
  H28/k20/s1       |S|= 28 |Aut|=         1 orb=[1, 1, 1, 1, 1, 1, 1,  trans=False dev=1.47e-01 rest=False lev= 28 IFF=True  ORB=True  exact=True  [0.0+0.4s]
  H28/k20/s2       |S|= 28 |Aut|=         1 orb=[1, 1, 1, 1, 1, 1, 1,  trans=False dev=1.51e-01 rest=False lev= 28 IFF=True  ORB=True  exact=True  [0.0+0.4s]
  H28/k20/s3       |S|= 28 |Aut|=         1 orb=[1, 1, 1, 1, 1, 1, 1,  trans=False dev=4.51e-01 rest=False lev= 28 IFF=True  ORB=True  exact=True  [0.0+0.4s]
  H28/k20/s4       |S|= 28 |Aut|=         1 orb=[1, 1, 1, 1, 1, 1, 1,  trans=False dev=1.34e-01 rest=False lev= 28 IFF=True  ORB=True  exact=True  [0.0+0.4s]

================================================================================
H-SUBSET: 250 drawn, 250 decided, 0 UNDETERMINED (excluded)
  H-IFF violations   : 0
  H-ORBIT violations : 18
     H20/k6/s0 orbits=[2, 2, 2, 2, 2, 2, 1, 1, 1, 1, 1, 1, 1, 1] levels=[4, 4, 3, 3, 3, 1, 1, 1]
     H20/k6/s2 orbits=[1, 1, 1, 1, 1, 1, 1, 1, 1, 1, 1, 1, 1, 1, 1, 1, 1, 1, 1, 1] levels=[5, 3, 3, 2, 1, 1, 1, 1, 1, 1, 1]
     H20/k6/s4 orbits=[1, 1, 1, 1, 1, 1, 1, 1, 1, 1, 1, 1, 1, 1, 1, 1, 1, 1, 1, 1] levels=[4, 2, 2, 2, 1, 1, 1, 1, 1, 1, 1, 1, 1, 1]
     H20/k7/s0 orbits=[1, 1, 1, 1, 1, 1, 1, 1, 1, 1, 1, 1, 1, 1, 1, 1, 1, 1, 1, 1] levels=[2, 1, 1, 1, 1, 1, 1, 1, 1, 1, 1, 1, 1, 1, 1, 1, 1, 1, 1]
     H20/k7/s1 orbits=[1, 1, 1, 1, 1, 1, 1, 1, 1, 1, 1, 1, 1, 1, 1, 1, 1, 1, 1, 1] levels=[2, 2, 2, 2, 1, 1, 1, 1, 1, 1, 1, 1, 1, 1, 1, 1]
     H20/k7/s3 orbits=[1, 1, 1, 1, 1, 1, 1, 1, 1, 1, 1, 1, 1, 1, 1, 1, 1, 1, 1, 1] levels=[2, 2, 1, 1, 1, 1, 1, 1, 1, 1, 1, 1, 1, 1, 1, 1, 1, 1]
     H20/k8/s0 orbits=[1, 1, 1, 1, 1, 1, 1, 1, 1, 1, 1, 1, 1, 1, 1, 1, 1, 1, 1, 1] levels=[2, 2, 2, 1, 1, 1, 1, 1, 1, 1, 1, 1, 1, 1, 1, 1, 1]
     H24/k6/s1 orbits=[1, 1, 1, 1, 1, 1, 1, 1, 1, 1, 1, 1, 1, 1, 1, 1, 1, 1, 1, 1, 1] levels=[2, 1, 1, 1, 1, 1, 1, 1, 1, 1, 1, 1, 1, 1, 1, 1, 1, 1, 1, 1]
     H24/k6/s3 orbits=[1, 1, 1, 1, 1, 1, 1, 1, 1, 1, 1, 1, 1, 1, 1, 1, 1, 1, 1, 1, 1, 1, 1] levels=[3, 1, 1, 1, 1, 1, 1, 1, 1, 1, 1, 1, 1, 1, 1, 1, 1, 1, 1, 1, 1]
     H24/k6/s4 orbits=[1, 1, 1, 1, 1, 1, 1, 1, 1, 1, 1, 1, 1, 1, 1, 1, 1, 1, 1, 1, 1, 1] levels=[2, 2, 1, 1, 1, 1, 1, 1, 1, 1, 1, 1, 1, 1, 1, 1, 1, 1, 1, 1]
     H24/k7/s0 orbits=[1, 1, 1, 1, 1, 1, 1, 1, 1, 1, 1, 1, 1, 1, 1, 1, 1, 1, 1, 1, 1, 1, 1] levels=[2, 2, 2, 1, 1, 1, 1, 1, 1, 1, 1, 1, 1, 1, 1, 1, 1, 1, 1, 1]
     H24/k7/s2 orbits=[1, 1, 1, 1, 1, 1, 1, 1, 1, 1, 1, 1, 1, 1, 1, 1, 1, 1, 1, 1, 1, 1, 1, 1] levels=[2, 2, 1, 1, 1, 1, 1, 1, 1, 1, 1, 1, 1, 1, 1, 1, 1, 1, 1, 1, 1, 1]
     H24/k7/s3 orbits=[1, 1, 1, 1, 1, 1, 1, 1, 1, 1, 1, 1, 1, 1, 1, 1, 1, 1, 1, 1, 1, 1, 1, 1] levels=[2, 2, 1, 1, 1, 1, 1, 1, 1, 1, 1, 1, 1, 1, 1, 1, 1, 1, 1, 1, 1, 1]
     H24/k7/s4 orbits=[1, 1, 1, 1, 1, 1, 1, 1, 1, 1, 1, 1, 1, 1, 1, 1, 1, 1, 1, 1, 1, 1, 1, 1] levels=[2, 1, 1, 1, 1, 1, 1, 1, 1, 1, 1, 1, 1, 1, 1, 1, 1, 1, 1, 1, 1, 1, 1]
     H24/k8/s4 orbits=[1, 1, 1, 1, 1, 1, 1, 1, 1, 1, 1, 1, 1, 1, 1, 1, 1, 1, 1, 1, 1, 1, 1, 1] levels=[2, 1, 1, 1, 1, 1, 1, 1, 1, 1, 1, 1, 1, 1, 1, 1, 1, 1, 1, 1, 1, 1, 1]
     H28/k6/s3 orbits=[1, 1, 1, 1, 1, 1, 1, 1, 1, 1, 1, 1, 1, 1, 1, 1, 1, 1, 1, 1, 1, 1, 1, 1, 1, 1] levels=[2, 1, 1, 1, 1, 1, 1, 1, 1, 1, 1, 1, 1, 1, 1, 1, 1, 1, 1, 1, 1, 1, 1, 1, 1]
     H28/k7/s0 orbits=[1, 1, 1, 1, 1, 1, 1, 1, 1, 1, 1, 1, 1, 1, 1, 1, 1, 1, 1, 1, 1, 1, 1, 1, 1, 1, 1] levels=[2, 1, 1, 1, 1, 1, 1, 1, 1, 1, 1, 1, 1, 1, 1, 1, 1, 1, 1, 1, 1, 1, 1, 1, 1, 1]
     H28/k7/s3 orbits=[1, 1, 1, 1, 1, 1, 1, 1, 1, 1, 1, 1, 1, 1, 1, 1, 1, 1, 1, 1, 1, 1, 1, 1, 1, 1, 1] levels=[2, 1, 1, 1, 1, 1, 1, 1, 1, 1, 1, 1, 1, 1, 1, 1, 1, 1, 1, 1, 1, 1, 1, 1, 1, 1]
  (T) violations     : 0  <-- must be 0; nonzero = instrument fault
[202s] -> /home/emoore/CIRISOntology/scratchpad/rent_scaling_q1_subset.json
