  H8/k3      |S|=  4 distinct=False lin=True  |Aut|=          24 orbits=[4]                        trans=True  pdev= 0.00e+00 lev=   1 [0.0+0.0s]
  H8/k4      |S|=  8 distinct=True  lin=True  |Aut|=          48 orbits=[8]                        trans=True  pdev= 0.00e+00 lev=   1 [0.0+0.0s]
  H8/k5      |S|=  8 distinct=True  lin=True  |Aut|=          64 orbits=[8]                        trans=True  pdev= 0.00e+00 lev=   1 [0.0+0.0s]
  H8/k6      |S|=  8 distinct=True  lin=True  |Aut|=         192 orbits=[8]                        trans=True  pdev= 4.44e-16 lev=   1 [0.0+0.0s]
  H8/k7      |S|=  8 distinct=True  lin=True  |Aut|=        1344 orbits=[8]                        trans=True  pdev= 4.44e-16 lev=   1 [0.0+0.0s]
  H12/k3     |S|=  8 distinct=False lin=True  |Aut|=          48 orbits=[8]                        trans=True  pdev= 0.00e+00 lev=   1 [0.0+0.0s]
  H12/k4     |S|= 11 distinct=False lin=False |Aut|=          24 orbits=[6, 4, 1]                  trans=False pdev= 2.06e+00 lev=   3 [0.0+0.0s]
  H12/k5     |S|= 12 distinct=True  lin=False |Aut|=          20 orbits=[10, 2]                    trans=False pdev= 0.00e+00 lev=   1 [0.0+0.0s]
  H12/k6     |S|= 12 distinct=True  lin=False |Aut|=          20 orbits=[10, 2]                    trans=False pdev= 9.38e-01 lev=   2 [0.0+0.0s]
  H12/k7     |S|= 12 distinct=True  lin=False |Aut|=          24 orbits=[6, 4, 2]                  trans=False pdev= 5.63e-01 lev=   3 [0.0+0.0s]
  H12/k8     |S|= 12 distinct=True  lin=False |Aut|=          48 orbits=[8, 4]                     trans=False pdev= 5.62e-01 lev=   2 [0.0+0.0s]
  H12/k9     |S|= 12 distinct=True  lin=False |Aut|=         144 orbits=[12]                       trans=True  pdev= 0.00e+00 lev=   1 [0.0+0.0s]
  H12/k10    |S|= 12 distinct=True  lin=False |Aut|=         720 orbits=[12]                       trans=True  pdev= 6.66e-16 lev=   1 [0.1+0.0s]
  H12/k11    |S|= 12 distinct=True  lin=False |Aut|=        7920 orbits=[12]                       trans=True  pdev= 3.33e-16 lev=   1 [0.0+0.0s]
  H16/k3     |S|=  4 distinct=False lin=True  |Aut|=          24 orbits=[4]                        trans=True  pdev= 0.00e+00 lev=   1 [0.0+0.0s]
  H16/k4     |S|=  8 distinct=False lin=True  |Aut|=          48 orbits=[8]                        trans=True  pdev= 0.00e+00 lev=   1 [0.0+0.0s]
  H16/k5     |S|=  8 distinct=False lin=True  |Aut|=          64 orbits=[8]                        trans=True  pdev= 0.00e+00 lev=   1 [0.0+0.0s]
  H16/k6     |S|=  8 distinct=False lin=True  |Aut|=         192 orbits=[8]                        trans=True  pdev= 4.44e-16 lev=   1 [0.0+0.0s]
  H16/k7     |S|=  8 distinct=False lin=True  |Aut|=        1344 orbits=[8]                        trans=True  pdev= 4.44e-16 lev=   1 [0.0+0.0s]
  H16/k8     |S|= 16 distinct=True  lin=True  |Aut|=        2688 orbits=[16]                       trans=True  pdev= 1.78e-15 lev=   1 [0.0+0.0s]
  H16/k9     |S|= 16 distinct=True  lin=True  |Aut|=         768 orbits=[16]                       trans=True  pdev= 4.44e-16 lev=   1 [0.0+0.0s]
  H16/k10    |S|= 16 distinct=True  lin=True  |Aut|=         384 orbits=[16]                       trans=True  pdev= 8.88e-16 lev=   1 [0.0+0.0s]
  H16/k11    |S|= 16 distinct=True  lin=True  |Aut|=        3072 orbits=[16]                       trans=True  pdev= 8.88e-16 lev=   1 [0.0+0.0s]
  H16/k12    |S|= 16 distinct=True  lin=True  |Aut|=         768 orbits=[16]                       trans=True  pdev= 4.44e-16 lev=   1 [0.0+0.0s]
  H16/k13    |S|= 16 distinct=True  lin=True  |Aut|=        3072 orbits=[16]                       trans=True  pdev= 8.88e-16 lev=   1 [0.0+0.0s]
  H16/k14    |S|= 16 distinct=True  lin=True  |Aut|=       21504 orbits=[16]                       trans=True  pdev= 8.88e-16 lev=   1 [0.0+0.0s]
  H16/k15    |S|= 16 distinct=True  lin=True  |Aut|=      322560 orbits=[16]                       trans=True  pdev= 1.78e-15 lev=   1 [0.0+0.0s]
  H20/k3     |S|=  8 distinct=False lin=True  |Aut|=          48 orbits=[8]                        trans=True  pdev= 0.00e+00 lev=   1 [0.0+0.0s]
  H20/k4     |S|= 15 distinct=False lin=False |Aut|=          24 orbits=[6, 4, 4, 1]               trans=False pdev= 1.41e+00 lev=   4 [0.0+0.0s]
  H20/k5     |S|= 20 distinct=True  lin=False |Aut|=          20 orbits=[10, 10]                   trans=False pdev= 9.38e-01 lev=   2 [0.0+0.0s]
  H20/k6     |S|= 20 distinct=True  lin=False |Aut|=           1 orbits=[1, 1, 1, 1, 1, 1, 1, 1, 1 trans=False pdev= 4.53e+00 lev=  14 [0.0+0.0s]
  H20/k7     |S|= 20 distinct=True  lin=False |Aut|=           1 orbits=[1, 1, 1, 1, 1, 1, 1, 1, 1 trans=False pdev= 1.50e+00 lev=  20 [0.0+0.0s]
  H20/k8     |S|= 20 distinct=True  lin=False |Aut|=           1 orbits=[1, 1, 1, 1, 1, 1, 1, 1, 1 trans=False pdev= 7.25e-01 lev=  20 [0.0+0.0s]
  H20/k9     |S|= 20 distinct=True  lin=False |Aut|=           1 orbits=[1, 1, 1, 1, 1, 1, 1, 1, 1 trans=False pdev= 1.37e+00 lev=  20 [0.0+0.0s]
  H20/k10    |S|= 20 distinct=True  lin=False |Aut|=           1 orbits=[1, 1, 1, 1, 1, 1, 1, 1, 1 trans=False pdev= 1.14e+00 lev=  20 [0.0+0.0s]
  H20/k11    |S|= 20 distinct=True  lin=False |Aut|=           1 orbits=[1, 1, 1, 1, 1, 1, 1, 1, 1 trans=False pdev= 3.19e-01 lev=  20 [0.0+0.0s]
  H20/k12    |S|= 20 distinct=True  lin=False |Aut|=           1 orbits=[1, 1, 1, 1, 1, 1, 1, 1, 1 trans=False pdev= 4.42e-01 lev=  20 [0.0+0.0s]
  H20/k13    |S|= 20 distinct=True  lin=False |Aut|=           1 orbits=[1, 1, 1, 1, 1, 1, 1, 1, 1 trans=False pdev= 5.01e-01 lev=  20 [0.0+0.0s]
  H20/k14    |S|= 20 distinct=True  lin=False |Aut|=           1 orbits=[1, 1, 1, 1, 1, 1, 1, 1, 1 trans=False pdev= 3.91e-02 lev=  20 [0.0+0.0s]
  H20/k15    |S|= 20 distinct=True  lin=False |Aut|=           1 orbits=[1, 1, 1, 1, 1, 1, 1, 1, 1 trans=False pdev= 2.71e-01 lev=  20 [0.0+0.0s]
  H20/k16    |S|= 20 distinct=True  lin=False |Aut|=           1 orbits=[1, 1, 1, 1, 1, 1, 1, 1, 1 trans=False pdev= 8.59e-02 lev=  20 [0.0+0.1s]
  H20/k17    |S|= 20 distinct=True  lin=False |Aut|=           1 orbits=[1, 1, 1, 1, 1, 1, 1, 1, 1 trans=False pdev= 8.65e-03 lev=  20 [0.1+0.1s]
  H20/k18    |S|= 20 distinct=True  lin=False |Aut|=           9 orbits=[9, 9, 1, 1]               trans=False pdev= 4.01e-03 lev=   4 [19.7+0.1s]
  H20/k19    |S|= 20 distinct=True  lin=False |Aut|=         171 orbits=[19, 1]                    trans=False pdev= 3.26e-03 lev=   2 [14.2+0.2s]
  H24/k3     |S|=  8 distinct=False lin=True  |Aut|=          48 orbits=[8]                        trans=True  pdev= 0.00e+00 lev=   1 [0.0+0.0s]
  H24/k4     |S|= 16 distinct=False lin=True  |Aut|=         384 orbits=[16]                       trans=True  pdev= 0.00e+00 lev=   1 [0.0+0.0s]
  H24/k5     |S|= 22 distinct=False lin=False |Aut|=           8 orbits=[8, 4, 4, 2, 2, 2]         trans=False pdev= 3.03e+00 lev=   6 [0.0+0.0s]
  H24/k6     |S|= 23 distinct=False lin=False |Aut|=           1 orbits=[1, 1, 1, 1, 1, 1, 1, 1, 1 trans=False pdev= 4.31e+00 lev=  22 [0.0+0.0s]
  H24/k7     |S|= 24 distinct=True  lin=False |Aut|=           1 orbits=[1, 1, 1, 1, 1, 1, 1, 1, 1 trans=False pdev= 1.50e+00 lev=  16 [0.0+0.0s]
  H24/k8     |S|= 24 distinct=True  lin=False |Aut|=           1 orbits=[1, 1, 1, 1, 1, 1, 1, 1, 1 trans=False pdev= 1.59e+00 lev=  24 [0.0+0.0s]
  H24/k9     |S|= 24 distinct=True  lin=False |Aut|=           1 orbits=[1, 1, 1, 1, 1, 1, 1, 1, 1 trans=False pdev= 6.99e-01 lev=  24 [0.0+0.0s]
  H24/k10    |S|= 24 distinct=True  lin=False |Aut|=           1 orbits=[1, 1, 1, 1, 1, 1, 1, 1, 1 trans=False pdev= 4.02e-01 lev=  24 [0.0+0.0s]
  H24/k11    |S|= 24 distinct=True  lin=False |Aut|=           1 orbits=[1, 1, 1, 1, 1, 1, 1, 1, 1 trans=False pdev= 6.32e-01 lev=  24 [0.0+0.0s]
  H24/k12    |S|= 24 distinct=True  lin=False |Aut|=           1 orbits=[1, 1, 1, 1, 1, 1, 1, 1, 1 trans=False pdev= 7.57e-01 lev=  24 [0.0+0.0s]
  H24/k13    |S|= 24 distinct=True  lin=False |Aut|=           1 orbits=[1, 1, 1, 1, 1, 1, 1, 1, 1 trans=False pdev= 1.93e-01 lev=  24 [0.0+0.0s]
  H24/k14    |S|= 24 distinct=True  lin=False |Aut|=           1 orbits=[1, 1, 1, 1, 1, 1, 1, 1, 1 trans=False pdev= 1.34e-01 lev=  24 [0.0+0.0s]
  H24/k15    |S|= 24 distinct=True  lin=False |Aut|=           1 orbits=[1, 1, 1, 1, 1, 1, 1, 1, 1 trans=False pdev= 6.00e-01 lev=  24 [0.0+0.0s]
  H24/k16    |S|= 24 distinct=True  lin=False |Aut|=           1 orbits=[1, 1, 1, 1, 1, 1, 1, 1, 1 trans=False pdev= 6.49e-02 lev=  24 [0.0+0.0s]
  H24/k17    |S|= 24 distinct=True  lin=False |Aut|=           1 orbits=[1, 1, 1, 1, 1, 1, 1, 1, 1 trans=False pdev= 5.30e-02 lev=  24 [0.0+0.1s]
  H24/k18    |S|= 24 distinct=True  lin=False |Aut|=           1 orbits=[1, 1, 1, 1, 1, 1, 1, 1, 1 trans=False pdev= 4.34e-02 lev=  24 [0.0+0.1s]
  H24/k19    |S|= 24 distinct=True  lin=False |Aut|=           1 orbits=[1, 1, 1, 1, 1, 1, 1, 1, 1 trans=False pdev= 1.40e-01 lev=  24 [0.0+0.2s]
  H24/k20    |S|= 24 distinct=True  lin=False |Aut|=           1 orbits=[1, 1, 1, 1, 1, 1, 1, 1, 1 trans=False pdev= 1.17e-03 lev=  24 [0.0+0.4s]
  H24/k21    |S|= 24 distinct=True  lin=False |Aut|=           1 orbits=[1, 1, 1, 1, 1, 1, 1, 1, 1 trans=False pdev= 8.67e-04 lev=  24 [0.0+0.7s]
  H24/k22    |S|= 24 distinct=True  lin=False |Aut|=          11 orbits=[11, 11, 1, 1]             trans=False pdev= 1.76e-04 lev=   4 [18.0+1.7s]
  H24/k23    |S|= 24 distinct=True  lin=False |Aut|=         253 orbits=[23, 1]                    trans=False pdev= 2.66e-15 lev=   1 [22.5+3.8s]
  H28/k3     |S|=  8 distinct=False lin=True  |Aut|=          48 orbits=[8]                        trans=True  pdev= 0.00e+00 lev=   1 [0.0+0.0s]
  H28/k4     |S|= 12 distinct=False lin=False |Aut|=           6 orbits=[3, 3, 3, 1, 1, 1]         trans=False pdev= 2.25e+00 lev=   6 [0.0+0.0s]
  H28/k5     |S|= 14 distinct=False lin=False |Aut|=           2 orbits=[2, 2, 2, 2, 1, 1, 1, 1, 1 trans=False pdev= 1.75e+00 lev=  10 [0.0+0.0s]
  H28/k6     |S|= 19 distinct=False lin=False |Aut|=           1 orbits=[1, 1, 1, 1, 1, 1, 1, 1, 1 trans=False pdev= 3.27e+00 lev=  16 [0.0+0.0s]
  H28/k7     |S|= 20 distinct=False lin=False |Aut|=           2 orbits=[2, 2, 2, 2, 2, 2, 1, 1, 1 trans=False pdev= 1.52e+00 lev=  10 [0.0+0.0s]
  H28/k8     |S|= 25 distinct=False lin=False |Aut|=           1 orbits=[1, 1, 1, 1, 1, 1, 1, 1, 1 trans=False pdev= 2.05e+00 lev=  25 [0.0+0.0s]
  H28/k9     |S|= 26 distinct=False lin=False |Aut|=           2 orbits=[2, 2, 2, 2, 2, 2, 2, 2, 2 trans=False pdev= 2.83e+00 lev=  16 [0.0+0.0s]
  H28/k10    |S|= 28 distinct=True  lin=False |Aut|=           1 orbits=[1, 1, 1, 1, 1, 1, 1, 1, 1 trans=False pdev= 8.80e-01 lev=  28 [0.0+0.0s]
  H28/k11    |S|= 28 distinct=True  lin=False |Aut|=           2 orbits=[2, 2, 2, 2, 2, 2, 2, 2, 2 trans=False pdev= 1.07e+00 lev=  16 [0.0+0.0s]
  H28/k12    |S|= 28 distinct=True  lin=False |Aut|=           1 orbits=[1, 1, 1, 1, 1, 1, 1, 1, 1 trans=False pdev= 5.66e-01 lev=  28 [0.0+0.0s]
  H28/k13    |S|= 28 distinct=True  lin=False |Aut|=           2 orbits=[2, 2, 2, 2, 2, 2, 2, 2, 2 trans=False pdev= 4.46e-01 lev=  16 [0.0+0.0s]
  H28/k14    |S|= 28 distinct=True  lin=False |Aut|=           1 orbits=[1, 1, 1, 1, 1, 1, 1, 1, 1 trans=False pdev= 1.96e-01 lev=  28 [0.0+0.0s]
  H28/k15    |S|= 28 distinct=True  lin=False |Aut|=           2 orbits=[2, 2, 2, 2, 2, 2, 2, 2, 2 trans=False pdev= 2.95e-01 lev=  16 [0.0+0.0s]
  H28/k16    |S|= 28 distinct=True  lin=False |Aut|=           1 orbits=[1, 1, 1, 1, 1, 1, 1, 1, 1 trans=False pdev= 1.78e-01 lev=  28 [0.0+0.0s]
  H28/k17    |S|= 28 distinct=True  lin=False |Aut|=           2 orbits=[2, 2, 2, 2, 2, 2, 2, 2, 2 trans=False pdev= 1.07e-01 lev=  16 [0.0+0.1s]
  H28/k18    |S|= 28 distinct=True  lin=False |Aut|=           1 orbits=[1, 1, 1, 1, 1, 1, 1, 1, 1 trans=False pdev= 7.62e-02 lev=  28 [0.0+0.1s]
  H28/k19    |S|= 28 distinct=True  lin=False |Aut|=           2 orbits=[2, 2, 2, 2, 2, 2, 2, 2, 2 trans=False pdev= 2.71e-01 lev=  16 [0.0+0.2s]
  H28/k20    |S|= 28 distinct=True  lin=False |Aut|=           1 orbits=[1, 1, 1, 1, 1, 1, 1, 1, 1 trans=False pdev= 1.58e-01 lev=  28 [0.0+0.4s]
  H28/k21    |S|= 28 distinct=True  lin=False |Aut|=           2 orbits=[2, 2, 2, 2, 2, 2, 2, 2, 2 trans=False pdev= 3.73e-02 lev=  16 [0.0+0.9s]
  H28/k22    |S|= 28 distinct=True  lin=False |Aut|=           1 orbits=[1, 1, 1, 1, 1, 1, 1, 1, 1 trans=False pdev= 3.16e-02 lev=  28 [0.0+1.9s]
  H28/k23    |S|= 28 distinct=True  lin=False |Aut|=           2 orbits=[2, 2, 2, 2, 2, 2, 2, 2, 2 trans=False pdev= 6.30e-01 lev=  16 [0.1+3.9s]
  H28/k24    |S|= 28 distinct=True  lin=False |Aut|=           1 orbits=[1, 1, 1, 1, 1, 1, 1, 1, 1 trans=False pdev= 3.32e-02 lev=  28 [0.1+7.9s]
  H28/k25    |S|= 28 distinct=True  lin=False |Aut|=          12 orbits=[12, 12, 2, 2]             trans=False pdev= 8.07e-04 lev=   4 [0.1+16.3s]
  H28/k26    |S|= 28 distinct=True  lin=False |Aut|=          12 orbits=[12, 12, 2, 2]             trans=False pdev= 4.41e-04 lev=   4 [1.2+32.2s]
  H28/k27    |S|= 28 distinct=True  lin=False |Aut|=         156 orbits=[26, 2]                    trans=False pdev= 1.86e-04 lev=   2 [0.3+69.7s]
  H32/k3     |S|=  4 distinct=False lin=True  |Aut|=          24 orbits=[4]                        trans=True  pdev= 0.00e+00 lev=   1 [0.0+0.0s]
  H32/k4     |S|=  8 distinct=False lin=True  |Aut|=          48 orbits=[8]                        trans=True  pdev= 0.00e+00 lev=   1 [0.0+0.0s]
  H32/k5     |S|=  8 distinct=False lin=True  |Aut|=          64 orbits=[8]                        trans=True  pdev= 0.00e+00 lev=   1 [0.0+0.0s]
  H32/k6     |S|=  8 distinct=False lin=True  |Aut|=         192 orbits=[8]                        trans=True  pdev= 4.44e-16 lev=   1 [0.0+0.0s]
  H32/k7     |S|=  8 distinct=False lin=True  |Aut|=        1344 orbits=[8]                        trans=True  pdev= 4.44e-16 lev=   1 [0.0+0.0s]
  H32/k8     |S|= 16 distinct=False lin=True  |Aut|=        2688 orbits=[16]                       trans=True  pdev= 1.78e-15 lev=   1 [0.0+0.0s]
  H32/k9     |S|= 16 distinct=False lin=True  |Aut|=         768 orbits=[16]                       trans=True  pdev= 4.44e-16 lev=   1 [0.0+0.0s]
  H32/k10    |S|= 16 distinct=False lin=True  |Aut|=         384 orbits=[16]                       trans=True  pdev= 8.88e-16 lev=   1 [0.0+0.0s]
  H32/k11    |S|= 16 distinct=False lin=True  |Aut|=        3072 orbits=[16]                       trans=True  pdev= 8.88e-16 lev=   1 [0.0+0.0s]
  H32/k12    |S|= 16 distinct=False lin=True  |Aut|=         768 orbits=[16]                       trans=True  pdev= 4.44e-16 lev=   1 [0.0+0.0s]
  H32/k13    |S|= 16 distinct=False lin=True  |Aut|=        3072 orbits=[16]                       trans=True  pdev= 8.88e-16 lev=   1 [0.0+0.0s]
  H32/k14    |S|= 16 distinct=False lin=True  |Aut|=       21504 orbits=[16]                       trans=True  pdev= 8.88e-16 lev=   1 [0.0+0.0s]
  H32/k15    |S|= 16 distinct=False lin=True  |Aut|=      322560 orbits=[16]                       trans=True  pdev= 1.78e-15 lev=   1 [0.0+0.0s]
  H32/k16    |S|= 32 distinct=True  lin=True  |Aut|=      645120 orbits=[32]                       trans=True  pdev= 4.44e-15 lev=   1 [0.0+0.0s]
  H32/k17    |S|= 32 distinct=True  lin=True  |Aut|=       86016 orbits=[32]                       trans=True  pdev= 3.55e-15 lev=   1 [0.0+0.1s]
  H32/k18    |S|= 32 distinct=True  lin=True  |Aut|=       18432 orbits=[32]                       trans=True  pdev= 7.11e-15 lev=   1 [0.0+0.1s]
  H32/k19    |S|= 32 distinct=True  lin=True  |Aut|=       73728 orbits=[32]                       trans=True  pdev= 3.55e-15 lev=   1 [0.0+0.2s]
  H32/k20    |S|= 32 distinct=True  lin=True  |Aut|=        6144 orbits=[32]                       trans=True  pdev= 4.44e-15 lev=   1 [0.0+0.4s]
  H32/k21    |S|= 32 distinct=True  lin=True  |Aut|=       12288 orbits=[32]                       trans=True  pdev=     skip lev=None [0.0+0.0s]
  H32/k22    |S|= 32 distinct=True  lin=True  |Aut|=       43008 orbits=[32]                       trans=True  pdev=     skip lev=None [0.0+0.0s]
  H32/k23    |S|= 32 distinct=True  lin=True  |Aut|=      688128 orbits=[32]                       trans=True  pdev=     skip lev=None [0.0+0.0s]
  H32/k24    |S|= 32 distinct=True  lin=True  |Aut|=       86016 orbits=[32]                       trans=True  pdev=     skip lev=None [0.0+0.0s]
  H32/k25    |S|= 32 distinct=True  lin=True  |Aut|=       24576 orbits=[32]                       trans=True  pdev=     skip lev=None [0.0+0.0s]
  H32/k26    |S|= 32 distinct=True  lin=True  |Aut|=       12288 orbits=[32]                       trans=True  pdev=     skip lev=None [0.0+0.0s]
  H32/k27    |S|= 32 distinct=True  lin=True  |Aut|=      294912 orbits=[32]                       trans=True  pdev=     skip lev=None [0.0+0.0s]
  H32/k28    |S|= 32 distinct=True  lin=True  |Aut|=       73728 orbits=[32]                       trans=True  pdev=     skip lev=None [0.1+0.0s]
  H32/k29    |S|= 32 distinct=True  lin=True  |Aut|=      688128 orbits=[32]                       trans=True  pdev=     skip lev=None [0.1+0.0s]
  H32/k30    |S|= 32 distinct=True  lin=True  |Aut|=    10321920 orbits=[32]                       trans=True  pdev=     skip lev=None [0.1+0.0s]
  H32/k31    |S|= 32 distinct=True  lin=True  |Aut|=   319979520 orbits=[32]                       trans=True  pdev=     skip lev=None [0.1+0.0s]

total 220s -> /home/emoore/CIRISOntology/scratchpad/rent_scaling_q1.json
