CENSUS-12: exhaustive over k in [3, 4, 5, 6, 7, 8, 9, 10, 11], 1981 subsets of 11 columns
  k= 3:   165 subsets,  165 restorable,   0 H-IFF counterexamples, 0 undetermined [1s]
  k= 4:   330 subsets,    0 restorable,   0 H-IFF counterexamples, 0 undetermined [2s]
    COUNTEREXAMPLE k=5 cols=[0, 1, 2, 3, 4] |S|=12 orbits=[10, 2] |Aut|=20 dev=0.00e+00 restorable=True transitive=False
    COUNTEREXAMPLE k=5 cols=[0, 1, 2, 3, 5] |S|=12 orbits=[10, 2] |Aut|=20 dev=0.00e+00 restorable=True transitive=False
    COUNTEREXAMPLE k=5 cols=[0, 1, 2, 3, 6] |S|=12 orbits=[10, 2] |Aut|=20 dev=0.00e+00 restorable=True transitive=False
    COUNTEREXAMPLE k=5 cols=[0, 1, 2, 3, 7] |S|=12 orbits=[10, 2] |Aut|=20 dev=0.00e+00 restorable=True transitive=False
    COUNTEREXAMPLE k=5 cols=[0, 1, 2, 3, 8] |S|=12 orbits=[10, 2] |Aut|=20 dev=0.00e+00 restorable=True transitive=False
    COUNTEREXAMPLE k=5 cols=[0, 1, 2, 3, 10] |S|=12 orbits=[10, 2] |Aut|=20 dev=0.00e+00 restorable=True transitive=False
    COUNTEREXAMPLE k=5 cols=[0, 1, 2, 4, 5] |S|=12 orbits=[10, 2] |Aut|=20 dev=0.00e+00 restorable=True transitive=False
    COUNTEREXAMPLE k=5 cols=[0, 1, 2, 4, 6] |S|=12 orbits=[10, 2] |Aut|=20 dev=0.00e+00 restorable=True transitive=False
    COUNTEREXAMPLE k=5 cols=[0, 1, 2, 4, 8] |S|=12 orbits=[10, 2] |Aut|=20 dev=0.00e+00 restorable=True transitive=False
    COUNTEREXAMPLE k=5 cols=[0, 1, 2, 4, 9] |S|=12 orbits=[10, 2] |Aut|=20 dev=0.00e+00 restorable=True transitive=False
    COUNTEREXAMPLE k=5 cols=[0, 1, 2, 4, 10] |S|=12 orbits=[10, 2] |Aut|=20 dev=0.00e+00 restorable=True transitive=False
    COUNTEREXAMPLE k=5 cols=[0, 1, 2, 5, 7] |S|=12 orbits=[10, 2] |Aut|=20 dev=0.00e+00 restorable=True transitive=False
    COUNTEREXAMPLE k=5 cols=[0, 1, 2, 5, 8] |S|=12 orbits=[10, 2] |Aut|=20 dev=0.00e+00 restorable=True transitive=False
    COUNTEREXAMPLE k=5 cols=[0, 1, 2, 5, 9] |S|=12 orbits=[10, 2] |Aut|=20 dev=0.00e+00 restorable=True transitive=False
    COUNTEREXAMPLE k=5 cols=[0, 1, 2, 5, 10] |S|=12 orbits=[10, 2] |Aut|=20 dev=0.00e+00 restorable=True transitive=False
    COUNTEREXAMPLE k=5 cols=[0, 1, 2, 6, 7] |S|=12 orbits=[10, 2] |Aut|=20 dev=0.00e+00 restorable=True transitive=False
    COUNTEREXAMPLE k=5 cols=[0, 1, 2, 6, 8] |S|=12 orbits=[10, 2] |Aut|=20 dev=0.00e+00 restorable=True transitive=False
    COUNTEREXAMPLE k=5 cols=[0, 1, 2, 6, 9] |S|=12 orbits=[10, 2] |Aut|=20 dev=0.00e+00 restorable=True transitive=False
    COUNTEREXAMPLE k=5 cols=[0, 1, 2, 6, 10] |S|=12 orbits=[10, 2] |Aut|=20 dev=0.00e+00 restorable=True transitive=False
    COUNTEREXAMPLE k=5 cols=[0, 1, 2, 7, 8] |S|=12 orbits=[10, 2] |Aut|=20 dev=0.00e+00 restorable=True transitive=False
    COUNTEREXAMPLE k=5 cols=[0, 1, 2, 7, 9] |S|=12 orbits=[10, 2] |Aut|=20 dev=0.00e+00 restorable=True transitive=False
    COUNTEREXAMPLE k=5 cols=[0, 1, 2, 7, 10] |S|=12 orbits=[10, 2] |Aut|=20 dev=0.00e+00 restorable=True transitive=False
    COUNTEREXAMPLE k=5 cols=[0, 1, 2, 8, 9] |S|=12 orbits=[10, 2] |Aut|=20 dev=0.00e+00 restorable=True transitive=False
    COUNTEREXAMPLE k=5 cols=[0, 1, 2, 9, 10] |S|=12 orbits=[10, 2] |Aut|=20 dev=0.00e+00 restorable=True transitive=False
    COUNTEREXAMPLE k=5 cols=[0, 1, 3, 4, 5] |S|=12 orbits=[10, 2] |Aut|=20 dev=0.00e+00 restorable=True transitive=False
    COUNTEREXAMPLE k=5 cols=[0, 1, 3, 4, 6] |S|=12 orbits=[10, 2] |Aut|=20 dev=0.00e+00 restorable=True transitive=False
    COUNTEREXAMPLE k=5 cols=[0, 1, 3, 4, 7] |S|=12 orbits=[10, 2] |Aut|=20 dev=0.00e+00 restorable=True transitive=False
    COUNTEREXAMPLE k=5 cols=[0, 1, 3, 4, 9] |S|=12 orbits=[10, 2] |Aut|=20 dev=0.00e+00 restorable=True transitive=False
    COUNTEREXAMPLE k=5 cols=[0, 1, 3, 4, 10] |S|=12 orbits=[10, 2] |Aut|=20 dev=0.00e+00 restorable=True transitive=False
    COUNTEREXAMPLE k=5 cols=[0, 1, 3, 5, 6] |S|=12 orbits=[10, 2] |Aut|=20 dev=0.00e+00 restorable=True transitive=False
    COUNTEREXAMPLE k=5 cols=[0, 1, 3, 5, 8] |S|=12 orbits=[10, 2] |Aut|=20 dev=0.00e+00 restorable=True transitive=False
    COUNTEREXAMPLE k=5 cols=[0, 1, 3, 5, 9] |S|=12 orbits=[10, 2] |Aut|=20 dev=0.00e+00 restorable=True transitive=False
    COUNTEREXAMPLE k=5 cols=[0, 1, 3, 5, 10] |S|=12 orbits=[10, 2] |Aut|=20 dev=0.00e+00 restorable=True transitive=False
    COUNTEREXAMPLE k=5 cols=[0, 1, 3, 6, 7] |S|=12 orbits=[10, 2] |Aut|=20 dev=0.00e+00 restorable=True transitive=False
    COUNTEREXAMPLE k=5 cols=[0, 1, 3, 6, 8] |S|=12 orbits=[10, 2] |Aut|=20 dev=0.00e+00 restorable=True transitive=False
    COUNTEREXAMPLE k=5 cols=[0, 1, 3, 6, 9] |S|=12 orbits=[10, 2] |Aut|=20 dev=0.00e+00 restorable=True transitive=False
    COUNTEREXAMPLE k=5 cols=[0, 1, 3, 7, 8] |S|=12 orbits=[10, 2] |Aut|=20 dev=0.00e+00 restorable=True transitive=False
    COUNTEREXAMPLE k=5 cols=[0, 1, 3, 7, 9] |S|=12 orbits=[10, 2] |Aut|=20 dev=0.00e+00 restorable=True transitive=False
    COUNTEREXAMPLE k=5 cols=[0, 1, 3, 7, 10] |S|=12 orbits=[10, 2] |Aut|=20 dev=0.00e+00 restorable=True transitive=False
    COUNTEREXAMPLE k=5 cols=[0, 1, 3, 8, 9] |S|=12 orbits=[10, 2] |Aut|=20 dev=0.00e+00 restorable=True transitive=False
    COUNTEREXAMPLE k=5 cols=[0, 1, 3, 8, 10] |S|=12 orbits=[10, 2] |Aut|=20 dev=0.00e+00 restorable=True transitive=False
    COUNTEREXAMPLE k=5 cols=[0, 1, 3, 9, 10] |S|=12 orbits=[10, 2] |Aut|=20 dev=0.00e+00 restorable=True transitive=False
    COUNTEREXAMPLE k=5 cols=[0, 1, 4, 5, 6] |S|=12 orbits=[10, 2] |Aut|=20 dev=0.00e+00 restorable=True transitive=False
    COUNTEREXAMPLE k=5 cols=[0, 1, 4, 5, 7] |S|=12 orbits=[10, 2] |Aut|=20 dev=0.00e+00 restorable=True transitive=False
    COUNTEREXAMPLE k=5 cols=[0, 1, 4, 5, 8] |S|=12 orbits=[10, 2] |Aut|=20 dev=0.00e+00 restorable=True transitive=False
    COUNTEREXAMPLE k=5 cols=[0, 1, 4, 5, 9] |S|=12 orbits=[10, 2] |Aut|=20 dev=0.00e+00 restorable=True transitive=False
    COUNTEREXAMPLE k=5 cols=[0, 1, 4, 6, 7] |S|=12 orbits=[10, 2] |Aut|=20 dev=0.00e+00 restorable=True transitive=False
    COUNTEREXAMPLE k=5 cols=[0, 1, 4, 6, 8] |S|=12 orbits=[10, 2] |Aut|=20 dev=0.00e+00 restorable=True transitive=False
    COUNTEREXAMPLE k=5 cols=[0, 1, 4, 6, 10] |S|=12 orbits=[10, 2] |Aut|=20 dev=0.00e+00 restorable=True transitive=False
    COUNTEREXAMPLE k=5 cols=[0, 1, 4, 7, 8] |S|=12 orbits=[10, 2] |Aut|=20 dev=0.00e+00 restorable=True transitive=False
    COUNTEREXAMPLE k=5 cols=[0, 1, 4, 7, 9] |S|=12 orbits=[10, 2] |Aut|=20 dev=0.00e+00 restorable=True transitive=False
    COUNTEREXAMPLE k=5 cols=[0, 1, 4, 7, 10] |S|=12 orbits=[10, 2] |Aut|=20 dev=0.00e+00 restorable=True transitive=False
    COUNTEREXAMPLE k=5 cols=[0, 1, 4, 8, 9] |S|=12 orbits=[10, 2] |Aut|=20 dev=0.00e+00 restorable=True transitive=False
    COUNTEREXAMPLE k=5 cols=[0, 1, 4, 8, 10] |S|=12 orbits=[10, 2] |Aut|=20 dev=0.00e+00 restorable=True transitive=False
    COUNTEREXAMPLE k=5 cols=[0, 1, 4, 9, 10] |S|=12 orbits=[10, 2] |Aut|=20 dev=0.00e+00 restorable=True transitive=False
    COUNTEREXAMPLE k=5 cols=[0, 1, 5, 6, 7] |S|=12 orbits=[10, 2] |Aut|=20 dev=0.00e+00 restorable=True transitive=False
    COUNTEREXAMPLE k=5 cols=[0, 1, 5, 6, 8] |S|=12 orbits=[10, 2] |Aut|=20 dev=0.00e+00 restorable=True transitive=False
    COUNTEREXAMPLE k=5 cols=[0, 1, 5, 6, 9] |S|=12 orbits=[10, 2] |Aut|=20 dev=0.00e+00 restorable=True transitive=False
    COUNTEREXAMPLE k=5 cols=[0, 1, 5, 6, 10] |S|=12 orbits=[10, 2] |Aut|=20 dev=0.00e+00 restorable=True transitive=False
    COUNTEREXAMPLE k=5 cols=[0, 1, 5, 7, 8] |S|=12 orbits=[10, 2] |Aut|=20 dev=0.00e+00 restorable=True transitive=False
    COUNTEREXAMPLE k=5 cols=[0, 1, 5, 7, 9] |S|=12 orbits=[10, 2] |Aut|=20 dev=0.00e+00 restorable=True transitive=False
    COUNTEREXAMPLE k=5 cols=[0, 1, 5, 7, 10] |S|=12 orbits=[10, 2] |Aut|=20 dev=0.00e+00 restorable=True transitive=False
    COUNTEREXAMPLE k=5 cols=[0, 1, 5, 8, 10] |S|=12 orbits=[10, 2] |Aut|=20 dev=0.00e+00 restorable=True transitive=False
    COUNTEREXAMPLE k=5 cols=[0, 1, 5, 9, 10] |S|=12 orbits=[10, 2] |Aut|=20 dev=0.00e+00 restorable=True transitive=False
    COUNTEREXAMPLE k=5 cols=[0, 1, 6, 7, 9] |S|=12 orbits=[10, 2] |Aut|=20 dev=0.00e+00 restorable=True transitive=False
    COUNTEREXAMPLE k=5 cols=[0, 1, 6, 7, 10] |S|=12 orbits=[10, 2] |Aut|=20 dev=0.00e+00 restorable=True transitive=False
    COUNTEREXAMPLE k=5 cols=[0, 1, 6, 8, 9] |S|=12 orbits=[10, 2] |Aut|=20 dev=0.00e+00 restorable=True transitive=False
    COUNTEREXAMPLE k=5 cols=[0, 1, 6, 8, 10] |S|=12 orbits=[10, 2] |Aut|=20 dev=0.00e+00 restorable=True transitive=False
    COUNTEREXAMPLE k=5 cols=[0, 1, 6, 9, 10] |S|=12 orbits=[10, 2] |Aut|=20 dev=0.00e+00 restorable=True transitive=False
    COUNTEREXAMPLE k=5 cols=[0, 1, 7, 8, 9] |S|=12 orbits=[10, 2] |Aut|=20 dev=0.00e+00 restorable=True transitive=False
    COUNTEREXAMPLE k=5 cols=[0, 1, 7, 8, 10] |S|=12 orbits=[10, 2] |Aut|=20 dev=0.00e+00 restorable=True transitive=False
    COUNTEREXAMPLE k=5 cols=[0, 1, 8, 9, 10] |S|=12 orbits=[10, 2] |Aut|=20 dev=0.00e+00 restorable=True transitive=False
    COUNTEREXAMPLE k=5 cols=[0, 2, 3, 4, 6] |S|=12 orbits=[10, 2] |Aut|=20 dev=0.00e+00 restorable=True transitive=False
    COUNTEREXAMPLE k=5 cols=[0, 2, 3, 4, 7] |S|=12 orbits=[10, 2] |Aut|=20 dev=0.00e+00 restorable=True transitive=False
    COUNTEREXAMPLE k=5 cols=[0, 2, 3, 4, 8] |S|=12 orbits=[10, 2] |Aut|=20 dev=0.00e+00 restorable=True transitive=False
    COUNTEREXAMPLE k=5 cols=[0, 2, 3, 4, 9] |S|=12 orbits=[10, 2] |Aut|=20 dev=0.00e+00 restorable=True transitive=False
    COUNTEREXAMPLE k=5 cols=[0, 2, 3, 4, 10] |S|=12 orbits=[10, 2] |Aut|=20 dev=0.00e+00 restorable=True transitive=False
    COUNTEREXAMPLE k=5 cols=[0, 2, 3, 5, 6] |S|=12 orbits=[10, 2] |Aut|=20 dev=0.00e+00 restorable=True transitive=False
    COUNTEREXAMPLE k=5 cols=[0, 2, 3, 5, 7] |S|=12 orbits=[10, 2] |Aut|=20 dev=0.00e+00 restorable=True transitive=False
    COUNTEREXAMPLE k=5 cols=[0, 2, 3, 5, 8] |S|=12 orbits=[10, 2] |Aut|=20 dev=0.00e+00 restorable=True transitive=False
    COUNTEREXAMPLE k=5 cols=[0, 2, 3, 5, 9] |S|=12 orbits=[10, 2] |Aut|=20 dev=0.00e+00 restorable=True transitive=False
    COUNTEREXAMPLE k=5 cols=[0, 2, 3, 5, 10] |S|=12 orbits=[10, 2] |Aut|=20 dev=0.00e+00 restorable=True transitive=False
    COUNTEREXAMPLE k=5 cols=[0, 2, 3, 6, 7] |S|=12 orbits=[10, 2] |Aut|=20 dev=0.00e+00 restorable=True transitive=False
    COUNTEREXAMPLE k=5 cols=[0, 2, 3, 6, 9] |S|=12 orbits=[10, 2] |Aut|=20 dev=0.00e+00 restorable=True transitive=False
    COUNTEREXAMPLE k=5 cols=[0, 2, 3, 6, 10] |S|=12 orbits=[10, 2] |Aut|=20 dev=0.00e+00 restorable=True transitive=False
    COUNTEREXAMPLE k=5 cols=[0, 2, 3, 7, 8] |S|=12 orbits=[10, 2] |Aut|=20 dev=0.00e+00 restorable=True transitive=False
    COUNTEREXAMPLE k=5 cols=[0, 2, 3, 7, 9] |S|=12 orbits=[10, 2] |Aut|=20 dev=0.00e+00 restorable=True transitive=False
    COUNTEREXAMPLE k=5 cols=[0, 2, 3, 8, 9] |S|=12 orbits=[10, 2] |Aut|=20 dev=0.00e+00 restorable=True transitive=False
    COUNTEREXAMPLE k=5 cols=[0, 2, 3, 8, 10] |S|=12 orbits=[10, 2] |Aut|=20 dev=0.00e+00 restorable=True transitive=False
    COUNTEREXAMPLE k=5 cols=[0, 2, 3, 9, 10] |S|=12 orbits=[10, 2] |Aut|=20 dev=0.00e+00 restorable=True transitive=False
    COUNTEREXAMPLE k=5 cols=[0, 2, 4, 5, 6] |S|=12 orbits=[10, 2] |Aut|=20 dev=0.00e+00 restorable=True transitive=False
    COUNTEREXAMPLE k=5 cols=[0, 2, 4, 5, 7] |S|=12 orbits=[10, 2] |Aut|=20 dev=0.00e+00 restorable=True transitive=False
    COUNTEREXAMPLE k=5 cols=[0, 2, 4, 5, 8] |S|=12 orbits=[10, 2] |Aut|=20 dev=0.00e+00 restorable=True transitive=False
    COUNTEREXAMPLE k=5 cols=[0, 2, 4, 5, 9] |S|=12 orbits=[10, 2] |Aut|=20 dev=0.00e+00 restorable=True transitive=False
    COUNTEREXAMPLE k=5 cols=[0, 2, 4, 5, 10] |S|=12 orbits=[10, 2] |Aut|=20 dev=0.00e+00 restorable=True transitive=False
    COUNTEREXAMPLE k=5 cols=[0, 2, 4, 6, 7] |S|=12 orbits=[10, 2] |Aut|=20 dev=0.00e+00 restorable=True transitive=False
    COUNTEREXAMPLE k=5 cols=[0, 2, 4, 6, 8] |S|=12 orbits=[10, 2] |Aut|=20 dev=0.00e+00 restorable=True transitive=False
    COUNTEREXAMPLE k=5 cols=[0, 2, 4, 6, 9] |S|=12 orbits=[10, 2] |Aut|=20 dev=0.00e+00 restorable=True transitive=False
    COUNTEREXAMPLE k=5 cols=[0, 2, 4, 7, 8] |S|=12 orbits=[10, 2] |Aut|=20 dev=0.00e+00 restorable=True transitive=False
    COUNTEREXAMPLE k=5 cols=[0, 2, 4, 7, 9] |S|=12 orbits=[10, 2] |Aut|=20 dev=0.00e+00 restorable=True transitive=False
    COUNTEREXAMPLE k=5 cols=[0, 2, 4, 7, 10] |S|=12 orbits=[10, 2] |Aut|=20 dev=0.00e+00 restorable=True transitive=False
    COUNTEREXAMPLE k=5 cols=[0, 2, 4, 8, 10] |S|=12 orbits=[10, 2] |Aut|=20 dev=0.00e+00 restorable=True transitive=False
    COUNTEREXAMPLE k=5 cols=[0, 2, 4, 9, 10] |S|=12 orbits=[10, 2] |Aut|=20 dev=0.00e+00 restorable=True transitive=False
    COUNTEREXAMPLE k=5 cols=[0, 2, 5, 6, 7] |S|=12 orbits=[10, 2] |Aut|=20 dev=0.00e+00 restorable=True transitive=False
    COUNTEREXAMPLE k=5 cols=[0, 2, 5, 6, 8] |S|=12 orbits=[10, 2] |Aut|=20 dev=0.00e+00 restorable=True transitive=False
    COUNTEREXAMPLE k=5 cols=[0, 2, 5, 6, 9] |S|=12 orbits=[10, 2] |Aut|=20 dev=0.00e+00 restorable=True transitive=False
    COUNTEREXAMPLE k=5 cols=[0, 2, 5, 6, 10] |S|=12 orbits=[10, 2] |Aut|=20 dev=0.00e+00 restorable=True transitive=False
    COUNTEREXAMPLE k=5 cols=[0, 2, 5, 7, 9] |S|=12 orbits=[10, 2] |Aut|=20 dev=0.00e+00 restorable=True transitive=False
    COUNTEREXAMPLE k=5 cols=[0, 2, 5, 7, 10] |S|=12 orbits=[10, 2] |Aut|=20 dev=0.00e+00 restorable=True transitive=False
    COUNTEREXAMPLE k=5 cols=[0, 2, 5, 8, 9] |S|=12 orbits=[10, 2] |Aut|=20 dev=0.00e+00 restorable=True transitive=False
    COUNTEREXAMPLE k=5 cols=[0, 2, 5, 8, 10] |S|=12 orbits=[10, 2] |Aut|=20 dev=0.00e+00 restorable=True transitive=False
    COUNTEREXAMPLE k=5 cols=[0, 2, 6, 7, 8] |S|=12 orbits=[10, 2] |Aut|=20 dev=0.00e+00 restorable=True transitive=False
    COUNTEREXAMPLE k=5 cols=[0, 2, 6, 7, 10] |S|=12 orbits=[10, 2] |Aut|=20 dev=0.00e+00 restorable=True transitive=False
    COUNTEREXAMPLE k=5 cols=[0, 2, 6, 8, 9] |S|=12 orbits=[10, 2] |Aut|=20 dev=0.00e+00 restorable=True transitive=False
    COUNTEREXAMPLE k=5 cols=[0, 2, 6, 8, 10] |S|=12 orbits=[10, 2] |Aut|=20 dev=0.00e+00 restorable=True transitive=False
    COUNTEREXAMPLE k=5 cols=[0, 2, 6, 9, 10] |S|=12 orbits=[10, 2] |Aut|=20 dev=0.00e+00 restorable=True transitive=False
    COUNTEREXAMPLE k=5 cols=[0, 2, 7, 8, 9] |S|=12 orbits=[10, 2] |Aut|=20 dev=0.00e+00 restorable=True transitive=False
    COUNTEREXAMPLE k=5 cols=[0, 2, 7, 8, 10] |S|=12 orbits=[10, 2] |Aut|=20 dev=0.00e+00 restorable=True transitive=False
    COUNTEREXAMPLE k=5 cols=[0, 2, 7, 9, 10] |S|=12 orbits=[10, 2] |Aut|=20 dev=0.00e+00 restorable=True transitive=False
    COUNTEREXAMPLE k=5 cols=[0, 2, 8, 9, 10] |S|=12 orbits=[10, 2] |Aut|=20 dev=0.00e+00 restorable=True transitive=False
    COUNTEREXAMPLE k=5 cols=[0, 3, 4, 5, 6] |S|=12 orbits=[10, 2] |Aut|=20 dev=0.00e+00 restorable=True transitive=False
    COUNTEREXAMPLE k=5 cols=[0, 3, 4, 5, 7] |S|=12 orbits=[10, 2] |Aut|=20 dev=0.00e+00 restorable=True transitive=False
    COUNTEREXAMPLE k=5 cols=[0, 3, 4, 5, 8] |S|=12 orbits=[10, 2] |Aut|=20 dev=0.00e+00 restorable=True transitive=False
    COUNTEREXAMPLE k=5 cols=[0, 3, 4, 5, 9] |S|=12 orbits=[10, 2] |Aut|=20 dev=0.00e+00 restorable=True transitive=False
    COUNTEREXAMPLE k=5 cols=[0, 3, 4, 5, 10] |S|=12 orbits=[10, 2] |Aut|=20 dev=0.00e+00 restorable=True transitive=False
    COUNTEREXAMPLE k=5 cols=[0, 3, 4, 6, 8] |S|=12 orbits=[10, 2] |Aut|=20 dev=0.00e+00 restorable=True transitive=False
    COUNTEREXAMPLE k=5 cols=[0, 3, 4, 6, 9] |S|=12 orbits=[10, 2] |Aut|=20 dev=0.00e+00 restorable=True transitive=False
    COUNTEREXAMPLE k=5 cols=[0, 3, 4, 6, 10] |S|=12 orbits=[10, 2] |Aut|=20 dev=0.00e+00 restorable=True transitive=False
    COUNTEREXAMPLE k=5 cols=[0, 3, 4, 7, 8] |S|=12 orbits=[10, 2] |Aut|=20 dev=0.00e+00 restorable=True transitive=False
    COUNTEREXAMPLE k=5 cols=[0, 3, 4, 7, 9] |S|=12 orbits=[10, 2] |Aut|=20 dev=0.00e+00 restorable=True transitive=False
    COUNTEREXAMPLE k=5 cols=[0, 3, 4, 7, 10] |S|=12 orbits=[10, 2] |Aut|=20 dev=0.00e+00 restorable=True transitive=False
    COUNTEREXAMPLE k=5 cols=[0, 3, 4, 8, 9] |S|=12 orbits=[10, 2] |Aut|=20 dev=0.00e+00 restorable=True transitive=False
    COUNTEREXAMPLE k=5 cols=[0, 3, 4, 8, 10] |S|=12 orbits=[10, 2] |Aut|=20 dev=0.00e+00 restorable=True transitive=False
    COUNTEREXAMPLE k=5 cols=[0, 3, 5, 6, 7] |S|=12 orbits=[10, 2] |Aut|=20 dev=0.00e+00 restorable=True transitive=False
    COUNTEREXAMPLE k=5 cols=[0, 3, 5, 6, 8] |S|=12 orbits=[10, 2] |Aut|=20 dev=0.00e+00 restorable=True transitive=False
    COUNTEREXAMPLE k=5 cols=[0, 3, 5, 6, 10] |S|=12 orbits=[10, 2] |Aut|=20 dev=0.00e+00 restorable=True transitive=False
    COUNTEREXAMPLE k=5 cols=[0, 3, 5, 7, 8] |S|=12 orbits=[10, 2] |Aut|=20 dev=0.00e+00 restorable=True transitive=False
    COUNTEREXAMPLE k=5 cols=[0, 3, 5, 7, 9] |S|=12 orbits=[10, 2] |Aut|=20 dev=0.00e+00 restorable=True transitive=False
    COUNTEREXAMPLE k=5 cols=[0, 3, 5, 7, 10] |S|=12 orbits=[10, 2] |Aut|=20 dev=0.00e+00 restorable=True transitive=False
    COUNTEREXAMPLE k=5 cols=[0, 3, 5, 8, 9] |S|=12 orbits=[10, 2] |Aut|=20 dev=0.00e+00 restorable=True transitive=False
    COUNTEREXAMPLE k=5 cols=[0, 3, 5, 9, 10] |S|=12 orbits=[10, 2] |Aut|=20 dev=0.00e+00 restorable=True transitive=False
    COUNTEREXAMPLE k=5 cols=[0, 3, 6, 7, 8] |S|=12 orbits=[10, 2] |Aut|=20 dev=0.00e+00 restorable=True transitive=False
    COUNTEREXAMPLE k=5 cols=[0, 3, 6, 7, 9] |S|=12 orbits=[10, 2] |Aut|=20 dev=0.00e+00 restorable=True transitive=False
    COUNTEREXAMPLE k=5 cols=[0, 3, 6, 7, 10] |S|=12 orbits=[10, 2] |Aut|=20 dev=0.00e+00 restorable=True transitive=False
    COUNTEREXAMPLE k=5 cols=[0, 3, 6, 8, 9] |S|=12 orbits=[10, 2] |Aut|=20 dev=0.00e+00 restorable=True transitive=False
    COUNTEREXAMPLE k=5 cols=[0, 3, 6, 8, 10] |S|=12 orbits=[10, 2] |Aut|=20 dev=0.00e+00 restorable=True transitive=False
    COUNTEREXAMPLE k=5 cols=[0, 3, 6, 9, 10] |S|=12 orbits=[10, 2] |Aut|=20 dev=0.00e+00 restorable=True transitive=False
    COUNTEREXAMPLE k=5 cols=[0, 3, 7, 8, 10] |S|=12 orbits=[10, 2] |Aut|=20 dev=0.00e+00 restorable=True transitive=False
    COUNTEREXAMPLE k=5 cols=[0, 3, 7, 9, 10] |S|=12 orbits=[10, 2] |Aut|=20 dev=0.00e+00 restorable=True transitive=False
    COUNTEREXAMPLE k=5 cols=[0, 3, 8, 9, 10] |S|=12 orbits=[10, 2] |Aut|=20 dev=0.00e+00 restorable=True transitive=False
    COUNTEREXAMPLE k=5 cols=[0, 4, 5, 6, 7] |S|=12 orbits=[10, 2] |Aut|=20 dev=0.00e+00 restorable=True transitive=False
    COUNTEREXAMPLE k=5 cols=[0, 4, 5, 6, 9] |S|=12 orbits=[10, 2] |Aut|=20 dev=0.00e+00 restorable=True transitive=False
    COUNTEREXAMPLE k=5 cols=[0, 4, 5, 6, 10] |S|=12 orbits=[10, 2] |Aut|=20 dev=0.00e+00 restorable=True transitive=False
    COUNTEREXAMPLE k=5 cols=[0, 4, 5, 7, 8] |S|=12 orbits=[10, 2] |Aut|=20 dev=0.00e+00 restorable=True transitive=False
    COUNTEREXAMPLE k=5 cols=[0, 4, 5, 7, 10] |S|=12 orbits=[10, 2] |Aut|=20 dev=0.00e+00 restorable=True transitive=False
    COUNTEREXAMPLE k=5 cols=[0, 4, 5, 8, 9] |S|=12 orbits=[10, 2] |Aut|=20 dev=0.00e+00 restorable=True transitive=False
    COUNTEREXAMPLE k=5 cols=[0, 4, 5, 8, 10] |S|=12 orbits=[10, 2] |Aut|=20 dev=0.00e+00 restorable=True transitive=False
    COUNTEREXAMPLE k=5 cols=[0, 4, 5, 9, 10] |S|=12 orbits=[10, 2] |Aut|=20 dev=0.00e+00 restorable=True transitive=False
    COUNTEREXAMPLE k=5 cols=[0, 4, 6, 7, 8] |S|=12 orbits=[10, 2] |Aut|=20 dev=0.00e+00 restorable=True transitive=False
    COUNTEREXAMPLE k=5 cols=[0, 4, 6, 7, 9] |S|=12 orbits=[10, 2] |Aut|=20 dev=0.00e+00 restorable=True transitive=False
    COUNTEREXAMPLE k=5 cols=[0, 4, 6, 7, 10] |S|=12 orbits=[10, 2] |Aut|=20 dev=0.00e+00 restorable=True transitive=False
    COUNTEREXAMPLE k=5 cols=[0, 4, 6, 8, 9] |S|=12 orbits=[10, 2] |Aut|=20 dev=0.00e+00 restorable=True transitive=False
    COUNTEREXAMPLE k=5 cols=[0, 4, 6, 8, 10] |S|=12 orbits=[10, 2] |Aut|=20 dev=0.00e+00 restorable=True transitive=False
    COUNTEREXAMPLE k=5 cols=[0, 4, 6, 9, 10] |S|=12 orbits=[10, 2] |Aut|=20 dev=0.00e+00 restorable=True transitive=False
    COUNTEREXAMPLE k=5 cols=[0, 4, 7, 8, 9] |S|=12 orbits=[10, 2] |Aut|=20 dev=0.00e+00 restorable=True transitive=False
    COUNTEREXAMPLE k=5 cols=[0, 4, 7, 9, 10] |S|=12 orbits=[10, 2] |Aut|=20 dev=0.00e+00 restorable=True transitive=False
    COUNTEREXAMPLE k=5 cols=[0, 4, 8, 9, 10] |S|=12 orbits=[10, 2] |Aut|=20 dev=0.00e+00 restorable=True transitive=False
    COUNTEREXAMPLE k=5 cols=[0, 5, 6, 7, 8] |S|=12 orbits=[10, 2] |Aut|=20 dev=0.00e+00 restorable=True transitive=False
    COUNTEREXAMPLE k=5 cols=[0, 5, 6, 7, 9] |S|=12 orbits=[10, 2] |Aut|=20 dev=0.00e+00 restorable=True transitive=False
    COUNTEREXAMPLE k=5 cols=[0, 5, 6, 8, 9] |S|=12 orbits=[10, 2] |Aut|=20 dev=0.00e+00 restorable=True transitive=False
    COUNTEREXAMPLE k=5 cols=[0, 5, 6, 8, 10] |S|=12 orbits=[10, 2] |Aut|=20 dev=0.00e+00 restorable=True transitive=False
    COUNTEREXAMPLE k=5 cols=[0, 5, 6, 9, 10] |S|=12 orbits=[10, 2] |Aut|=20 dev=0.00e+00 restorable=True transitive=False
    COUNTEREXAMPLE k=5 cols=[0, 5, 7, 8, 9] |S|=12 orbits=[10, 2] |Aut|=20 dev=0.00e+00 restorable=True transitive=False
    COUNTEREXAMPLE k=5 cols=[0, 5, 7, 8, 10] |S|=12 orbits=[10, 2] |Aut|=20 dev=0.00e+00 restorable=True transitive=False
    COUNTEREXAMPLE k=5 cols=[0, 5, 7, 9, 10] |S|=12 orbits=[10, 2] |Aut|=20 dev=0.00e+00 restorable=True transitive=False
    COUNTEREXAMPLE k=5 cols=[0, 5, 8, 9, 10] |S|=12 orbits=[10, 2] |Aut|=20 dev=0.00e+00 restorable=True transitive=False
    COUNTEREXAMPLE k=5 cols=[0, 6, 7, 8, 9] |S|=12 orbits=[10, 2] |Aut|=20 dev=0.00e+00 restorable=True transitive=False
    COUNTEREXAMPLE k=5 cols=[0, 6, 7, 8, 10] |S|=12 orbits=[10, 2] |Aut|=20 dev=0.00e+00 restorable=True transitive=False
    COUNTEREXAMPLE k=5 cols=[0, 6, 7, 9, 10] |S|=12 orbits=[10, 2] |Aut|=20 dev=0.00e+00 restorable=True transitive=False
    COUNTEREXAMPLE k=5 cols=[0, 7, 8, 9, 10] |S|=12 orbits=[10, 2] |Aut|=20 dev=0.00e+00 restorable=True transitive=False
    COUNTEREXAMPLE k=5 cols=[1, 2, 3, 4, 5] |S|=12 orbits=[10, 2] |Aut|=20 dev=0.00e+00 restorable=True transitive=False
    COUNTEREXAMPLE k=5 cols=[1, 2, 3, 4, 6] |S|=12 orbits=[10, 2] |Aut|=20 dev=0.00e+00 restorable=True transitive=False
    COUNTEREXAMPLE k=5 cols=[1, 2, 3, 4, 7] |S|=12 orbits=[10, 2] |Aut|=20 dev=0.00e+00 restorable=True transitive=False
    COUNTEREXAMPLE k=5 cols=[1, 2, 3, 4, 8] |S|=12 orbits=[10, 2] |Aut|=20 dev=0.00e+00 restorable=True transitive=False
    COUNTEREXAMPLE k=5 cols=[1, 2, 3, 4, 9] |S|=12 orbits=[10, 2] |Aut|=20 dev=0.00e+00 restorable=True transitive=False
    COUNTEREXAMPLE k=5 cols=[1, 2, 3, 5, 6] |S|=12 orbits=[10, 2] |Aut|=20 dev=0.00e+00 restorable=True transitive=False
    COUNTEREXAMPLE k=5 cols=[1, 2, 3, 5, 7] |S|=12 orbits=[10, 2] |Aut|=20 dev=0.00e+00 restorable=True transitive=False
    COUNTEREXAMPLE k=5 cols=[1, 2, 3, 5, 9] |S|=12 orbits=[10, 2] |Aut|=20 dev=0.00e+00 restorable=True transitive=False
    COUNTEREXAMPLE k=5 cols=[1, 2, 3, 5, 10] |S|=12 orbits=[10, 2] |Aut|=20 dev=0.00e+00 restorable=True transitive=False
    COUNTEREXAMPLE k=5 cols=[1, 2, 3, 6, 8] |S|=12 orbits=[10, 2] |Aut|=20 dev=0.00e+00 restorable=True transitive=False
    COUNTEREXAMPLE k=5 cols=[1, 2, 3, 6, 9] |S|=12 orbits=[10, 2] |Aut|=20 dev=0.00e+00 restorable=True transitive=False
    COUNTEREXAMPLE k=5 cols=[1, 2, 3, 6, 10] |S|=12 orbits=[10, 2] |Aut|=20 dev=0.00e+00 restorable=True transitive=False
    COUNTEREXAMPLE k=5 cols=[1, 2, 3, 7, 8] |S|=12 orbits=[10, 2] |Aut|=20 dev=0.00e+00 restorable=True transitive=False
    COUNTEREXAMPLE k=5 cols=[1, 2, 3, 7, 9] |S|=12 orbits=[10, 2] |Aut|=20 dev=0.00e+00 restorable=True transitive=False
    COUNTEREXAMPLE k=5 cols=[1, 2, 3, 7, 10] |S|=12 orbits=[10, 2] |Aut|=20 dev=0.00e+00 restorable=True transitive=False
    COUNTEREXAMPLE k=5 cols=[1, 2, 3, 8, 9] |S|=12 orbits=[10, 2] |Aut|=20 dev=0.00e+00 restorable=True transitive=False
    COUNTEREXAMPLE k=5 cols=[1, 2, 3, 8, 10] |S|=12 orbits=[10, 2] |Aut|=20 dev=0.00e+00 restorable=True transitive=False
    COUNTEREXAMPLE k=5 cols=[1, 2, 3, 9, 10] |S|=12 orbits=[10, 2] |Aut|=20 dev=0.00e+00 restorable=True transitive=False
    COUNTEREXAMPLE k=5 cols=[1, 2, 4, 5, 6] |S|=12 orbits=[10, 2] |Aut|=20 dev=0.00e+00 restorable=True transitive=False
    COUNTEREXAMPLE k=5 cols=[1, 2, 4, 5, 7] |S|=12 orbits=[10, 2] |Aut|=20 dev=0.00e+00 restorable=True transitive=False
    COUNTEREXAMPLE k=5 cols=[1, 2, 4, 5, 8] |S|=12 orbits=[10, 2] |Aut|=20 dev=0.00e+00 restorable=True transitive=False
    COUNTEREXAMPLE k=5 cols=[1, 2, 4, 5, 10] |S|=12 orbits=[10, 2] |Aut|=20 dev=0.00e+00 restorable=True transitive=False
    COUNTEREXAMPLE k=5 cols=[1, 2, 4, 6, 7] |S|=12 orbits=[10, 2] |Aut|=20 dev=0.00e+00 restorable=True transitive=False
    COUNTEREXAMPLE k=5 cols=[1, 2, 4, 6, 9] |S|=12 orbits=[10, 2] |Aut|=20 dev=0.00e+00 restorable=True transitive=False
    COUNTEREXAMPLE k=5 cols=[1, 2, 4, 6, 10] |S|=12 orbits=[10, 2] |Aut|=20 dev=0.00e+00 restorable=True transitive=False
    COUNTEREXAMPLE k=5 cols=[1, 2, 4, 7, 8] |S|=12 orbits=[10, 2] |Aut|=20 dev=0.00e+00 restorable=True transitive=False
    COUNTEREXAMPLE k=5 cols=[1, 2, 4, 7, 9] |S|=12 orbits=[10, 2] |Aut|=20 dev=0.00e+00 restorable=True transitive=False
    COUNTEREXAMPLE k=5 cols=[1, 2, 4, 7, 10] |S|=12 orbits=[10, 2] |Aut|=20 dev=0.00e+00 restorable=True transitive=False
    COUNTEREXAMPLE k=5 cols=[1, 2, 4, 8, 9] |S|=12 orbits=[10, 2] |Aut|=20 dev=0.00e+00 restorable=True transitive=False
    COUNTEREXAMPLE k=5 cols=[1, 2, 4, 8, 10] |S|=12 orbits=[10, 2] |Aut|=20 dev=0.00e+00 restorable=True transitive=False
    COUNTEREXAMPLE k=5 cols=[1, 2, 4, 9, 10] |S|=12 orbits=[10, 2] |Aut|=20 dev=0.00e+00 restorable=True transitive=False
    COUNTEREXAMPLE k=5 cols=[1, 2, 5, 6, 7] |S|=12 orbits=[10, 2] |Aut|=20 dev=0.00e+00 restorable=True transitive=False
    COUNTEREXAMPLE k=5 cols=[1, 2, 5, 6, 8] |S|=12 orbits=[10, 2] |Aut|=20 dev=0.00e+00 restorable=True transitive=False
    COUNTEREXAMPLE k=5 cols=[1, 2, 5, 6, 9] |S|=12 orbits=[10, 2] |Aut|=20 dev=0.00e+00 restorable=True transitive=False
    COUNTEREXAMPLE k=5 cols=[1, 2, 5, 6, 10] |S|=12 orbits=[10, 2] |Aut|=20 dev=0.00e+00 restorable=True transitive=False
    COUNTEREXAMPLE k=5 cols=[1, 2, 5, 7, 8] |S|=12 orbits=[10, 2] |Aut|=20 dev=0.00e+00 restorable=True transitive=False
    COUNTEREXAMPLE k=5 cols=[1, 2, 5, 7, 9] |S|=12 orbits=[10, 2] |Aut|=20 dev=0.00e+00 restorable=True transitive=False
    COUNTEREXAMPLE k=5 cols=[1, 2, 5, 8, 9] |S|=12 orbits=[10, 2] |Aut|=20 dev=0.00e+00 restorable=True transitive=False
    COUNTEREXAMPLE k=5 cols=[1, 2, 5, 8, 10] |S|=12 orbits=[10, 2] |Aut|=20 dev=0.00e+00 restorable=True transitive=False
    COUNTEREXAMPLE k=5 cols=[1, 2, 5, 9, 10] |S|=12 orbits=[10, 2] |Aut|=20 dev=0.00e+00 restorable=True transitive=False
    COUNTEREXAMPLE k=5 cols=[1, 2, 6, 7, 8] |S|=12 orbits=[10, 2] |Aut|=20 dev=0.00e+00 restorable=True transitive=False
    COUNTEREXAMPLE k=5 cols=[1, 2, 6, 7, 9] |S|=12 orbits=[10, 2] |Aut|=20 dev=0.00e+00 restorable=True transitive=False
    COUNTEREXAMPLE k=5 cols=[1, 2, 6, 7, 10] |S|=12 orbits=[10, 2] |Aut|=20 dev=0.00e+00 restorable=True transitive=False
    COUNTEREXAMPLE k=5 cols=[1, 2, 6, 8, 9] |S|=12 orbits=[10, 2] |Aut|=20 dev=0.00e+00 restorable=True transitive=False
    COUNTEREXAMPLE k=5 cols=[1, 2, 6, 8, 10] |S|=12 orbits=[10, 2] |Aut|=20 dev=0.00e+00 restorable=True transitive=False
    COUNTEREXAMPLE k=5 cols=[1, 2, 7, 8, 10] |S|=12 orbits=[10, 2] |Aut|=20 dev=0.00e+00 restorable=True transitive=False
    COUNTEREXAMPLE k=5 cols=[1, 2, 7, 9, 10] |S|=12 orbits=[10, 2] |Aut|=20 dev=0.00e+00 restorable=True transitive=False
    COUNTEREXAMPLE k=5 cols=[1, 2, 8, 9, 10] |S|=12 orbits=[10, 2] |Aut|=20 dev=0.00e+00 restorable=True transitive=False
    COUNTEREXAMPLE k=5 cols=[1, 3, 4, 5, 7] |S|=12 orbits=[10, 2] |Aut|=20 dev=0.00e+00 restorable=True transitive=False
    COUNTEREXAMPLE k=5 cols=[1, 3, 4, 5, 8] |S|=12 orbits=[10, 2] |Aut|=20 dev=0.00e+00 restorable=True transitive=False
    COUNTEREXAMPLE k=5 cols=[1, 3, 4, 5, 9] |S|=12 orbits=[10, 2] |Aut|=20 dev=0.00e+00 restorable=True transitive=False
    COUNTEREXAMPLE k=5 cols=[1, 3, 4, 5, 10] |S|=12 orbits=[10, 2] |Aut|=20 dev=0.00e+00 restorable=True transitive=False
    COUNTEREXAMPLE k=5 cols=[1, 3, 4, 6, 7] |S|=12 orbits=[10, 2] |Aut|=20 dev=0.00e+00 restorable=True transitive=False
    COUNTEREXAMPLE k=5 cols=[1, 3, 4, 6, 8] |S|=12 orbits=[10, 2] |Aut|=20 dev=0.00e+00 restorable=True transitive=False
    COUNTEREXAMPLE k=5 cols=[1, 3, 4, 6, 9] |S|=12 orbits=[10, 2] |Aut|=20 dev=0.00e+00 restorable=True transitive=False
    COUNTEREXAMPLE k=5 cols=[1, 3, 4, 6, 10] |S|=12 orbits=[10, 2] |Aut|=20 dev=0.00e+00 restorable=True transitive=False
    COUNTEREXAMPLE k=5 cols=[1, 3, 4, 7, 8] |S|=12 orbits=[10, 2] |Aut|=20 dev=0.00e+00 restorable=True transitive=False
    COUNTEREXAMPLE k=5 cols=[1, 3, 4, 7, 10] |S|=12 orbits=[10, 2] |Aut|=20 dev=0.00e+00 restorable=True transitive=False
    COUNTEREXAMPLE k=5 cols=[1, 3, 4, 8, 9] |S|=12 orbits=[10, 2] |Aut|=20 dev=0.00e+00 restorable=True transitive=False
    COUNTEREXAMPLE k=5 cols=[1, 3, 4, 8, 10] |S|=12 orbits=[10, 2] |Aut|=20 dev=0.00e+00 restorable=True transitive=False
    COUNTEREXAMPLE k=5 cols=[1, 3, 4, 9, 10] |S|=12 orbits=[10, 2] |Aut|=20 dev=0.00e+00 restorable=True transitive=False
    COUNTEREXAMPLE k=5 cols=[1, 3, 5, 6, 7] |S|=12 orbits=[10, 2] |Aut|=20 dev=0.00e+00 restorable=True transitive=False
    COUNTEREXAMPLE k=5 cols=[1, 3, 5, 6, 8] |S|=12 orbits=[10, 2] |Aut|=20 dev=0.00e+00 restorable=True transitive=False
    COUNTEREXAMPLE k=5 cols=[1, 3, 5, 6, 9] |S|=12 orbits=[10, 2] |Aut|=20 dev=0.00e+00 restorable=True transitive=False
    COUNTEREXAMPLE k=5 cols=[1, 3, 5, 6, 10] |S|=12 orbits=[10, 2] |Aut|=20 dev=0.00e+00 restorable=True transitive=False
    COUNTEREXAMPLE k=5 cols=[1, 3, 5, 7, 8] |S|=12 orbits=[10, 2] |Aut|=20 dev=0.00e+00 restorable=True transitive=False
    COUNTEREXAMPLE k=5 cols=[1, 3, 5, 7, 9] |S|=12 orbits=[10, 2] |Aut|=20 dev=0.00e+00 restorable=True transitive=False
    COUNTEREXAMPLE k=5 cols=[1, 3, 5, 7, 10] |S|=12 orbits=[10, 2] |Aut|=20 dev=0.00e+00 restorable=True transitive=False
    COUNTEREXAMPLE k=5 cols=[1, 3, 5, 8, 9] |S|=12 orbits=[10, 2] |Aut|=20 dev=0.00e+00 restorable=True transitive=False
    COUNTEREXAMPLE k=5 cols=[1, 3, 5, 8, 10] |S|=12 orbits=[10, 2] |Aut|=20 dev=0.00e+00 restorable=True transitive=False
    COUNTEREXAMPLE k=5 cols=[1, 3, 6, 7, 8] |S|=12 orbits=[10, 2] |Aut|=20 dev=0.00e+00 restorable=True transitive=False
    COUNTEREXAMPLE k=5 cols=[1, 3, 6, 7, 9] |S|=12 orbits=[10, 2] |Aut|=20 dev=0.00e+00 restorable=True transitive=False
    COUNTEREXAMPLE k=5 cols=[1, 3, 6, 7, 10] |S|=12 orbits=[10, 2] |Aut|=20 dev=0.00e+00 restorable=True transitive=False
    COUNTEREXAMPLE k=5 cols=[1, 3, 6, 8, 10] |S|=12 orbits=[10, 2] |Aut|=20 dev=0.00e+00 restorable=True transitive=False
    COUNTEREXAMPLE k=5 cols=[1, 3, 6, 9, 10] |S|=12 orbits=[10, 2] |Aut|=20 dev=0.00e+00 restorable=True transitive=False
    COUNTEREXAMPLE k=5 cols=[1, 3, 7, 8, 9] |S|=12 orbits=[10, 2] |Aut|=20 dev=0.00e+00 restorable=True transitive=False
    COUNTEREXAMPLE k=5 cols=[1, 3, 7, 9, 10] |S|=12 orbits=[10, 2] |Aut|=20 dev=0.00e+00 restorable=True transitive=False
    COUNTEREXAMPLE k=5 cols=[1, 3, 8, 9, 10] |S|=12 orbits=[10, 2] |Aut|=20 dev=0.00e+00 restorable=True transitive=False
    COUNTEREXAMPLE k=5 cols=[1, 4, 5, 6, 7] |S|=12 orbits=[10, 2] |Aut|=20 dev=0.00e+00 restorable=True transitive=False
    COUNTEREXAMPLE k=5 cols=[1, 4, 5, 6, 8] |S|=12 orbits=[10, 2] |Aut|=20 dev=0.00e+00 restorable=True transitive=False
    COUNTEREXAMPLE k=5 cols=[1, 4, 5, 6, 9] |S|=12 orbits=[10, 2] |Aut|=20 dev=0.00e+00 restorable=True transitive=False
    COUNTEREXAMPLE k=5 cols=[1, 4, 5, 6, 10] |S|=12 orbits=[10, 2] |Aut|=20 dev=0.00e+00 restorable=True transitive=False
    COUNTEREXAMPLE k=5 cols=[1, 4, 5, 7, 9] |S|=12 orbits=[10, 2] |Aut|=20 dev=0.00e+00 restorable=True transitive=False
    COUNTEREXAMPLE k=5 cols=[1, 4, 5, 7, 10] |S|=12 orbits=[10, 2] |Aut|=20 dev=0.00e+00 restorable=True transitive=False
    COUNTEREXAMPLE k=5 cols=[1, 4, 5, 8, 9] |S|=12 orbits=[10, 2] |Aut|=20 dev=0.00e+00 restorable=True transitive=False
    COUNTEREXAMPLE k=5 cols=[1, 4, 5, 8, 10] |S|=12 orbits=[10, 2] |Aut|=20 dev=0.00e+00 restorable=True transitive=False
    COUNTEREXAMPLE k=5 cols=[1, 4, 5, 9, 10] |S|=12 orbits=[10, 2] |Aut|=20 dev=0.00e+00 restorable=True transitive=False
    COUNTEREXAMPLE k=5 cols=[1, 4, 6, 7, 8] |S|=12 orbits=[10, 2] |Aut|=20 dev=0.00e+00 restorable=True transitive=False
    COUNTEREXAMPLE k=5 cols=[1, 4, 6, 7, 9] |S|=12 orbits=[10, 2] |Aut|=20 dev=0.00e+00 restorable=True transitive=False
    COUNTEREXAMPLE k=5 cols=[1, 4, 6, 8, 9] |S|=12 orbits=[10, 2] |Aut|=20 dev=0.00e+00 restorable=True transitive=False
    COUNTEREXAMPLE k=5 cols=[1, 4, 6, 8, 10] |S|=12 orbits=[10, 2] |Aut|=20 dev=0.00e+00 restorable=True transitive=False
    COUNTEREXAMPLE k=5 cols=[1, 4, 6, 9, 10] |S|=12 orbits=[10, 2] |Aut|=20 dev=0.00e+00 restorable=True transitive=False
    COUNTEREXAMPLE k=5 cols=[1, 4, 7, 8, 9] |S|=12 orbits=[10, 2] |Aut|=20 dev=0.00e+00 restorable=True transitive=False
    COUNTEREXAMPLE k=5 cols=[1, 4, 7, 8, 10] |S|=12 orbits=[10, 2] |Aut|=20 dev=0.00e+00 restorable=True transitive=False
    COUNTEREXAMPLE k=5 cols=[1, 4, 7, 9, 10] |S|=12 orbits=[10, 2] |Aut|=20 dev=0.00e+00 restorable=True transitive=False
    COUNTEREXAMPLE k=5 cols=[1, 5, 6, 7, 8] |S|=12 orbits=[10, 2] |Aut|=20 dev=0.00e+00 restorable=True transitive=False
    COUNTEREXAMPLE k=5 cols=[1, 5, 6, 7, 10] |S|=12 orbits=[10, 2] |Aut|=20 dev=0.00e+00 restorable=True transitive=False
    COUNTEREXAMPLE k=5 cols=[1, 5, 6, 8, 9] |S|=12 orbits=[10, 2] |Aut|=20 dev=0.00e+00 restorable=True transitive=False
    COUNTEREXAMPLE k=5 cols=[1, 5, 6, 9, 10] |S|=12 orbits=[10, 2] |Aut|=20 dev=0.00e+00 restorable=True transitive=False
    COUNTEREXAMPLE k=5 cols=[1, 5, 7, 8, 9] |S|=12 orbits=[10, 2] |Aut|=20 dev=0.00e+00 restorable=True transitive=False
    COUNTEREXAMPLE k=5 cols=[1, 5, 7, 8, 10] |S|=12 orbits=[10, 2] |Aut|=20 dev=0.00e+00 restorable=True transitive=False
    COUNTEREXAMPLE k=5 cols=[1, 5, 7, 9, 10] |S|=12 orbits=[10, 2] |Aut|=20 dev=0.00e+00 restorable=True transitive=False
    COUNTEREXAMPLE k=5 cols=[1, 5, 8, 9, 10] |S|=12 orbits=[10, 2] |Aut|=20 dev=0.00e+00 restorable=True transitive=False
    COUNTEREXAMPLE k=5 cols=[1, 6, 7, 8, 9] |S|=12 orbits=[10, 2] |Aut|=20 dev=0.00e+00 restorable=True transitive=False
    COUNTEREXAMPLE k=5 cols=[1, 6, 7, 8, 10] |S|=12 orbits=[10, 2] |Aut|=20 dev=0.00e+00 restorable=True transitive=False
    COUNTEREXAMPLE k=5 cols=[1, 6, 7, 9, 10] |S|=12 orbits=[10, 2] |Aut|=20 dev=0.00e+00 restorable=True transitive=False
    COUNTEREXAMPLE k=5 cols=[1, 6, 8, 9, 10] |S|=12 orbits=[10, 2] |Aut|=20 dev=0.00e+00 restorable=True transitive=False
    COUNTEREXAMPLE k=5 cols=[1, 7, 8, 9, 10] |S|=12 orbits=[10, 2] |Aut|=20 dev=0.00e+00 restorable=True transitive=False
    COUNTEREXAMPLE k=5 cols=[2, 3, 4, 5, 6] |S|=12 orbits=[10, 2] |Aut|=20 dev=0.00e+00 restorable=True transitive=False
    COUNTEREXAMPLE k=5 cols=[2, 3, 4, 5, 7] |S|=12 orbits=[10, 2] |Aut|=20 dev=0.00e+00 restorable=True transitive=False
    COUNTEREXAMPLE k=5 cols=[2, 3, 4, 5, 8] |S|=12 orbits=[10, 2] |Aut|=20 dev=0.00e+00 restorable=True transitive=False
    COUNTEREXAMPLE k=5 cols=[2, 3, 4, 5, 9] |S|=12 orbits=[10, 2] |Aut|=20 dev=0.00e+00 restorable=True transitive=False
    COUNTEREXAMPLE k=5 cols=[2, 3, 4, 5, 10] |S|=12 orbits=[10, 2] |Aut|=20 dev=0.00e+00 restorable=True transitive=False
    COUNTEREXAMPLE k=5 cols=[2, 3, 4, 6, 7] |S|=12 orbits=[10, 2] |Aut|=20 dev=0.00e+00 restorable=True transitive=False
    COUNTEREXAMPLE k=5 cols=[2, 3, 4, 6, 8] |S|=12 orbits=[10, 2] |Aut|=20 dev=0.00e+00 restorable=True transitive=False
    COUNTEREXAMPLE k=5 cols=[2, 3, 4, 6, 10] |S|=12 orbits=[10, 2] |Aut|=20 dev=0.00e+00 restorable=True transitive=False
    COUNTEREXAMPLE k=5 cols=[2, 3, 4, 7, 9] |S|=12 orbits=[10, 2] |Aut|=20 dev=0.00e+00 restorable=True transitive=False
    COUNTEREXAMPLE k=5 cols=[2, 3, 4, 7, 10] |S|=12 orbits=[10, 2] |Aut|=20 dev=0.00e+00 restorable=True transitive=False
    COUNTEREXAMPLE k=5 cols=[2, 3, 4, 8, 9] |S|=12 orbits=[10, 2] |Aut|=20 dev=0.00e+00 restorable=True transitive=False
    COUNTEREXAMPLE k=5 cols=[2, 3, 4, 8, 10] |S|=12 orbits=[10, 2] |Aut|=20 dev=0.00e+00 restorable=True transitive=False
    COUNTEREXAMPLE k=5 cols=[2, 3, 4, 9, 10] |S|=12 orbits=[10, 2] |Aut|=20 dev=0.00e+00 restorable=True transitive=False
    COUNTEREXAMPLE k=5 cols=[2, 3, 5, 6, 7] |S|=12 orbits=[10, 2] |Aut|=20 dev=0.00e+00 restorable=True transitive=False
    COUNTEREXAMPLE k=5 cols=[2, 3, 5, 6, 8] |S|=12 orbits=[10, 2] |Aut|=20 dev=0.00e+00 restorable=True transitive=False
    COUNTEREXAMPLE k=5 cols=[2, 3, 5, 6, 9] |S|=12 orbits=[10, 2] |Aut|=20 dev=0.00e+00 restorable=True transitive=False
    COUNTEREXAMPLE k=5 cols=[2, 3, 5, 7, 8] |S|=12 orbits=[10, 2] |Aut|=20 dev=0.00e+00 restorable=True transitive=False
    COUNTEREXAMPLE k=5 cols=[2, 3, 5, 7, 10] |S|=12 orbits=[10, 2] |Aut|=20 dev=0.00e+00 restorable=True transitive=False
    COUNTEREXAMPLE k=5 cols=[2, 3, 5, 8, 9] |S|=12 orbits=[10, 2] |Aut|=20 dev=0.00e+00 restorable=True transitive=False
    COUNTEREXAMPLE k=5 cols=[2, 3, 5, 8, 10] |S|=12 orbits=[10, 2] |Aut|=20 dev=0.00e+00 restorable=True transitive=False
    COUNTEREXAMPLE k=5 cols=[2, 3, 5, 9, 10] |S|=12 orbits=[10, 2] |Aut|=20 dev=0.00e+00 restorable=True transitive=False
    COUNTEREXAMPLE k=5 cols=[2, 3, 6, 7, 8] |S|=12 orbits=[10, 2] |Aut|=20 dev=0.00e+00 restorable=True transitive=False
    COUNTEREXAMPLE k=5 cols=[2, 3, 6, 7, 9] |S|=12 orbits=[10, 2] |Aut|=20 dev=0.00e+00 restorable=True transitive=False
    COUNTEREXAMPLE k=5 cols=[2, 3, 6, 7, 10] |S|=12 orbits=[10, 2] |Aut|=20 dev=0.00e+00 restorable=True transitive=False
    COUNTEREXAMPLE k=5 cols=[2, 3, 6, 8, 9] |S|=12 orbits=[10, 2] |Aut|=20 dev=0.00e+00 restorable=True transitive=False
    COUNTEREXAMPLE k=5 cols=[2, 3, 6, 8, 10] |S|=12 orbits=[10, 2] |Aut|=20 dev=0.00e+00 restorable=True transitive=False
    COUNTEREXAMPLE k=5 cols=[2, 3, 6, 9, 10] |S|=12 orbits=[10, 2] |Aut|=20 dev=0.00e+00 restorable=True transitive=False
    COUNTEREXAMPLE k=5 cols=[2, 3, 7, 8, 9] |S|=12 orbits=[10, 2] |Aut|=20 dev=0.00e+00 restorable=True transitive=False
    COUNTEREXAMPLE k=5 cols=[2, 3, 7, 8, 10] |S|=12 orbits=[10, 2] |Aut|=20 dev=0.00e+00 restorable=True transitive=False
    COUNTEREXAMPLE k=5 cols=[2, 3, 7, 9, 10] |S|=12 orbits=[10, 2] |Aut|=20 dev=0.00e+00 restorable=True transitive=False
    COUNTEREXAMPLE k=5 cols=[2, 4, 5, 6, 8] |S|=12 orbits=[10, 2] |Aut|=20 dev=0.00e+00 restorable=True transitive=False
    COUNTEREXAMPLE k=5 cols=[2, 4, 5, 6, 9] |S|=12 orbits=[10, 2] |Aut|=20 dev=0.00e+00 restorable=True transitive=False
    COUNTEREXAMPLE k=5 cols=[2, 4, 5, 6, 10] |S|=12 orbits=[10, 2] |Aut|=20 dev=0.00e+00 restorable=True transitive=False
    COUNTEREXAMPLE k=5 cols=[2, 4, 5, 7, 8] |S|=12 orbits=[10, 2] |Aut|=20 dev=0.00e+00 restorable=True transitive=False
    COUNTEREXAMPLE k=5 cols=[2, 4, 5, 7, 9] |S|=12 orbits=[10, 2] |Aut|=20 dev=0.00e+00 restorable=True transitive=False
    COUNTEREXAMPLE k=5 cols=[2, 4, 5, 7, 10] |S|=12 orbits=[10, 2] |Aut|=20 dev=0.00e+00 restorable=True transitive=False
    COUNTEREXAMPLE k=5 cols=[2, 4, 5, 8, 9] |S|=12 orbits=[10, 2] |Aut|=20 dev=0.00e+00 restorable=True transitive=False
    COUNTEREXAMPLE k=5 cols=[2, 4, 5, 9, 10] |S|=12 orbits=[10, 2] |Aut|=20 dev=0.00e+00 restorable=True transitive=False
    COUNTEREXAMPLE k=5 cols=[2, 4, 6, 7, 8] |S|=12 orbits=[10, 2] |Aut|=20 dev=0.00e+00 restorable=True transitive=False
    COUNTEREXAMPLE k=5 cols=[2, 4, 6, 7, 9] |S|=12 orbits=[10, 2] |Aut|=20 dev=0.00e+00 restorable=True transitive=False
    COUNTEREXAMPLE k=5 cols=[2, 4, 6, 7, 10] |S|=12 orbits=[10, 2] |Aut|=20 dev=0.00e+00 restorable=True transitive=False
    COUNTEREXAMPLE k=5 cols=[2, 4, 6, 8, 9] |S|=12 orbits=[10, 2] |Aut|=20 dev=0.00e+00 restorable=True transitive=False
    COUNTEREXAMPLE k=5 cols=[2, 4, 6, 8, 10] |S|=12 orbits=[10, 2] |Aut|=20 dev=0.00e+00 restorable=True transitive=False
    COUNTEREXAMPLE k=5 cols=[2, 4, 6, 9, 10] |S|=12 orbits=[10, 2] |Aut|=20 dev=0.00e+00 restorable=True transitive=False
    COUNTEREXAMPLE k=5 cols=[2, 4, 7, 8, 9] |S|=12 orbits=[10, 2] |Aut|=20 dev=0.00e+00 restorable=True transitive=False
    COUNTEREXAMPLE k=5 cols=[2, 4, 7, 8, 10] |S|=12 orbits=[10, 2] |Aut|=20 dev=0.00e+00 restorable=True transitive=False
    COUNTEREXAMPLE k=5 cols=[2, 4, 8, 9, 10] |S|=12 orbits=[10, 2] |Aut|=20 dev=0.00e+00 restorable=True transitive=False
    COUNTEREXAMPLE k=5 cols=[2, 5, 6, 7, 8] |S|=12 orbits=[10, 2] |Aut|=20 dev=0.00e+00 restorable=True transitive=False
    COUNTEREXAMPLE k=5 cols=[2, 5, 6, 7, 9] |S|=12 orbits=[10, 2] |Aut|=20 dev=0.00e+00 restorable=True transitive=False
    COUNTEREXAMPLE k=5 cols=[2, 5, 6, 7, 10] |S|=12 orbits=[10, 2] |Aut|=20 dev=0.00e+00 restorable=True transitive=False
    COUNTEREXAMPLE k=5 cols=[2, 5, 6, 8, 10] |S|=12 orbits=[10, 2] |Aut|=20 dev=0.00e+00 restorable=True transitive=False
    COUNTEREXAMPLE k=5 cols=[2, 5, 6, 9, 10] |S|=12 orbits=[10, 2] |Aut|=20 dev=0.00e+00 restorable=True transitive=False
    COUNTEREXAMPLE k=5 cols=[2, 5, 7, 8, 9] |S|=12 orbits=[10, 2] |Aut|=20 dev=0.00e+00 restorable=True transitive=False
    COUNTEREXAMPLE k=5 cols=[2, 5, 7, 8, 10] |S|=12 orbits=[10, 2] |Aut|=20 dev=0.00e+00 restorable=True transitive=False
    COUNTEREXAMPLE k=5 cols=[2, 5, 7, 9, 10] |S|=12 orbits=[10, 2] |Aut|=20 dev=0.00e+00 restorable=True transitive=False
    COUNTEREXAMPLE k=5 cols=[2, 5, 8, 9, 10] |S|=12 orbits=[10, 2] |Aut|=20 dev=0.00e+00 restorable=True transitive=False
    COUNTEREXAMPLE k=5 cols=[2, 6, 7, 8, 9] |S|=12 orbits=[10, 2] |Aut|=20 dev=0.00e+00 restorable=True transitive=False
    COUNTEREXAMPLE k=5 cols=[2, 6, 7, 9, 10] |S|=12 orbits=[10, 2] |Aut|=20 dev=0.00e+00 restorable=True transitive=False
    COUNTEREXAMPLE k=5 cols=[2, 6, 8, 9, 10] |S|=12 orbits=[10, 2] |Aut|=20 dev=0.00e+00 restorable=True transitive=False
    COUNTEREXAMPLE k=5 cols=[2, 7, 8, 9, 10] |S|=12 orbits=[10, 2] |Aut|=20 dev=0.00e+00 restorable=True transitive=False
    COUNTEREXAMPLE k=5 cols=[3, 4, 5, 6, 7] |S|=12 orbits=[10, 2] |Aut|=20 dev=0.00e+00 restorable=True transitive=False
    COUNTEREXAMPLE k=5 cols=[3, 4, 5, 6, 8] |S|=12 orbits=[10, 2] |Aut|=20 dev=0.00e+00 restorable=True transitive=False
    COUNTEREXAMPLE k=5 cols=[3, 4, 5, 6, 9] |S|=12 orbits=[10, 2] |Aut|=20 dev=0.00e+00 restorable=True transitive=False
    COUNTEREXAMPLE k=5 cols=[3, 4, 5, 6, 10] |S|=12 orbits=[10, 2] |Aut|=20 dev=0.00e+00 restorable=True transitive=False
    COUNTEREXAMPLE k=5 cols=[3, 4, 5, 7, 8] |S|=12 orbits=[10, 2] |Aut|=20 dev=0.00e+00 restorable=True transitive=False
    COUNTEREXAMPLE k=5 cols=[3, 4, 5, 7, 9] |S|=12 orbits=[10, 2] |Aut|=20 dev=0.00e+00 restorable=True transitive=False
    COUNTEREXAMPLE k=5 cols=[3, 4, 5, 8, 10] |S|=12 orbits=[10, 2] |Aut|=20 dev=0.00e+00 restorable=True transitive=False
    COUNTEREXAMPLE k=5 cols=[3, 4, 5, 9, 10] |S|=12 orbits=[10, 2] |Aut|=20 dev=0.00e+00 restorable=True transitive=False
    COUNTEREXAMPLE k=5 cols=[3, 4, 6, 7, 8] |S|=12 orbits=[10, 2] |Aut|=20 dev=0.00e+00 restorable=True transitive=False
    COUNTEREXAMPLE k=5 cols=[3, 4, 6, 7, 9] |S|=12 orbits=[10, 2] |Aut|=20 dev=0.00e+00 restorable=True transitive=False
    COUNTEREXAMPLE k=5 cols=[3, 4, 6, 7, 10] |S|=12 orbits=[10, 2] |Aut|=20 dev=0.00e+00 restorable=True transitive=False
    COUNTEREXAMPLE k=5 cols=[3, 4, 6, 8, 9] |S|=12 orbits=[10, 2] |Aut|=20 dev=0.00e+00 restorable=True transitive=False
    COUNTEREXAMPLE k=5 cols=[3, 4, 6, 9, 10] |S|=12 orbits=[10, 2] |Aut|=20 dev=0.00e+00 restorable=True transitive=False
    COUNTEREXAMPLE k=5 cols=[3, 4, 7, 8, 9] |S|=12 orbits=[10, 2] |Aut|=20 dev=0.00e+00 restorable=True transitive=False
    COUNTEREXAMPLE k=5 cols=[3, 4, 7, 8, 10] |S|=12 orbits=[10, 2] |Aut|=20 dev=0.00e+00 restorable=True transitive=False
    COUNTEREXAMPLE k=5 cols=[3, 4, 7, 9, 10] |S|=12 orbits=[10, 2] |Aut|=20 dev=0.00e+00 restorable=True transitive=False
    COUNTEREXAMPLE k=5 cols=[3, 4, 8, 9, 10] |S|=12 orbits=[10, 2] |Aut|=20 dev=0.00e+00 restorable=True transitive=False
    COUNTEREXAMPLE k=5 cols=[3, 5, 6, 7, 9] |S|=12 orbits=[10, 2] |Aut|=20 dev=0.00e+00 restorable=True transitive=False
    COUNTEREXAMPLE k=5 cols=[3, 5, 6, 7, 10] |S|=12 orbits=[10, 2] |Aut|=20 dev=0.00e+00 restorable=True transitive=False
    COUNTEREXAMPLE k=5 cols=[3, 5, 6, 8, 9] |S|=12 orbits=[10, 2] |Aut|=20 dev=0.00e+00 restorable=True transitive=False
    COUNTEREXAMPLE k=5 cols=[3, 5, 6, 8, 10] |S|=12 orbits=[10, 2] |Aut|=20 dev=0.00e+00 restorable=True transitive=False
    COUNTEREXAMPLE k=5 cols=[3, 5, 6, 9, 10] |S|=12 orbits=[10, 2] |Aut|=20 dev=0.00e+00 restorable=True transitive=False
    COUNTEREXAMPLE k=5 cols=[3, 5, 7, 8, 9] |S|=12 orbits=[10, 2] |Aut|=20 dev=0.00e+00 restorable=True transitive=False
    COUNTEREXAMPLE k=5 cols=[3, 5, 7, 8, 10] |S|=12 orbits=[10, 2] |Aut|=20 dev=0.00e+00 restorable=True transitive=False
    COUNTEREXAMPLE k=5 cols=[3, 5, 7, 9, 10] |S|=12 orbits=[10, 2] |Aut|=20 dev=0.00e+00 restorable=True transitive=False
    COUNTEREXAMPLE k=5 cols=[3, 5, 8, 9, 10] |S|=12 orbits=[10, 2] |Aut|=20 dev=0.00e+00 restorable=True transitive=False
    COUNTEREXAMPLE k=5 cols=[3, 6, 7, 8, 9] |S|=12 orbits=[10, 2] |Aut|=20 dev=0.00e+00 restorable=True transitive=False
    COUNTEREXAMPLE k=5 cols=[3, 6, 7, 8, 10] |S|=12 orbits=[10, 2] |Aut|=20 dev=0.00e+00 restorable=True transitive=False
    COUNTEREXAMPLE k=5 cols=[3, 6, 8, 9, 10] |S|=12 orbits=[10, 2] |Aut|=20 dev=0.00e+00 restorable=True transitive=False
    COUNTEREXAMPLE k=5 cols=[3, 7, 8, 9, 10] |S|=12 orbits=[10, 2] |Aut|=20 dev=0.00e+00 restorable=True transitive=False
    COUNTEREXAMPLE k=5 cols=[4, 5, 6, 7, 8] |S|=12 orbits=[10, 2] |Aut|=20 dev=0.00e+00 restorable=True transitive=False
    COUNTEREXAMPLE k=5 cols=[4, 5, 6, 7, 9] |S|=12 orbits=[10, 2] |Aut|=20 dev=0.00e+00 restorable=True transitive=False
    COUNTEREXAMPLE k=5 cols=[4, 5, 6, 7, 10] |S|=12 orbits=[10, 2] |Aut|=20 dev=0.00e+00 restorable=True transitive=False
    COUNTEREXAMPLE k=5 cols=[4, 5, 6, 8, 9] |S|=12 orbits=[10, 2] |Aut|=20 dev=0.00e+00 restorable=True transitive=False
    COUNTEREXAMPLE k=5 cols=[4, 5, 6, 8, 10] |S|=12 orbits=[10, 2] |Aut|=20 dev=0.00e+00 restorable=True transitive=False
    COUNTEREXAMPLE k=5 cols=[4, 5, 7, 8, 9] |S|=12 orbits=[10, 2] |Aut|=20 dev=0.00e+00 restorable=True transitive=False
    COUNTEREXAMPLE k=5 cols=[4, 5, 7, 8, 10] |S|=12 orbits=[10, 2] |Aut|=20 dev=0.00e+00 restorable=True transitive=False
    COUNTEREXAMPLE k=5 cols=[4, 5, 7, 9, 10] |S|=12 orbits=[10, 2] |Aut|=20 dev=0.00e+00 restorable=True transitive=False
    COUNTEREXAMPLE k=5 cols=[4, 5, 8, 9, 10] |S|=12 orbits=[10, 2] |Aut|=20 dev=0.00e+00 restorable=True transitive=False
    COUNTEREXAMPLE k=5 cols=[4, 6, 7, 8, 10] |S|=12 orbits=[10, 2] |Aut|=20 dev=0.00e+00 restorable=True transitive=False
    COUNTEREXAMPLE k=5 cols=[4, 6, 7, 9, 10] |S|=12 orbits=[10, 2] |Aut|=20 dev=0.00e+00 restorable=True transitive=False
    COUNTEREXAMPLE k=5 cols=[4, 6, 8, 9, 10] |S|=12 orbits=[10, 2] |Aut|=20 dev=0.00e+00 restorable=True transitive=False
    COUNTEREXAMPLE k=5 cols=[4, 7, 8, 9, 10] |S|=12 orbits=[10, 2] |Aut|=20 dev=0.00e+00 restorable=True transitive=False
    COUNTEREXAMPLE k=5 cols=[5, 6, 7, 8, 9] |S|=12 orbits=[10, 2] |Aut|=20 dev=0.00e+00 restorable=True transitive=False
    COUNTEREXAMPLE k=5 cols=[5, 6, 7, 8, 10] |S|=12 orbits=[10, 2] |Aut|=20 dev=0.00e+00 restorable=True transitive=False
    COUNTEREXAMPLE k=5 cols=[5, 6, 7, 9, 10] |S|=12 orbits=[10, 2] |Aut|=20 dev=0.00e+00 restorable=True transitive=False
    COUNTEREXAMPLE k=5 cols=[5, 6, 8, 9, 10] |S|=12 orbits=[10, 2] |Aut|=20 dev=0.00e+00 restorable=True transitive=False
    COUNTEREXAMPLE k=5 cols=[6, 7, 8, 9, 10] |S|=12 orbits=[10, 2] |Aut|=20 dev=0.00e+00 restorable=True transitive=False
  k= 5:   462 subsets,  396 restorable, 396 H-IFF counterexamples, 0 undetermined [5s]
  k= 6:   462 subsets,    0 restorable,   0 H-IFF counterexamples, 0 undetermined [9s]
  k= 7:   330 subsets,    0 restorable,   0 H-IFF counterexamples, 0 undetermined [12s]
  k= 8:   165 subsets,    0 restorable,   0 H-IFF counterexamples, 0 undetermined [14s]
  k= 9:    55 subsets,   55 restorable,   0 H-IFF counterexamples, 0 undetermined [15s]
  k=10:    11 subsets,   11 restorable,   0 H-IFF counterexamples, 0 undetermined [15s]
  k=11:     1 subsets,    1 restorable,   0 H-IFF counterexamples, 0 undetermined [15s]

====================================================================================
CENSUS-12 COMPLETE — 1981 subsets, exhaustive
  decided 1981, undetermined 0
  restorable 628  <-- the ONLY population that can violate necessity
  H-IFF counterexamples 396   (63.1% of restorable)
  (T) violations 0  <-- must be 0
     k=5: 396 counterexamples of 396 restorable subsets
[15s] -> /home/emoore/CIRISOntology/scratchpad/rent_scaling_q1_census_12.json
