DEVICE: NVIDIA GeForce RTX 4090 Laptop GPU
================================================================================
GATE — instrument + enumeration.  All eight required (prereg section 7).
================================================================================
(1) fast solver vs array_cap_experiment.shareK (IPF), 2000 random states:  max|diff| = 6.399e-13   (< 1e-12 required)
(2) boundary-adjacent states (min cell ~1e-8), vs an independent 60-digit reference, 50 states:
      fast solver: max|diff| = 9.645e-15   (< 1e-9 required)
      IPF        : max|diff| = 4.598e-05   [diagnostic: IPF OVERSTATES the share on near-deterministic states]
(3) exact parity: I_C^(3) = 0.693147180559945   ln2 = 0.693147180559945   CF = 1.000000   TC = 0.693147   O-info = -0.693147   I_C^(2) = 0.00e+00
(4) exact independent: I_C^(3) = 0.000e+00   (< 1e-14 required)
(5) explicit 3-body coupling vs CLOSED FORM at K = 0.5/0.8146/0.9/1.2:  max|diff| = 4.441e-16   (< 1e-12 required)
      K=0.9 gives 0.284838 nats, NOT the 0.247 that SPIKE_SURVEY.md pairs with K=0.9 (0.247 is K=0.8146)
(6) sign-symmetry lemma, 2000 random Z2-symmetric states:  max|I_C^(3)| = 4.441e-16   (< 1e-12 required)
(8) enumeration bookkeeping: total configs 65536 == 2^16 -> True;  bond energy vs brute force on 200 random configs -> True
(7) *** VALIDITY *** exact 4x4 Ising, h=0, 49 temperatures x 5 geometries:  max|I_C^(3)| = 4.441e-16   (< 1e-12 required)
(9) precision on the REAL 4x4 Ising grid (worst-conditioned states incl. the near-deterministic corners), vs 60-digit reference:
      fast solver: max|diff| = 3.096e-16   (< 1e-12 required)
      IPF        : max|diff| = 1.433e-12   [diagnostic]

GATE VERDICT: PASS

exact 4x4 star peak at T=1.9862 (T/Tc=0.8753), h=0.2108 -> Monte Carlo slices anchored there

SEPARATION SCAN — L=16, T=2.2692 (T/Tc=1.000), h=0.0157
  r=1   excess=+7.0105e-04 z=  +74.07 N_eff=6.75e+04 F=777 
  r=2   excess=+2.5831e-03 z=  +96.20 N_eff=5.73e+04 F=915 
  r=3   excess=+4.0343e-03 z= +103.24 N_eff=5.39e+04 F=973 
  r=4   excess=+4.9425e-03 z= +106.38 N_eff=5.26e+04 F=997 
  r=6   excess=+5.2391e-03 z=  +95.08 N_eff=5.22e+04 F=1005 
  wrote /home/emoore/CIRISOntology/scratchpad/ising_mc_sep_L16.json  [tau_int = 2.61 x gap]

SEPARATION SCAN — L=32, T=2.2692 (T/Tc=1.000), h=0.0043
  r=1   excess=+5.0861e-04 z=   +6.28 N_eff=1.14e+04 F=4611 
  r=2   excess=+1.7963e-03 z=  +30.96 N_eff=9.58e+03 F=5472 
  r=3   excess=+2.7034e-03 z=  +30.10 N_eff=8.76e+03 F=5986 
  r=4   excess=+3.3122e-03 z=  +42.84 N_eff=8.30e+03 F=6313 
  r=6   excess=+4.1049e-03 z=  +38.84 N_eff=7.86e+03 F=6672 
  r=8   excess=+4.5748e-03 z=  +40.14 N_eff=7.68e+03 F=6829 
  r=12  excess=+4.7311e-03 z=  +40.33 N_eff=7.63e+03 F=6871 
  wrote /home/emoore/CIRISOntology/scratchpad/ising_mc_sep_L32.json  [tau_int = 4.26 x gap]
