====================================================================================================
BINARIZATION-MINTING TEST  N=384 L=768.0 cell=2.00 Mpc/h  n_real=4
  Does merging a FINE-GRAINED PAIRWISE-MAXENT state down to the median split
  manufacture b=2 sign-triple excess?  q has no order-3 content by construction.
====================================================================================================
  realisation 1/4 in 323.3s
  realisation 2/4 in 269.4s
  realisation 3/4 in 296.7s
  realisation 4/4 in 233.1s

====================================================================================================
E_manuf = the b=2 sign-triple excess of a FINE-GRAINED PAIRWISE-MAXENT state,
merged to the median split.  q has NO order-3 content, so any nonzero value here is
manufactured by the coarse-graining alone.   n_real = 4
====================================================================================================
  Each entry is mean +- SEM over realisations, with t = mean/SEM.  A SINGLE
  realisation cannot decide this: the surrogate reproduces the field's own sampled
  pair marginals, so E_manuf tracks E_field's noise realisation by realisation and
  only the ENSEMBLE MEAN separates manufacturing from noise propagation.

  F0   [GAUSSIAN -- ensemble mean must be 0 (sign-symmetry lemma). THE GATE.]
    R=   10  equilateral   E_field =  3.306e-04 +- 5.5e-04 (t= +0.6)
        b=  4  E_manuf =  4.205e-04 +- 3.7e-04 (t= +1.1) | E_field - E_manuf = -8.987e-05 +- 4.0e-04 (t= -0.2)
        b=  8  E_manuf =  4.606e-04 +- 4.4e-04 (t= +1.0) | E_field - E_manuf = -1.300e-04 +- 4.4e-04 (t= -0.3)
        b= 16  E_manuf =  5.000e-04 +- 4.6e-04 (t= +1.1) | E_field - E_manuf = -1.694e-04 +- 4.5e-04 (t= -0.4)
        b= 32  E_manuf =  5.167e-04 +- 4.7e-04 (t= +1.1) | E_field - E_manuf = -1.860e-04 +- 4.5e-04 (t= -0.4)
    R=   10       folded   E_field = -2.456e-04 +- 4.5e-04 (t= -0.6)
        b=  4  E_manuf = -9.351e-05 +- 4.6e-04 (t= -0.2) | E_field - E_manuf = -1.521e-04 +- 3.6e-04 (t= -0.4)
        b=  8  E_manuf = -1.211e-04 +- 5.2e-04 (t= -0.2) | E_field - E_manuf = -1.245e-04 +- 4.3e-04 (t= -0.3)
        b= 16  E_manuf = -1.322e-04 +- 5.4e-04 (t= -0.2) | E_field - E_manuf = -1.133e-04 +- 4.5e-04 (t= -0.3)
        b= 32  E_manuf = -1.302e-04 +- 5.5e-04 (t= -0.2) | E_field - E_manuf = -1.154e-04 +- 4.5e-04 (t= -0.3)
    R=   10     squeezed   E_field =  6.189e-05 +- 2.4e-04 (t= +0.3)
        b=  4  E_manuf =  2.227e-05 +- 1.1e-04 (t= +0.2) | E_field - E_manuf =  3.963e-05 +- 2.1e-04 (t= +0.2)
        b=  8  E_manuf = -7.523e-05 +- 1.1e-04 (t= -0.7) | E_field - E_manuf =  1.371e-04 +- 1.7e-04 (t= +0.8)
        b= 16  E_manuf = -2.608e-05 +- 1.2e-04 (t= -0.2) | E_field - E_manuf =  8.797e-05 +- 1.8e-04 (t= +0.5)
        b= 32  E_manuf = -3.332e-06 +- 1.0e-04 (t= -0.0) | E_field - E_manuf =  6.522e-05 +- 1.7e-04 (t= +0.4)
    R=   25  equilateral   E_field = -1.411e-03 +- 1.0e-03 (t= -1.4)
        b=  4  E_manuf = -1.095e-03 +- 3.1e-04 (t= -3.5) | E_field - E_manuf = -3.158e-04 +- 1.1e-03 (t= -0.3)
        b=  8  E_manuf = -9.604e-04 +- 3.9e-04 (t= -2.5) | E_field - E_manuf = -4.502e-04 +- 1.2e-03 (t= -0.4)
        b= 16  E_manuf = -1.135e-03 +- 3.4e-04 (t= -3.3) | E_field - E_manuf = -2.757e-04 +- 1.2e-03 (t= -0.2)
        b= 32  E_manuf = -1.148e-03 +- 3.3e-04 (t= -3.5) | E_field - E_manuf = -2.621e-04 +- 1.2e-03 (t= -0.2)
    R=   25       folded   E_field = -1.325e-03 +- 2.1e-03 (t= -0.6)
        b=  4  E_manuf = -2.199e-03 +- 2.6e-03 (t= -0.9) | E_field - E_manuf =  8.741e-04 +- 1.6e-03 (t= +0.5)
        b=  8  E_manuf = -2.273e-03 +- 2.9e-03 (t= -0.8) | E_field - E_manuf =  9.478e-04 +- 1.8e-03 (t= +0.5)
        b= 16  E_manuf = -2.334e-03 +- 2.9e-03 (t= -0.8) | E_field - E_manuf =  1.009e-03 +- 1.8e-03 (t= +0.6)
        b= 32  E_manuf = -2.353e-03 +- 3.0e-03 (t= -0.8) | E_field - E_manuf =  1.028e-03 +- 1.9e-03 (t= +0.6)
    R=   25     squeezed   E_field = -3.545e-04 +- 3.3e-04 (t= -1.1)
        b=  4  E_manuf = -3.123e-04 +- 7.3e-04 (t= -0.4) | E_field - E_manuf = -4.221e-05 +- 7.5e-04 (t= -0.1)
        b=  8  E_manuf = -2.543e-04 +- 9.3e-04 (t= -0.3) | E_field - E_manuf = -1.002e-04 +- 9.4e-04 (t= -0.1)
        b= 16  E_manuf = -2.335e-04 +- 1.0e-03 (t= -0.2) | E_field - E_manuf = -1.210e-04 +- 1.0e-03 (t= -0.1)
        b= 32  E_manuf = -2.598e-04 +- 1.1e-03 (t= -0.2) | E_field - E_manuf = -9.471e-05 +- 1.0e-03 (t= -0.1)

  F2   [rank-matched pointwise floor -- a monotone map of a Gaussian, also 0]
    R=   10  equilateral   E_field = -7.505e-03 +- 2.6e-04 (t=-29.2)
        b=  4  E_manuf = -2.914e-04 +- 3.4e-04 (t= -0.9) | E_field - E_manuf = -7.213e-03 +- 4.1e-04 (t=-17.5)
        b=  8  E_manuf = -3.517e-04 +- 3.8e-04 (t= -0.9) | E_field - E_manuf = -7.153e-03 +- 4.3e-04 (t=-16.5)
        b= 16  E_manuf = -3.624e-04 +- 3.9e-04 (t= -0.9) | E_field - E_manuf = -7.142e-03 +- 4.5e-04 (t=-15.7)
        b= 32  E_manuf = -3.604e-04 +- 3.9e-04 (t= -0.9) | E_field - E_manuf = -7.144e-03 +- 4.6e-04 (t=-15.6)
    R=   10       folded   E_field =  1.001e-02 +- 4.5e-04 (t=+22.2)
        b=  4  E_manuf =  8.162e-04 +- 3.6e-04 (t= +2.3) | E_field - E_manuf =  9.192e-03 +- 3.0e-04 (t=+30.2)
        b=  8  E_manuf =  9.245e-04 +- 4.0e-04 (t= +2.3) | E_field - E_manuf =  9.084e-03 +- 2.8e-04 (t=+32.0)
        b= 16  E_manuf =  9.156e-04 +- 4.1e-04 (t= +2.2) | E_field - E_manuf =  9.093e-03 +- 2.9e-04 (t=+31.6)
        b= 32  E_manuf =  9.188e-04 +- 4.2e-04 (t= +2.2) | E_field - E_manuf =  9.090e-03 +- 3.0e-04 (t=+30.3)
    R=   10     squeezed   E_field = -2.286e-03 +- 1.8e-04 (t=-12.6)
        b=  4  E_manuf = -5.475e-05 +- 1.2e-04 (t= -0.5) | E_field - E_manuf = -2.231e-03 +- 2.1e-04 (t=-10.4)
        b=  8  E_manuf = -2.619e-06 +- 1.4e-04 (t= -0.0) | E_field - E_manuf = -2.283e-03 +- 2.1e-04 (t=-11.1)
        b= 16  E_manuf =  4.283e-05 +- 1.3e-04 (t= +0.3) | E_field - E_manuf = -2.328e-03 +- 1.9e-04 (t=-12.4)
        b= 32  E_manuf =  8.058e-05 +- 1.3e-04 (t= +0.6) | E_field - E_manuf = -2.366e-03 +- 1.8e-04 (t=-12.9)
    R=   25  equilateral   E_field = -5.454e-03 +- 1.3e-03 (t= -4.2)
        b=  4  E_manuf = -1.259e-03 +- 6.3e-04 (t= -2.0) | E_field - E_manuf = -4.195e-03 +- 1.2e-03 (t= -3.6)
        b=  8  E_manuf = -1.530e-03 +- 7.3e-04 (t= -2.1) | E_field - E_manuf = -3.924e-03 +- 1.3e-03 (t= -3.0)
        b= 16  E_manuf = -1.556e-03 +- 7.6e-04 (t= -2.1) | E_field - E_manuf = -3.898e-03 +- 1.3e-03 (t= -3.0)
        b= 32  E_manuf = -1.623e-03 +- 7.6e-04 (t= -2.1) | E_field - E_manuf = -3.831e-03 +- 1.3e-03 (t= -3.0)
    R=   25       folded   E_field =  4.659e-03 +- 2.5e-03 (t= +1.9)
        b=  4  E_manuf = -2.828e-03 +- 2.2e-03 (t= -1.3) | E_field - E_manuf =  7.487e-03 +- 1.7e-03 (t= +4.5)
        b=  8  E_manuf = -2.984e-03 +- 2.3e-03 (t= -1.3) | E_field - E_manuf =  7.643e-03 +- 1.9e-03 (t= +4.1)
        b= 16  E_manuf = -3.155e-03 +- 2.3e-03 (t= -1.4) | E_field - E_manuf =  7.814e-03 +- 1.9e-03 (t= +4.1)
        b= 32  E_manuf = -3.171e-03 +- 2.3e-03 (t= -1.4) | E_field - E_manuf =  7.830e-03 +- 1.9e-03 (t= +4.1)
    R=   25     squeezed   E_field = -1.749e-03 +- 4.8e-04 (t= -3.6)
        b=  4  E_manuf = -1.839e-04 +- 8.3e-04 (t= -0.2) | E_field - E_manuf = -1.565e-03 +- 4.4e-04 (t= -3.6)
        b=  8  E_manuf = -2.530e-04 +- 1.2e-03 (t= -0.2) | E_field - E_manuf = -1.496e-03 +- 8.5e-04 (t= -1.8)
        b= 16  E_manuf = -8.432e-05 +- 1.3e-03 (t= -0.1) | E_field - E_manuf = -1.664e-03 +- 8.7e-04 (t= -1.9)
        b= 32  E_manuf = -1.042e-04 +- 1.2e-03 (t= -0.1) | E_field - E_manuf = -1.644e-03 +- 8.6e-04 (t= -1.9)

  2LPT   [GRAVITY -- the number that matters]
    R=   10  equilateral   E_field =  1.298e-03 +- 3.1e-04 (t= +4.2)
        b=  4  E_manuf =  1.185e-03 +- 3.5e-04 (t= +3.4) | E_field - E_manuf =  1.122e-04 +- 3.3e-04 (t= +0.3)
        b=  8  E_manuf =  1.354e-03 +- 3.6e-04 (t= +3.7) | E_field - E_manuf = -5.633e-05 +- 3.8e-04 (t= -0.1)
        b= 16  E_manuf =  1.394e-03 +- 3.6e-04 (t= +3.9) | E_field - E_manuf = -9.657e-05 +- 3.7e-04 (t= -0.3)
        b= 32  E_manuf =  1.399e-03 +- 3.6e-04 (t= +3.9) | E_field - E_manuf = -1.016e-04 +- 3.6e-04 (t= -0.3)
    R=   10       folded   E_field =  5.900e-03 +- 3.3e-04 (t=+17.7)
        b=  4  E_manuf =  1.402e-03 +- 5.0e-04 (t= +2.8) | E_field - E_manuf =  4.497e-03 +- 5.9e-04 (t= +7.6)
        b=  8  E_manuf =  1.525e-03 +- 6.2e-04 (t= +2.5) | E_field - E_manuf =  4.374e-03 +- 7.1e-04 (t= +6.2)
        b= 16  E_manuf =  1.545e-03 +- 6.4e-04 (t= +2.4) | E_field - E_manuf =  4.355e-03 +- 7.2e-04 (t= +6.1)
        b= 32  E_manuf =  1.550e-03 +- 6.4e-04 (t= +2.4) | E_field - E_manuf =  4.350e-03 +- 7.2e-04 (t= +6.0)
    R=   10     squeezed   E_field =  3.965e-04 +- 1.8e-04 (t= +2.2)
        b=  4  E_manuf =  2.483e-04 +- 9.1e-05 (t= +2.7) | E_field - E_manuf =  1.482e-04 +- 1.7e-04 (t= +0.9)
        b=  8  E_manuf =  2.375e-04 +- 1.1e-04 (t= +2.1) | E_field - E_manuf =  1.590e-04 +- 1.9e-04 (t= +0.8)
        b= 16  E_manuf =  2.431e-04 +- 1.1e-04 (t= +2.3) | E_field - E_manuf =  1.534e-04 +- 1.9e-04 (t= +0.8)
        b= 32  E_manuf =  2.352e-04 +- 1.1e-04 (t= +2.1) | E_field - E_manuf =  1.613e-04 +- 1.9e-04 (t= +0.9)
    R=   25  equilateral   E_field = -2.303e-03 +- 1.6e-03 (t= -1.5)
        b=  4  E_manuf = -4.521e-05 +- 5.8e-04 (t= -0.1) | E_field - E_manuf = -2.258e-03 +- 1.3e-03 (t= -1.7)
        b=  8  E_manuf =  1.463e-04 +- 5.8e-04 (t= +0.3) | E_field - E_manuf = -2.449e-03 +- 1.3e-03 (t= -1.9)
        b= 16  E_manuf =  1.313e-05 +- 5.6e-04 (t= +0.0) | E_field - E_manuf = -2.316e-03 +- 1.3e-03 (t= -1.8)
        b= 32  E_manuf = -2.686e-05 +- 5.7e-04 (t= -0.0) | E_field - E_manuf = -2.276e-03 +- 1.2e-03 (t= -1.8)
    R=   25       folded   E_field =  1.990e-03 +- 2.4e-03 (t= +0.8)
        b=  4  E_manuf = -1.374e-03 +- 2.5e-03 (t= -0.5) | E_field - E_manuf =  3.363e-03 +- 1.5e-03 (t= +2.2)
        b=  8  E_manuf = -1.535e-03 +- 2.8e-03 (t= -0.6) | E_field - E_manuf =  3.524e-03 +- 1.7e-03 (t= +2.0)
        b= 16  E_manuf = -1.602e-03 +- 2.9e-03 (t= -0.6) | E_field - E_manuf =  3.591e-03 +- 1.8e-03 (t= +2.0)
        b= 32  E_manuf = -1.585e-03 +- 2.9e-03 (t= -0.5) | E_field - E_manuf =  3.575e-03 +- 1.8e-03 (t= +2.0)
    R=   25     squeezed   E_field = -7.288e-04 +- 4.2e-04 (t= -1.7)
        b=  4  E_manuf =  1.176e-04 +- 7.8e-04 (t= +0.2) | E_field - E_manuf = -8.464e-04 +- 9.9e-04 (t= -0.9)
        b=  8  E_manuf =  1.057e-04 +- 8.3e-04 (t= +0.1) | E_field - E_manuf = -8.345e-04 +- 1.1e-03 (t= -0.8)
        b= 16  E_manuf =  1.417e-04 +- 8.5e-04 (t= +0.2) | E_field - E_manuf = -8.704e-04 +- 1.1e-03 (t= -0.8)
        b= 32  E_manuf =  6.876e-05 +- 8.4e-04 (t= +0.1) | E_field - E_manuf = -7.975e-04 +- 1.0e-03 (t= -0.8)

  worst IPF certificate |share_H - share_KL| anywhere: 1.96e-11
