
a=(0.5, 0.5, 0.5) gamma=0.2  Route B (continuum) = 1.811594e-05
      b          A(b)          G(b)           A-G   (A-G)/B
      4  7.226162e-05  4.085428e-05  3.140733e-05    1.7337
      8  5.509718e-05  2.521427e-05  2.988291e-05    1.6495
     16  3.640508e-05  1.071957e-05  2.568551e-05    1.4178
     32  2.641956e-05  4.049495e-06  2.237007e-05    1.2348
     64  2.180489e-05  1.479927e-06  2.032497e-05    1.1219
     96  2.039485e-05  8.213466e-07  1.957350e-05    1.0805
    128  1.972485e-05  5.424109e-07  1.918244e-05    1.0589
    160  1.933638e-05  3.940403e-07  1.894234e-05    1.0456
  extrapolated A_inf = 1.842031e-05  (alpha=1.70)   B/A_inf = 0.9835   A(b=2)/A_inf = 1.1096

a=(0.5, 0.5, 0.5) gamma=0.05  Route B (continuum) = 1.132246e-06
      b          A(b)          G(b)           A-G   (A-G)/B
      4  4.282521e-05  4.085428e-05  1.970924e-06    1.7407
      8  2.709109e-05  2.521427e-05  1.876818e-06    1.6576
     16  1.233491e-05  1.071957e-05  1.615341e-06    1.4267
     32  5.458144e-06  4.049495e-06  1.408649e-06    1.2441
     64  2.761060e-06  1.479927e-06  1.281134e-06    1.1315
     96  2.055622e-06  8.213466e-07  1.234276e-06    1.0901
    128  1.752299e-06  5.424109e-07  1.209888e-06    1.0686
    160  1.588954e-06  3.940403e-07  1.194914e-06    1.0553
  extrapolated A_inf = 1.162347e-06  (alpha=1.70)   B/A_inf = 0.9741   A(b=2)/A_inf = 1.1050

a=(0.8, 0.6, 0.4) gamma=0.2  Route B (continuum) = 4.019487e-06
      b          A(b)          G(b)           A-G   (A-G)/B
      4  1.588496e-04  1.375114e-04  2.133821e-05    5.3087
      8  9.781399e-05  8.160276e-05  1.621123e-05    4.0332
     16  4.640765e-05  3.510865e-05  1.129900e-05    2.8111
     32  2.189546e-05  1.388564e-05  8.009811e-06    1.9927
     64  1.150806e-05  5.396164e-06  6.111893e-06    1.5206
     96  8.547879e-06  3.108737e-06  5.439142e-06    1.3532
    128  7.202164e-06  2.106412e-06  5.095752e-06    1.2678
    160  6.447549e-06  1.559733e-06  4.887816e-06    1.2160
  extrapolated A_inf = 4.450658e-06  (alpha=1.74)   B/A_inf = 0.9031   A(b=2)/A_inf = 4.7715

a=(0.8, 0.6, 0.4) gamma=0.05  Route B (continuum) = 2.512179e-07
      b          A(b)          G(b)           A-G   (A-G)/B
      4  1.388469e-04  1.375114e-04  1.335494e-06    5.3161
      8  8.261978e-05  8.160276e-05  1.017012e-06    4.0483
     16  3.581829e-05  3.510865e-05  7.096390e-07    2.8248
     32  1.438817e-05  1.388564e-05  5.025209e-07    2.0003
     64  5.778513e-06  5.396164e-06  3.823494e-07    1.5220
     96  3.448314e-06  3.108737e-06  3.395765e-07    1.3517
    128  2.424104e-06  2.106412e-06  3.176921e-07    1.2646
    160  1.864151e-06  1.559733e-06  3.044181e-07    1.2118
  extrapolated A_inf = 2.763985e-07  (alpha=1.74)   B/A_inf = 0.9089   A(b=2)/A_inf = 4.8109
