==============================================================================
GATE
==============================================================================
  [PASS] G1a general-b IPF vs fast b=2 solver (200 random states): max |diff| = 6.245e-16
  [PASS] G1b general-b IPF vs 60-digit mpmath (12 random states): max |diff| = 1.665e-16
  [PASS] G2a parity share = ln 2: 0.693147180559945 vs 0.693147180559945
  [PASS] G2b independent share = 0: 0.000e+00
  [PASS] G3a three-body coupling vs closed form K tanhK - ln coshK: max |diff| = 3.504e-16
  [PASS] G3b Route B at C=I equals 1/2 tanh^2 K: max |diff| = 0.000e+00
  [PASS] G4 sign-symmetric states read 0 (2000 random): max |share| = 3.105e-16
  [PASS] G5 latent Gaussian cells vs orthant identity (2/pi) arcsin(rho): max |diff| = 1.665e-16
  [PASS] G6 latent vs general-C Gaussian cells (independent quadratures): max |diff| = 9.992e-16
  [PASS] G7a standardised latent has mean 0 and variance 1 EXACTLY: max |err| = 2.220e-16
  [PASS] G7b its measured cum3 matches the nominal gamma (labelling only): max rel diff = 7.242e-09
  [PASS] G9a REPORTED QUANTITY converged under quadrature refinement (rel.): max rel change in share = 1.101e-11
  [PASS] G9b cell probabilities converged under quadrature refinement: max |diff| = 1.787e-14
  [PASS] G8 |share_H - share_KL| on the run's own states (b up to 16): max = 2.654e-15

GATE: ALL PASS

==============================================================================
A1  DISCRETISATION BIAS: the share of a BINNED GAUSSIAN (truth = 0)
==============================================================================
  a = (0.3, 0.3, 0.3)   rho_12 = 0.090
     b:           2           3           4           5           6           8          12          16          24          32
     I:   1.103e-16   6.501e-07   7.491e-07   6.972e-07   6.166e-07   4.720e-07   2.952e-07   2.036e-07   1.171e-07   7.822e-08
  a = (0.5, 0.5, 0.5)   rho_12 = 0.250
     b:           2           3           4           5           6           8          12          16          24          32
     I:  -2.173e-17   3.602e-05   4.085e-05   3.771e-05   3.317e-05   2.521e-05   1.563e-05   1.072e-05   6.110e-06   4.049e-06
  a = (0.7, 0.7, 0.7)   rho_12 = 0.490
     b:           2           3           4           5           6           8          12          16          24          32
     I:   3.701e-17   4.648e-04   4.959e-04   4.445e-04   3.851e-04   2.895e-04   1.803e-04   1.253e-04   7.353e-05   4.997e-05
  a = (0.9, 0.9, 0.9)   rho_12 = 0.810
     b:           2           3           4           5           6           8          12          16          24          32
     I:   9.995e-17   2.384e-03   2.397e-03   2.169e-03   1.921e-03   1.517e-03   1.027e-03   7.615e-04   4.908e-04   3.566e-04
  a = (0.4, 0.6, 0.8)   rho_12 = 0.240
     b:           2           3           4           5           6           8          12          16          24          32
     I:   2.458e-17   1.254e-04   1.375e-04   1.245e-04   1.084e-04   8.160e-05   5.069e-05   3.511e-05   2.050e-05   1.389e-05

==============================================================================
A2  THE LOGNORMAL IS A NULL: quantile-binned lognormal == binned Gaussian
==============================================================================
  a=(0.5, 0.5, 0.5) sigma_g=0.3:  max|share_LN - share_G| = 5.471e-17, max cell diff = 1.110e-16
  a=(0.5, 0.5, 0.5) sigma_g=1.0:  max|share_LN - share_G| = 3.247e-17, max cell diff = 2.082e-17
  a=(0.5, 0.5, 0.5) sigma_g=2.0:  max|share_LN - share_G| = 5.824e-17, max cell diff = 8.327e-17
  a=(0.8, 0.6, 0.4) sigma_g=0.3:  max|share_LN - share_G| = 1.282e-16, max cell diff = 8.327e-17
  a=(0.8, 0.6, 0.4) sigma_g=1.0:  max|share_LN - share_G| = 2.537e-17, max cell diff = 2.082e-17
  a=(0.8, 0.6, 0.4) sigma_g=2.0:  max|share_LN - share_G| = 7.579e-17, max cell diff = 1.249e-16

  The same lognormal's connected third cumulants (so the null is not vacuous):
    a=(0.5, 0.5, 0.5) sigma_g=0.3: zeta_123 = 1.5652e-03, 1-pt skewness = 0.9495, Route B numerator = 9.633e-02, Route B = 2.622e-06
    a=(0.5, 0.5, 0.5) sigma_g=1.0: zeta_123 = 2.6492e-01, 1-pt skewness = 6.1849, Route B numerator = 5.163e-02, Route B = 5.551e-03
    a=(0.5, 0.5, 0.5) sigma_g=2.0: zeta_123 = 1.3931e+01, 1-pt skewness = 414.3593, Route B numerator = 2.758e-03, Route B = 5.806e-01
    a=(0.8, 0.6, 0.4) sigma_g=0.3: zeta_123 = 2.9200e-03, 1-pt skewness = 0.9495, Route B numerator = 1.696e-01, Route B = 4.972e-06
    a=(0.8, 0.6, 0.4) sigma_g=1.0: zeta_123 = 5.6477e-01, 1-pt skewness = 6.1849, Route B numerator = 9.431e-02, Route B = 1.363e-02
    a=(0.8, 0.6, 0.4) sigma_g=2.0: zeta_123 = 5.3042e+01, 1-pt skewness = 414.3593, Route B numerator = 7.930e-03, Route B = 4.637e+00

==============================================================================
A5  WEAK-COUPLING SLOPE  d log I / d log gamma   (prediction: 2.00 +- 0.05)
==============================================================================
    gamma= 1.00e-01   I(b=2) =  5.13211e-06  (mp  5.13211e-06)   Route B =  4.52899e-06
    gamma= 3.00e-02   I(b=2) =  4.62503e-07  (mp  4.62503e-07)   Route B =  4.07609e-07
    gamma= 1.00e-02   I(b=2) =  5.13952e-08  (mp  5.13952e-08)   Route B =  4.52899e-08
    gamma= 3.00e-03   I(b=2) =  4.62563e-09  (mp  4.62563e-09)   Route B =  4.07609e-09
    gamma= 1.00e-03   I(b=2) =  5.13960e-10  (mp  5.13959e-10)   Route B =  4.52899e-10
    gamma= 3.00e-04   I(b=2) =  4.62554e-11  (mp  4.62553e-11)   Route B =  4.07604e-11
    gamma= 1.00e-04   I(b=2) =  5.13722e-12  (mp  5.13674e-12)   Route B =  4.52737e-12

    fitted slope (all points)      = 1.99991
    fitted slope (weakest 4 points) = 2.00015

==============================================================================
A3/A4  ROUTE A vs ROUTE B, swept over the non-Gaussianity amplitude
==============================================================================

  a = (0.5, 0.5, 0.5)   C_12=0.250 C_13=0.250 C_23=0.250
    gamma      A(b=2)          B2   B2/A2     B(cont)       A(48)       G(48)     A-G(48)   bias/A
        2  1.1125e-03  1.1121e-03  0.9996  1.8116e-03  1.2171e-03  2.2498e-06  1.2149e-03    0.002
        1  4.4067e-04  4.4060e-04  0.9998  4.5290e-04  4.4282e-04  2.2498e-06  4.4057e-04    0.005
      0.5  1.2381e-04  1.2381e-04  1.0000  1.1322e-04  1.2816e-04  2.2498e-06  1.2591e-04    0.018
      0.2  2.0439e-05  2.0438e-05  1.0000  1.8116e-05  2.3289e-05  2.2498e-06  2.1040e-05    0.097
      0.1  5.1321e-06  5.1321e-06  1.0000  4.5290e-06  7.5439e-06  2.2498e-06  5.2941e-06    0.298
     0.05  1.2844e-06  1.2844e-06  1.0000  1.1322e-06  3.5755e-06  2.2498e-06  1.3257e-06    0.629
     0.02  2.0557e-07  2.0557e-07  1.0000  1.8116e-07  2.4620e-06  2.2498e-06  2.1221e-07    0.914
     0.01  5.1395e-08  5.1395e-08  1.0000  4.5290e-08  2.3029e-06  2.2498e-06  5.3055e-08    0.977
    0.005  1.2849e-08  1.2849e-08  1.0000  1.1322e-08  2.2631e-06  2.2498e-06  1.3264e-08    0.994
    0.002  2.0558e-09  2.0558e-09  1.0000  1.8116e-09  2.2519e-06  2.2498e-06  2.1223e-09    0.999

  a = (0.8, 0.6, 0.4)   C_12=0.480 C_13=0.320 C_23=0.240
    gamma      A(b=2)          B2   B2/A2     B(cont)       A(48)       G(48)     A-G(48)   bias/A
        2  1.4564e-03  1.4554e-03  0.9994  4.0195e-04  4.8313e-04  7.9900e-06  4.7514e-04    0.017
        1  4.9905e-04  4.9893e-04  0.9998  1.0049e-04  1.6413e-04  7.9900e-06  1.5614e-04    0.049
      0.5  1.3126e-04  1.3125e-04  0.9999  2.5122e-05  4.9654e-05  7.9900e-06  4.1664e-05    0.161
      0.2  2.1236e-05  2.1236e-05  1.0000  4.0195e-06  1.4755e-05  7.9900e-06  6.7646e-06    0.542
      0.1  5.3170e-06  5.3169e-06  1.0000  1.0049e-06  9.6842e-06  7.9900e-06  1.6942e-06    0.825
     0.05  1.3297e-06  1.3297e-06  1.0000  2.5122e-07  8.4137e-06  7.9900e-06  4.2375e-07    0.950
     0.02  2.1278e-07  2.1278e-07  1.0000  4.0195e-08  8.0578e-06  7.9900e-06  6.7808e-08    0.992
     0.01  5.3195e-08  5.3195e-08  1.0000  1.0049e-08  8.0069e-06  7.9900e-06  1.6952e-08    0.998
    0.005  1.3299e-08  1.3299e-08  1.0000  2.5122e-09  7.9942e-06  7.9900e-06  4.2381e-09    0.999
    0.002  2.1278e-09  2.1278e-09  1.0000  4.0195e-10  7.9906e-06  7.9900e-06  6.7810e-10    1.000

  a = (0.3, 0.3, 0.3)   C_12=0.090 C_13=0.090 C_23=0.090
    gamma      A(b=2)          B2   B2/A2     B(cont)       A(48)       G(48)     A-G(48)   bias/A
        2  1.3347e-04  1.3347e-04  1.0000  5.0657e-04  4.9598e-04  4.3964e-08  4.9593e-04    0.000
        1  4.8336e-05  4.8336e-05  1.0000  1.2664e-04  1.3198e-04  4.3964e-08  1.3193e-04    0.000
      0.5  1.3483e-05  1.3483e-05  1.0000  3.1661e-05  3.2952e-05  4.3964e-08  3.2908e-05    0.001
      0.2  2.2280e-06  2.2280e-06  1.0000  5.0657e-06  5.2938e-06  4.3964e-08  5.2498e-06    0.008
      0.1  5.5959e-07  5.5959e-07  1.0000  1.2664e-06  1.3557e-06  4.3964e-08  1.3118e-06    0.032
     0.05  1.4006e-07  1.4006e-07  1.0000  3.1661e-07  3.7186e-07  4.3964e-08  3.2790e-07    0.118
     0.02  2.2417e-08  2.2417e-08  1.0000  5.0657e-08  9.6426e-08  4.3964e-08  5.2462e-08    0.456
     0.01  5.6046e-09  5.6046e-09  1.0000  1.2664e-08  5.7080e-08  4.3964e-08  1.3115e-08    0.770
    0.005  1.4012e-09  1.4012e-09  1.0000  3.1661e-09  4.7243e-08  4.3964e-08  3.2788e-09    0.931
    0.002  2.2419e-10  2.2419e-10  1.0000  5.0657e-10  4.4489e-08  4.3964e-08  5.2461e-10    0.988

  SCALING IN gamma over the weakest four amplitudes (prediction: 2 for a
  genuine share; 1 signals a cross term between artifact and signal):
                   a    A(b=2)    A(b=3)   A-G(b=3)   A(b=48)  A-G(b=48)
     (0.5, 0.5, 0.5)     2.000     0.003      2.000     0.036      2.000
     (0.8, 0.6, 0.4)     2.000     0.001      2.000     0.003      2.000
     (0.3, 0.3, 0.3)     2.000     0.023      2.000     0.320      2.000

elapsed 724.2s
