
==============================================================================
ARM 2 -- 3D FIELDS  (N=256, L=1000 Mpc/h, Gaussian smoothing R=8.0 Mpc/h)
==============================================================================
  backend: cupy/GPU   cell = 3.906 Mpc/h
  realisation 1/12 done
  realisation 2/12 done
  realisation 3/12 done
  realisation 4/12 done
  realisation 5/12 done
  realisation 6/12 done
  realisation 7/12 done
  realisation 8/12 done
  realisation 9/12 done
  realisation 10/12 done
  realisation 11/12 done
  realisation 12/12 done

  KILL K2 ON A 3D FIELD -- the lognormal's median split vs the Gaussian's:
    differing cells over 48 field pairs (16777216 cells each): max = 0

  === LOGNORMAL_PT LADDER (paired against its own amp=0 member) ===
                                   ROUTE A (share, b=2)                     ROUTE B (bispectrum)
     amp        S3   cfg          raw        floor       excess         +-       z |       floor      excess         +-       z
       0   -0.0107    T2   1.4083e-07   1.4083e-07   0.0000e+00   0.00e+00     nan |  2.0777e-06  0.0000e+00   0.00e+00     nan
       0   -0.0107    L4   3.7404e-07   3.7404e-07   0.0000e+00   0.00e+00     nan |  1.9981e-06  0.0000e+00   0.00e+00     nan
       0   -0.0107    T4   3.1953e-07   3.1953e-07   0.0000e+00   0.00e+00     nan |  1.9984e-06  0.0000e+00   0.00e+00     nan
       0   -0.0107    T8   2.2397e-07   2.2397e-07   0.0000e+00   0.00e+00     nan |  3.9064e-06  0.0000e+00   0.00e+00     nan
     0.2    3.0131    T2   1.4083e-07   1.4083e-07   0.0000e+00   0.00e+00     nan |  2.0777e-06 -2.9881e-08   4.71e-08   -0.63
     0.2    3.0131    L4   3.7404e-07   3.7404e-07   0.0000e+00   0.00e+00     nan |  1.9981e-06 -3.2697e-08   8.01e-08   -0.41
     0.2    3.0131    T4   3.1953e-07   3.1953e-07   0.0000e+00   0.00e+00     nan |  1.9984e-06 -3.6835e-08   5.50e-08   -0.67
     0.2    3.0131    T8   2.2397e-07   2.2397e-07   0.0000e+00   0.00e+00     nan |  3.9064e-06  2.1202e-07   1.40e-07    1.52
     0.5    3.3783    T2   1.4083e-07   1.4083e-07   0.0000e+00   0.00e+00     nan |  2.0777e-06 -6.8713e-08   2.03e-07   -0.34
     0.5    3.3783    L4   3.7404e-07   3.7404e-07   0.0000e+00   0.00e+00     nan |  1.9981e-06 -4.3802e-08   1.81e-07   -0.24
     0.5    3.3783    T4   3.1953e-07   3.1953e-07   0.0000e+00   0.00e+00     nan |  1.9984e-06 -8.7142e-08   1.46e-07   -0.60
     0.5    3.3783    T8   2.2397e-07   2.2397e-07   0.0000e+00   0.00e+00     nan |  3.9064e-06  5.1528e-07   3.22e-07    1.60
       1    4.9080    T2   1.4083e-07   1.4083e-07   0.0000e+00   0.00e+00     nan |  2.0777e-06  1.3659e-06   1.34e-06    1.02
       1    4.9080    L4   3.7404e-07   3.7404e-07   0.0000e+00   0.00e+00     nan |  1.9981e-06  5.2504e-08   3.13e-07    0.17
       1    4.9080    T4   3.1953e-07   3.1953e-07   0.0000e+00   0.00e+00     nan |  1.9984e-06  6.1791e-07   8.44e-07    0.73
       1    4.9080    T8   2.2397e-07   2.2397e-07   0.0000e+00   0.00e+00     nan |  3.9064e-06  7.9885e-07   5.04e-07    1.58
       2   21.6471    T2   1.4083e-07   1.4083e-07   0.0000e+00   0.00e+00     nan |  2.0777e-06  1.4247e-04   1.35e-05   10.53
       2   21.6471    L4   3.7404e-07   3.7404e-07   0.0000e+00   0.00e+00     nan |  1.9981e-06  6.6831e-06   2.26e-06    2.96
       2   21.6471    T4   3.1953e-07   3.1953e-07   0.0000e+00   0.00e+00     nan |  1.9984e-06  7.5126e-05   8.98e-06    8.36
       2   21.6471    T8   2.2397e-07   2.2397e-07   0.0000e+00   0.00e+00     nan |  3.9064e-06 -3.0545e-07   6.94e-07   -0.44

  === LOGNORMAL_SM LADDER (paired against its own amp=0 member) ===
                                   ROUTE A (share, b=2)                     ROUTE B (bispectrum)
     amp        S3   cfg          raw        floor       excess         +-       z |       floor      excess         +-       z
       0   -0.0107    T2   1.4083e-07   1.4083e-07   0.0000e+00   0.00e+00     nan |  2.0777e-06  0.0000e+00   0.00e+00     nan
       0   -0.0107    L4   3.7404e-07   3.7404e-07   0.0000e+00   0.00e+00     nan |  1.9981e-06  0.0000e+00   0.00e+00     nan
       0   -0.0107    T4   3.1953e-07   3.1953e-07   0.0000e+00   0.00e+00     nan |  1.9984e-06  0.0000e+00   0.00e+00     nan
       0   -0.0107    T8   2.2397e-07   2.2397e-07   0.0000e+00   0.00e+00     nan |  3.9064e-06  0.0000e+00   0.00e+00     nan
     0.2    3.5139    T2   6.1558e-07   1.4083e-07   4.7475e-07   1.74e-07    2.73 |  2.0777e-06  1.1761e-05   3.12e-06    3.77
     0.2    3.5139    L4   2.1611e-06   3.7404e-07   1.7871e-06   5.14e-07    3.47 |  1.9981e-06  1.9569e-05   3.73e-06    5.24
     0.2    3.5139    T4   8.5889e-07   3.1953e-07   5.3936e-07   3.00e-07    1.80 |  1.9984e-06  8.8017e-06   2.56e-06    3.44
     0.2    3.5139    T8   2.1702e-07   2.2397e-07  -6.9421e-09   3.06e-08   -0.23 |  3.9064e-06 -3.8871e-07   3.28e-07   -1.19
     0.5    3.5835    T2   3.7909e-06   1.4083e-07   3.6501e-06   4.01e-07    9.09 |  2.0777e-06  8.8291e-05   7.95e-06   11.11
     0.5    3.5835    L4   1.3237e-05   3.7404e-07   1.2863e-05   1.35e-06    9.55 |  1.9981e-06  1.2556e-04   9.24e-06   13.59
     0.5    3.5835    T4   4.7272e-06   3.1953e-07   4.4076e-06   7.15e-07    6.17 |  1.9984e-06  6.5657e-05   6.40e-06   10.27
     0.5    3.5835    T8   2.5936e-07   2.2397e-07   3.5393e-08   7.67e-08    0.46 |  3.9064e-06 -6.0526e-07   9.43e-07   -0.64
       1    3.7715    T2   1.6897e-05   1.4083e-07   1.6756e-05   7.23e-07   23.19 |  2.0777e-06  5.7626e-04   1.99e-05   28.97
       1    3.7715    L4   5.6089e-05   3.7404e-07   5.5715e-05   2.87e-06   19.38 |  1.9981e-06  5.1416e-04   2.13e-05   24.18
       1    3.7715    T4   1.9139e-05   3.1953e-07   1.8820e-05   1.22e-06   15.49 |  1.9984e-06  4.1237e-04   1.52e-05   27.10
       1    3.7715    T8   4.4627e-07   2.2397e-07   2.2230e-07   1.65e-07    1.35 |  3.9064e-06  1.5784e-06   2.60e-06    0.61
       2   15.7059    T2   7.0853e-05   1.4083e-07   7.0712e-05   1.52e-06   46.45 |  2.0777e-06  9.4029e-01   6.83e-01    1.38
       2   15.7059    L4   2.6562e-04   3.7404e-07   2.6525e-04   6.20e-06   42.78 |  1.9981e-06  1.6259e-02   9.27e-03    1.75
       2   15.7059    T4   7.6060e-05   3.1953e-07   7.5741e-05   2.09e-06   36.17 |  1.9984e-06  4.9860e-01   3.59e-01    1.39
       2   15.7059    T8   8.6838e-07   2.2397e-07   6.4442e-07   3.06e-07    2.11 |  3.9064e-06  2.6577e-03   1.91e-03    1.39

  === FNL LADDER (paired against its own amp=0 member) ===
                                   ROUTE A (share, b=2)                     ROUTE B (bispectrum)
     amp        S3   cfg          raw        floor       excess         +-       z |       floor      excess         +-       z
       0   -0.0107    T2   1.4083e-07   1.4083e-07   0.0000e+00   0.00e+00     nan |  2.0777e-06  0.0000e+00   0.00e+00     nan
       0   -0.0107    L4   3.7404e-07   3.7404e-07   0.0000e+00   0.00e+00     nan |  1.9981e-06  0.0000e+00   0.00e+00     nan
       0   -0.0107    T4   3.1953e-07   3.1953e-07   0.0000e+00   0.00e+00     nan |  1.9984e-06  0.0000e+00   0.00e+00     nan
       0   -0.0107    T8   2.2397e-07   2.2397e-07   0.0000e+00   0.00e+00     nan |  3.9064e-06  0.0000e+00   0.00e+00     nan
    0.03    0.5971    T2   1.3226e-07   1.4083e-07  -8.5653e-09   3.28e-08   -0.26 |  2.0777e-06  8.5272e-06   2.37e-06    3.60
    0.03    0.5971    L4   9.3448e-07   3.7404e-07   5.6044e-07   3.28e-07    1.71 |  1.9981e-06  6.8990e-05   6.65e-06   10.38
    0.03    0.5971    T4   3.5773e-07   3.1953e-07   3.8199e-08   1.93e-08    1.98 |  1.9984e-06  2.2981e-05   3.99e-06    5.75
    0.03    0.5971    T8   4.0087e-07   2.2397e-07   1.7690e-07   9.87e-08    1.79 |  3.9064e-06  1.1994e-05   2.77e-06    4.33
     0.1    1.9977    T2   2.4324e-07   1.4083e-07   1.0241e-07   1.10e-07    0.93 |  2.0777e-06  8.3681e-05   8.04e-06   10.40
     0.1    1.9977    L4   8.8381e-06   3.7404e-07   8.4641e-06   1.09e-06    7.79 |  1.9981e-06  7.4766e-04   2.30e-05   32.44
     0.1    1.9977    T4   4.5724e-07   3.1953e-07   1.3771e-07   6.95e-08    1.98 |  1.9984e-06  2.3536e-04   1.43e-05   16.51
     0.1    1.9977    T8   1.8255e-06   2.2397e-07   1.6015e-06   3.53e-07    4.54 |  3.9064e-06  8.9607e-05   9.89e-06    9.06
     0.3    5.5569    T2   5.7788e-06   1.4083e-07   5.6380e-06   6.09e-07    9.26 |  2.0777e-06  5.3191e-04   3.08e-05   17.29
     0.3    5.5569    L4   8.1900e-05   3.7404e-07   8.1526e-05   3.84e-06   21.21 |  1.9981e-06  5.0174e-03   1.17e-04   42.77
     0.3    5.5569    T4   1.5831e-06   3.1953e-07   1.2636e-06   5.35e-07    2.36 |  1.9984e-06  1.5148e-03   5.90e-05   25.66
     0.3    5.5569    T8   6.7373e-06   2.2397e-07   6.5133e-06   8.30e-07    7.85 |  3.9064e-06  4.6441e-04   3.31e-05   14.02
       1   11.0176    T2   1.0357e-04   1.4083e-07   1.0343e-04   2.82e-06   36.71 |  2.0777e-06  1.1484e-03   6.57e-05   17.49
       1   11.0176    L4   3.1524e-04   3.7404e-07   3.1487e-04   6.51e-06   48.35 |  1.9981e-06  1.2571e-02   3.14e-04   40.01
       1   11.0176    T4   1.0114e-04   3.1953e-07   1.0082e-04   5.18e-06   19.46 |  1.9984e-06  3.1956e-03   1.30e-04   24.65
       1   11.0176    T8   9.7148e-07   2.2397e-07   7.4751e-07   1.98e-07    3.77 |  3.9064e-06  5.0753e-04   5.52e-05    9.19
       3   12.6030    T2   1.4791e-04   1.4083e-07   1.4776e-04   3.60e-06   41.04 |  2.0777e-06  1.0949e-03   6.45e-05   16.99
       3   12.6030    L4   3.4330e-04   3.7404e-07   3.4292e-04   7.13e-06   48.08 |  1.9981e-06  1.3381e-02   2.70e-04   49.52
       3   12.6030    T4   1.6346e-04   3.1953e-07   1.6314e-04   5.32e-06   30.68 |  1.9984e-06  2.9684e-03   1.21e-04   24.50
       3   12.6030    T8   2.2761e-07   2.2397e-07   3.6447e-09   1.11e-07    0.03 |  3.9064e-06  2.6550e-04   3.88e-05    6.85
