====================================================================================================
SHOT-NOISE GATE (valve configuration)  N=384 L=768.0 cell=2.00 Mpc/h  V=0.453 (Gpc/h)^3  n_real=10
  nbar = [0.0001, 0.001, 0.01] (h/Mpc)^3 ; nbar*V_cell = [0.0008, 0.008, 0.08] counts per cell
====================================================================================================
  realisation 1/10 in 503.9s
  realisation 2/10 in 264.9s
  realisation 3/10 in 395.6s
  realisation 4/10 in 259.5s
  realisation 5/10 in 233.5s
  realisation 6/10 in 243.0s
  realisation 7/10 in 287.3s
  realisation 8/10 in 286.3s
  realisation 9/10 in 295.5s
  realisation 10/10 in 293.6s

====================================================================================================
PAIRED SHOT-NOISE TERM   mean[ E(nbar) - E(inf) ] +- SEM   over 10 realisations
====================================================================================================

  base = F0   [VALVE CONFIG: correlated, share exactly 0]
    R = 10 Mpc/h
          nbar  nbar*V_R  equilateral_r1.5       folded_r1.5     squeezed_r1.5    equilateral_r3
         1e-04       1.6   -1.10e-02/-22.0    1.45e-02/+31.4   -3.54e-03/-22.0   -2.92e-03/ -2.8
         1e-03      15.7   -4.90e-03/-12.7    6.04e-03/+23.5   -1.62e-03/-12.6   -2.22e-03/ -3.6
         1e-02     157.5   -3.70e-03/-23.4    3.73e-03/+20.1   -1.20e-03/-19.1   -2.81e-03/-10.4
    R = 25 Mpc/h
          nbar  nbar*V_R  equilateral_r1.5       folded_r1.5     squeezed_r1.5    equilateral_r3
         1e-04      24.6   -3.43e-03/ -2.3    3.81e-03/ +3.4   -1.30e-03/ -2.1   -2.02e-03/ -0.6
         1e-03     246.1   -1.01e-03/ -1.5    2.00e-03/ +2.3   -3.25e-04/ -1.3   -2.22e-03/ -1.9
         1e-02    2460.9   -7.97e-04/ -2.2    2.78e-03/+11.0   -2.46e-04/ -1.2   -1.19e-03/ -2.2

  base = WHITE   [PRODUCT state at the cell level: theorem says no minting]
    R = 10 Mpc/h
          nbar  nbar*V_R  equilateral_r1.5       folded_r1.5     squeezed_r1.5    equilateral_r3
         1e-04       1.6   -1.03e-02/-28.7    1.39e-02/+33.6   -3.36e-03/-28.2   -2.60e-03/ -4.1
         1e-03      15.7   -3.21e-03/ -6.3    4.18e-03/ +7.1   -1.08e-03/ -6.5   -8.68e-04/ -1.6
         1e-02     157.5   -1.44e-03/ -4.3    1.07e-03/ +1.9   -5.36e-04/ -5.0   -7.59e-04/ -1.5
    R = 25 Mpc/h
          nbar  nbar*V_R  equilateral_r1.5       folded_r1.5     squeezed_r1.5    equilateral_r3
         1e-04      24.6   -1.00e-03/ -1.0    1.88e-03/ +1.4   -5.88e-04/ -1.1   -1.71e-04/ -0.1
         1e-03     246.1    6.05e-04/ +0.5   -2.19e-04/ -0.2    1.16e-04/ +0.2    1.80e-03/ +0.5
         1e-02    2460.9    2.72e-04/ +0.2   -5.43e-04/ -0.3    1.66e-04/ +0.3    2.50e-04/ +0.1

  base = 2LPT   [gravity]
    R = 10 Mpc/h
          nbar  nbar*V_R  equilateral_r1.5       folded_r1.5     squeezed_r1.5    equilateral_r3
         1e-04       1.6   -1.32e-02/-30.6    9.17e-03/+17.6   -4.17e-03/-29.9   -1.10e-02/-11.8
         1e-03      15.7   -3.05e-03/-14.3    1.70e-03/ +6.8   -9.79e-04/-12.8   -2.96e-03/ -8.1
         1e-02     157.5   -4.60e-04/ -2.3    4.32e-04/ +2.7   -1.77e-04/ -3.1   -3.67e-04/ -1.3
    R = 25 Mpc/h
          nbar  nbar*V_R  equilateral_r1.5       folded_r1.5     squeezed_r1.5    equilateral_r3
         1e-04      24.6   -9.38e-04/ -1.0    1.45e-03/ +2.2   -2.44e-04/ -0.6    4.13e-04/ +0.2
         1e-03     246.1   -8.46e-04/ -1.4    8.68e-04/ +1.0   -3.68e-04/ -1.5    1.34e-03/ +0.8
         1e-02    2460.9    3.35e-04/ +1.0   -1.54e-04/ -0.5   -7.07e-05/ -0.4    8.36e-04/ +2.0
