gate-passing lambda: ['20.00', '20.50', '21.50', '22.00', '23.15', '25.00', '27.00']

  lam=20.00  xi= 2.27 A (21 extrema)  3xi= 6.82  L/2=19.58  r_far= 7.00  far_exists=True  tau=1.01 frames  tri/conf=3776
  lam=20.50  xi= 2.66 A (26 extrema)  3xi= 7.97  L/2=19.58  r_far= 7.97  far_exists=True  tau=1.00 frames  tri/conf=3847
  lam=21.50  xi= 2.04 A (22 extrema)  3xi= 6.13  L/2=19.58  r_far= 7.00  far_exists=True  tau=1.00 frames  tri/conf=3980
  lam=22.00  xi= 1.99 A (18 extrema)  3xi= 5.96  L/2=19.58  r_far= 7.00  far_exists=True  tau=1.01 frames  tri/conf=3995
  lam=23.15  xi= 1.94 A (8 extrema)  3xi= 5.81  L/2=19.58  r_far= 7.00  far_exists=True  tau=1.00 frames  tri/conf=4205
  lam=25.00  xi= 1.23 A (11 extrema)  3xi= 3.70  L/2=19.58  r_far= 7.00  far_exists=True  tau=1.03 frames  tri/conf=4486
  lam=27.00  xi= 1.06 A (13 extrema)  3xi= 3.17  L/2=19.58  r_far= 7.00  far_exists=True  tau=1.15 frames  tri/conf=5002

count-match cap (G-DOSE, on TRIANGLES): 3776 ordered triples/config

=== full count ===
   lam     p1    N_tri      share  floor_med      excess       p ceil_sharp      head  CF_ln2%   relsd%    minc     s3
 20.00  0.867 1.54e+05  2.274e-06  2.610e-06  -3.358e-07  0.5316    0.0015    0.0533   0.0003    312.3     756  3e-02
 20.50  0.852 1.57e+05  9.946e-07  2.728e-06  -1.733e-06  0.6910    0.0013    0.0535   0.0001    576.6     954  5e-02
 21.50  0.816 1.64e+05  3.731e-06  3.604e-06  +1.265e-07  0.4884    0.0016    0.0876   0.0005    214.7    1896  5e-02
 22.00  0.798 1.65e+05  5.172e-06  2.979e-06  +2.193e-06  0.3854    0.0018    0.1026   0.0007    174.0    2488  6e-02
 23.15  0.747 8.47e+05  7.273e-06  5.748e-07  +6.698e-06  0.0166    0.0019    0.1452   0.0010     58.1   22940  8e-02
 25.00  0.638 1.86e+05  1.584e-06  1.345e-06  +2.395e-07  0.4684    0.0025    0.2592   0.0002    354.1   13194  2e-01
 27.00  0.463 2.04e+05  5.228e-05  1.821e-06  +5.045e-05  0.0033    0.0040    0.4932   0.0075     43.8   21410  3e-01

=== matched count ===
   lam     p1    N_tri      share  floor_med      excess       p ceil_sharp      head  CF_ln2%   relsd%    minc     s3
 20.00  0.867 1.53e+05  1.369e-06  3.606e-06  -2.237e-06  0.6811    0.0015    0.0528   0.0002    458.2     752  3e-02
 20.50  0.852 1.54e+05  6.394e-07  3.022e-06  -2.382e-06  0.7674    0.0013    0.0534   0.0001    849.0     932  4e-02
 21.50  0.816 1.55e+05  3.734e-06  3.428e-06  +3.052e-07  0.4784    0.0015    0.0868   0.0005    222.6    1782  5e-02
 22.00  0.798 1.55e+05  6.944e-06  2.761e-06  +4.183e-06  0.2691    0.0018    0.1030   0.0010    151.4    2340  6e-02
 23.15  0.747 7.59e+05  7.445e-06  6.506e-07  +6.794e-06  0.0166    0.0020    0.1454   0.0011     60.8   20552  8e-02
 25.00  0.638 1.55e+05  6.583e-08  3.311e-06  -3.245e-06  0.9269    0.0025    0.2592   0.0000   7078.4   10914  2e-01
 27.00  0.463 1.55e+05  4.405e-05  3.174e-06  +4.087e-05  0.0100    0.0040    0.4962   0.0064     55.1   16203  2e-01

wrote /home/emoore/CIRISOntology/scratchpad/water_arm_a.json
